Archive member included because of file (symbol)

c:/freescale/kds_3.0.0/toolchain/bin/../lib/gcc/arm-none-eabi/4.8.4/../../../../arm-none-eabi/lib/armv7e-m/fpu\libg_s.a(lib_a-exit.o)
                              c:/freescale/kds_3.0.0/toolchain/bin/../lib/gcc/arm-none-eabi/4.8.4/../../../../arm-none-eabi/lib/armv7e-m/fpu/crt0.o (exit)
c:/freescale/kds_3.0.0/toolchain/bin/../lib/gcc/arm-none-eabi/4.8.4/../../../../arm-none-eabi/lib/armv7e-m/fpu\libg_s.a(lib_a-impure.o)
                              c:/freescale/kds_3.0.0/toolchain/bin/../lib/gcc/arm-none-eabi/4.8.4/../../../../arm-none-eabi/lib/armv7e-m/fpu\libg_s.a(lib_a-exit.o) (_global_impure_ptr)
c:/freescale/kds_3.0.0/toolchain/bin/../lib/gcc/arm-none-eabi/4.8.4/../../../../arm-none-eabi/lib/armv7e-m/fpu\libg_s.a(lib_a-init.o)
                              c:/freescale/kds_3.0.0/toolchain/bin/../lib/gcc/arm-none-eabi/4.8.4/../../../../arm-none-eabi/lib/armv7e-m/fpu/crt0.o (__libc_init_array)
c:/freescale/kds_3.0.0/toolchain/bin/../lib/gcc/arm-none-eabi/4.8.4/../../../../arm-none-eabi/lib/armv7e-m/fpu\libg_s.a(lib_a-memset.o)
                              c:/freescale/kds_3.0.0/toolchain/bin/../lib/gcc/arm-none-eabi/4.8.4/../../../../arm-none-eabi/lib/armv7e-m/fpu/crt0.o (memset)
c:/freescale/kds_3.0.0/toolchain/bin/../lib/gcc/arm-none-eabi/4.8.4/../../../../arm-none-eabi/lib/armv7e-m/fpu\libg_s.a(lib_a-strchr.o)
                              ./Generated_Code/UTIL1.o (strchr)
c:/freescale/kds_3.0.0/toolchain/bin/../lib/gcc/arm-none-eabi/4.8.4/../../../../arm-none-eabi/lib/armv7e-m/fpu\libg_s.a(lib_a-strlen.o)
                              ./Sources/stockage_information.o (strlen)
c:/freescale/kds_3.0.0/toolchain/bin/../lib/gcc/arm-none-eabi/4.8.4/../../../../arm-none-eabi/lib/armv7e-m/fpu\libg_s.a(lib_a-strncmp.o)
                              ./Generated_Code/UTIL1.o (strncmp)
c:/freescale/kds_3.0.0/toolchain/bin/../lib/gcc/arm-none-eabi/4.8.4/../../../../arm-none-eabi/lib/armv7e-m/fpu\libnosys.a(_exit.o)
                              c:/freescale/kds_3.0.0/toolchain/bin/../lib/gcc/arm-none-eabi/4.8.4/../../../../arm-none-eabi/lib/armv7e-m/fpu\libg_s.a(lib_a-exit.o) (_exit)

Allocating common symbols
Common symbol       size              file

ASerialLdd1_DeviceDataPtr
                    0x4               ./Generated_Code/Inhr1.o
chaine_stockee      0x19              ./Sources/stockage_information.o
registre            0x1               ./Sources/RTC.o
t2                  0x4               ./Sources/main.o
minute              0x1               ./Sources/main.o
heure               0x1               ./Sources/main.o
write_buf           0x30              ./Sources/main.o
seconde             0x1               ./Sources/main.o
t1                  0x4               ./Sources/main.o
SR_reg              0x1               ./Static_Code/System/CPU_Init.o
SMasterLdd1_DeviceDataPtr
                    0x4               ./Generated_Code/SPI0.o
caractere_lu        0x1               ./Sources/RTC.o

Discarded input sections

 .text          0x00000000        0x0 c:/freescale/kds_3.0.0/toolchain/bin/../lib/gcc/arm-none-eabi/4.8.4/armv7e-m/fpu/crti.o
 .data          0x00000000        0x0 c:/freescale/kds_3.0.0/toolchain/bin/../lib/gcc/arm-none-eabi/4.8.4/armv7e-m/fpu/crti.o
 .bss           0x00000000        0x0 c:/freescale/kds_3.0.0/toolchain/bin/../lib/gcc/arm-none-eabi/4.8.4/armv7e-m/fpu/crti.o
 .data          0x00000000        0x4 c:/freescale/kds_3.0.0/toolchain/bin/../lib/gcc/arm-none-eabi/4.8.4/armv7e-m/fpu/crtbegin.o
 .data          0x00000000        0x0 c:/freescale/kds_3.0.0/toolchain/bin/../lib/gcc/arm-none-eabi/4.8.4/../../../../arm-none-eabi/lib/armv7e-m/fpu/crt0.o
 .bss           0x00000000        0x0 c:/freescale/kds_3.0.0/toolchain/bin/../lib/gcc/arm-none-eabi/4.8.4/../../../../arm-none-eabi/lib/armv7e-m/fpu/crt0.o
 .ARM.extab     0x00000000        0x0 c:/freescale/kds_3.0.0/toolchain/bin/../lib/gcc/arm-none-eabi/4.8.4/../../../../arm-none-eabi/lib/armv7e-m/fpu/crt0.o
 .group         0x00000000        0x8 ./Static_Code/System/CPU_Init.o
 .group         0x00000000        0x8 ./Static_Code/System/CPU_Init.o
 .group         0x00000000        0x8 ./Static_Code/System/CPU_Init.o
 .group         0x00000000        0x8 ./Static_Code/System/CPU_Init.o
 .group         0x00000000        0x8 ./Static_Code/System/CPU_Init.o
 .group         0x00000000        0x8 ./Static_Code/System/CPU_Init.o
 .group         0x00000000        0x8 ./Static_Code/System/CPU_Init.o
 .group         0x00000000        0x8 ./Static_Code/System/CPU_Init.o
 .group         0x00000000        0x8 ./Static_Code/System/CPU_Init.o
 .group         0x00000000        0x8 ./Static_Code/System/CPU_Init.o
 .group         0x00000000        0x8 ./Static_Code/System/CPU_Init.o
 .group         0x00000000        0x8 ./Static_Code/System/CPU_Init.o
 .group         0x00000000        0x8 ./Static_Code/System/CPU_Init.o
[...]
Memory Configuration

Name             Origin             Length             Attributes
m_interrupts     0x00000000         0x00000198         xr
m_text           0x00000410         0x000ffbf0         xr
m_data_1FFF0000  0x1fff0000         0x00010000         rw
m_data           0x20000000         0x00030000         rw
m_cfmprotrom     0x00000400         0x00000010         xr
*default*        0x00000000         0xffffffff

Linker script and memory map

LOAD c:/freescale/kds_3.0.0/toolchain/bin/../lib/gcc/arm-none-eabi/4.8.4/armv7e-m/fpu/crti.o
LOAD c:/freescale/kds_3.0.0/toolchain/bin/../lib/gcc/arm-none-eabi/4.8.4/armv7e-m/fpu/crtbegin.o
LOAD c:/freescale/kds_3.0.0/toolchain/bin/../lib/gcc/arm-none-eabi/4.8.4/../../../../arm-none-eabi/lib/armv7e-m/fpu/crt0.o
LOAD ./Static_Code/System/CPU_Init.o
LOAD ./Static_Code/System/Peripherals_Init.o
LOAD ./Static_Code/System/Vectors.o
LOAD ./Sources/BB_Projet.o
LOAD ./Sources/Events.o
LOAD ./Sources/RTC.o
LOAD ./Sources/Temperature.o
LOAD ./Sources/alerteGSM.o
LOAD ./Sources/main.o
LOAD ./Sources/stockage_information.o
LOAD ./Project_Settings/Startup_Code/startup.o
LOAD ./Generated_Code/ASerialLdd1.o
LOAD ./Generated_Code/BitIoLdd1.o
LOAD ./Generated_Code/BitIoLdd2.o
LOAD ./Generated_Code/BitIoLdd3.o
LOAD ./Generated_Code/BitIoLdd4.o
LOAD ./Generated_Code/CD1.o
LOAD ./Generated_Code/CI2C1.o
LOAD ./Generated_Code/CS1.o
LOAD ./Generated_Code/CS_RTC.o
LOAD ./Generated_Code/CS_Thermocouple1.o
LOAD ./Generated_Code/CS_Thermocouple2.o
LOAD ./Generated_Code/Carte_microSD.o
LOAD ./Generated_Code/Cpu.o
LOAD ./Generated_Code/ExtIntLdd1.o
LOAD ./Generated_Code/FAT1.o
LOAD ./Generated_Code/FX1.o
LOAD ./Generated_Code/GI2C1.o
LOAD ./Generated_Code/Inhr1.o
LOAD ./Generated_Code/KBI1.o
LOAD ./Generated_Code/KeyISRpin1.o
LOAD ./Generated_Code/PE_LDD.o
LOAD ./Generated_Code/SM_micro_sd.o
LOAD ./Generated_Code/SMasterLdd1.o
LOAD ./Generated_Code/SPI0.o
LOAD ./Generated_Code/SS1.o
LOAD ./Generated_Code/TMOUT1.o
LOAD ./Generated_Code/TU1.o
LOAD ./Generated_Code/TU2.o
LOAD ./Generated_Code/TimerCarteSD.o
LOAD ./Generated_Code/TimerIntLdd1.o
LOAD ./Generated_Code/TimerIntLdd2.o
LOAD ./Generated_Code/TmDt1.o
LOAD ./Generated_Code/UTIL1.o
LOAD ./Generated_Code/WAIT1.o
LOAD ./Generated_Code/alimTel.o
LOAD ./Generated_Code/ff.o
LOAD ./Generated_Code/interruption_10s.o
LOAD ./Generated_Code/uart1.o
LOAD c:/freescale/kds_3.0.0/toolchain/bin/../lib/gcc/arm-none-eabi/4.8.4/../../../../arm-none-eabi/lib/armv7e-m/fpu\libstdc++_s.a
LOAD c:/freescale/kds_3.0.0/toolchain/bin/../lib/gcc/arm-none-eabi/4.8.4/../../../../arm-none-eabi/lib/armv7e-m/fpu\libm.a
START GROUP
LOAD c:/freescale/kds_3.0.0/toolchain/bin/../lib/gcc/arm-none-eabi/4.8.4/armv7e-m/fpu\libgcc.a
LOAD c:/freescale/kds_3.0.0/toolchain/bin/../lib/gcc/arm-none-eabi/4.8.4/../../../../arm-none-eabi/lib/armv7e-m/fpu\libg_s.a
LOAD c:/freescale/kds_3.0.0/toolchain/bin/../lib/gcc/arm-none-eabi/4.8.4/../../../../arm-none-eabi/lib/armv7e-m/fpu\libc_s.a
END GROUP
START GROUP
LOAD c:/freescale/kds_3.0.0/toolchain/bin/../lib/gcc/arm-none-eabi/4.8.4/armv7e-m/fpu\libgcc.a
LOAD c:/freescale/kds_3.0.0/toolchain/bin/../lib/gcc/arm-none-eabi/4.8.4/../../../../arm-none-eabi/lib/armv7e-m/fpu\libc_s.a
LOAD c:/freescale/kds_3.0.0/toolchain/bin/../lib/gcc/arm-none-eabi/4.8.4/../../../../arm-none-eabi/lib/armv7e-m/fpu\libnosys.a
END GROUP
START GROUP
LOAD c:/freescale/kds_3.0.0/toolchain/bin/../lib/gcc/arm-none-eabi/4.8.4/armv7e-m/fpu\libgcc.a
LOAD c:/freescale/kds_3.0.0/toolchain/bin/../lib/gcc/arm-none-eabi/4.8.4/../../../../arm-none-eabi/lib/armv7e-m/fpu\libc_s.a
LOAD c:/freescale/kds_3.0.0/toolchain/bin/../lib/gcc/arm-none-eabi/4.8.4/../../../../arm-none-eabi/lib/armv7e-m/fpu\libnosys.a
END GROUP
LOAD c:/freescale/kds_3.0.0/toolchain/bin/../lib/gcc/arm-none-eabi/4.8.4/armv7e-m/fpu/crtend.o
LOAD c:/freescale/kds_3.0.0/toolchain/bin/../lib/gcc/arm-none-eabi/4.8.4/armv7e-m/fpu/crtn.o
                0x20030000                _estack = 0x20030000
                0x20030000                __SP_INIT = _estack
                0x20030000                __stack = _estack
                0x00000000                __heap_size = 0x0
                0x00000400                __stack_size = 0x400

.interrupts     0x00000000      0x198
                0x00000000                __vector_table = .
                0x00000000                . = ALIGN (0x4)
 *(.vectortable)
 .vectortable   0x00000000      0x198 ./Static_Code/System/Vectors.o
                0x00000000                __vect_table
                0x00000198                . = ALIGN (0x4)

.cfmprotect     0x00000400       0x10
                0x00000400                . = ALIGN (0x4)
 *(.cfmconfig)
 .cfmconfig     0x00000400       0x10 ./Static_Code/System/CPU_Init.o
                0x00000400                _cfm
                0x00000410                . = ALIGN (0x4)

.text           0x00000410     0x7ac4
                0x00000410                . = ALIGN (0x4)
 *(.text)
 .text          0x00000410       0x54 c:/freescale/kds_3.0.0/toolchain/bin/../lib/gcc/arm-none-eabi/4.8.4/armv7e-m/fpu/crtbegin.o
 .text          0x00000464       0x74 c:/freescale/kds_3.0.0/toolchain/bin/../lib/gcc/arm-none-eabi/4.8.4/../../../../arm-none-eabi/lib/armv7e-m/fpu/crt0.o
                0x00000464                _start
                0x00000464                _mainCRTStartup
 *(.text*)
 .text.CPU_SetBASEPRI
                0x000004d8       0x18 ./Static_Code/System/CPU_Init.o
                0x000004d8                CPU_SetBASEPRI
 .text.__init_hardware
                0x000004f0       0x90 ./Static_Code/System/CPU_Init.o
                0x000004f0                __init_hardware
 .text.PE_low_level_init
                0x00000580       0x44 ./Static_Code/System/CPU_Init.o
                0x00000580                PE_low_level_init
 .text.CPU_GetClockGenMode
                0x000005c4       0x90 ./Static_Code/System/CPU_Init.o
                0x000005c4                CPU_GetClockGenMode
 .text.CPU_SetClockConfigGenMode
                0x00000654      0x54c ./Static_Code/System/CPU_Init.o
                0x00000654                CPU_SetClockConfigGenMode
 .text.UnhandledInterrupt
                0x00000ba0       0x18 ./Static_Code/System/Vectors.o
                0x00000ba0                UnhandledInterrupt
 .text.Cpu_OnNMI
                0x00000bb8        0xc ./Sources/Events.o
                0x00000bb8                Cpu_OnNMI
 .text.TimerCarteSD_OnInterrupt
                0x00000bc4        0xc ./Sources/Events.o
                0x00000bc4                TimerCarteSD_OnInterrupt
 .text.SM_micro_sd_OnBlockSent
                0x00000bd0       0x14 ./Sources/Events.o
                0x00000bd0                SM_micro_sd_OnBlockSent
 .text.SPI0_OnRxChar
                0x00000be4        0xc ./Sources/Events.o
                0x00000be4                SPI0_OnRxChar
 .text.SPI0_OnTxChar
                0x00000bf0        0xc ./Sources/Events.o
                0x00000bf0                SPI0_OnTxChar
 .text.SPI0_OnError
                0x00000bfc        0xc ./Sources/Events.o
                0x00000bfc                SPI0_OnError
 .text.interruption_10s_OnInterrupt
                0x00000c08       0x18 ./Sources/Events.o
                0x00000c08                interruption_10s_OnInterrupt
 .text.KBI1_OnInterrupt
                0x00000c20       0x18 ./Sources/Events.o
                0x00000c20                KBI1_OnInterrupt
 .text.lire_registre
                0x00000c38       0x68 ./Sources/RTC.o
                0x00000c38                lire_registre
 .text.ecrire_registre
                0x00000ca0       0x60 ./Sources/RTC.o
                0x00000ca0                ecrire_registre
 .text.lire_Date_Heure
                0x00000d00      0x1a4 ./Sources/RTC.o
                0x00000d00                lire_Date_Heure
 .text.Ecrire_Date_Heure
                0x00000ea4      0x1d4 ./Sources/RTC.o
                0x00000ea4                Ecrire_Date_Heure
 .text.init_alarme
                0x00001078       0x48 ./Sources/RTC.o
                0x00001078                init_alarme
 .text.Temperature1
                0x000010c0       0xbc ./Sources/Temperature.o
                0x000010c0                Temperature1
 .text.Temperature2
                0x0000117c       0xbc ./Sources/Temperature.o
                0x0000117c                Temperature2
 .text.IO_SPI   0x00001238       0x3c ./Sources/Temperature.o
                0x00001238                IO_SPI
 .text.Envoie_Alerte
                0x00001274       0x80 ./Sources/alerteGSM.o
                0x00001274                Envoie_Alerte
 .text.main     0x000012f4      0x130 ./Sources/main.o
                0x000012f4                main
 .text.Err      0x00001424        0x8 ./Sources/stockage_information.o
                0x00001424                Err
 .text.Ecrire_Tel
                0x0000142c       0xc4 ./Sources/stockage_information.o
                0x0000142c                Ecrire_Tel
 .text.Ecrire_Temperature
                0x000014f0      0x2b4 ./Sources/stockage_information.o
                0x000014f0                Ecrire_Temperature
 .text.Ecrire_Tmax
                0x000017a4      0x208 ./Sources/stockage_information.o
                0x000017a4                Ecrire_Tmax
 .text.Lire_Tmax
                0x000019ac       0xc4 ./Sources/stockage_information.o
                0x000019ac                Lire_Tmax
 .text.Lire_Tel
                0x00001a70       0xc4 ./Sources/stockage_information.o
                0x00001a70                Lire_Tel
 .text.__copy_rom_section
                0x00001b34       0xe4 ./Project_Settings/Startup_Code/startup.o
                0x00001b34                __copy_rom_section
 .text.__copy_rom_sections_to_ram
                0x00001c18       0x9c ./Project_Settings/Startup_Code/startup.o
                0x00001c18                __copy_rom_sections_to_ram
 .text.__init_registers
                0x00001cb4       0x20 ./Project_Settings/Startup_Code/startup.o
                0x00001cb4                __init_registers
 .text.__init_user
                0x00001cd4        0xc ./Project_Settings/Startup_Code/startup.o
                0x00001cd4                __init_user
 .text.__thumb_startup
                0x00001ce0       0x34 ./Project_Settings/Startup_Code/startup.o
                0x00001ce0                __thumb_startup
 .text.ASerialLdd1_Init
                0x00001d14      0x178 ./Generated_Code/ASerialLdd1.o
                0x00001d14                ASerialLdd1_Init
 .text.ASerialLdd1_ReceiveBlock
                0x00001e8c       0x48 ./Generated_Code/ASerialLdd1.o
                0x00001e8c                ASerialLdd1_ReceiveBlock
 .text.ASerialLdd1_SendBlock
                0x00001ed4       0x58 ./Generated_Code/ASerialLdd1.o
                0x00001ed4                ASerialLdd1_SendBlock
 .text.InterruptRx
                0x00001f2c       0x50 ./Generated_Code/ASerialLdd1.o
 .text.InterruptTx
                0x00001f7c       0x60 ./Generated_Code/ASerialLdd1.o
 .text.ASerialLdd1_Main
                0x00001fdc       0xd8 ./Generated_Code/ASerialLdd1.o
                0x00001fdc                ASerialLdd1_Main
 .text.BitIoLdd1_Init
                0x000020b4       0x80 ./Generated_Code/BitIoLdd1.o
                0x000020b4                BitIoLdd1_Init
 .text.BitIoLdd1_ClrVal
                0x00002134       0x1c ./Generated_Code/BitIoLdd1.o
                0x00002134                BitIoLdd1_ClrVal
 .text.BitIoLdd1_SetVal
                0x00002150       0x1c ./Generated_Code/BitIoLdd1.o
                0x00002150                BitIoLdd1_SetVal
 .text.BitIoLdd2_Init
                0x0000216c       0x80 ./Generated_Code/BitIoLdd2.o
                0x0000216c                BitIoLdd2_Init
 .text.BitIoLdd2_ClrVal
                0x000021ec       0x20 ./Generated_Code/BitIoLdd2.o
                0x000021ec                BitIoLdd2_ClrVal
 .text.BitIoLdd2_SetVal
                0x0000220c       0x20 ./Generated_Code/BitIoLdd2.o
                0x0000220c                BitIoLdd2_SetVal
 .text.BitIoLdd3_Init
                0x0000222c       0x80 ./Generated_Code/BitIoLdd3.o
                0x0000222c                BitIoLdd3_Init
 .text.BitIoLdd3_SetVal
                0x000022ac       0x20 ./Generated_Code/BitIoLdd3.o
                0x000022ac                BitIoLdd3_SetVal
 .text.BitIoLdd4_Init
                0x000022cc       0x80 ./Generated_Code/BitIoLdd4.o
                0x000022cc                BitIoLdd4_Init
 .text.BitIoLdd4_ClrVal
                0x0000234c       0x1c ./Generated_Code/BitIoLdd4.o
                0x0000234c                BitIoLdd4_ClrVal
 .text.BitIoLdd4_SetVal
                0x00002368       0x1c ./Generated_Code/BitIoLdd4.o
                0x00002368                BitIoLdd4_SetVal
 .text.CD1_Init
                0x00002384       0x80 ./Generated_Code/CD1.o
                0x00002384                CD1_Init
 .text.CI2C1_Interrupt
                0x00002404      0x288 ./Generated_Code/CI2C1.o
                0x00002404                CI2C1_Interrupt
 .text.CI2C1_Init
                0x0000268c      0x148 ./Generated_Code/CI2C1.o
                0x0000268c                CI2C1_Init
 .text.Carte_microSD_disk_initialize
                0x000027d4      0x154 ./Generated_Code/Carte_microSD.o
                0x000027d4                Carte_microSD_disk_initialize
 .text.Carte_microSD_disk_status
                0x00002928       0x20 ./Generated_Code/Carte_microSD.o
                0x00002928                Carte_microSD_disk_status
 .text.Carte_microSD_disk_read
                0x00002948       0xc0 ./Generated_Code/Carte_microSD.o
                0x00002948                Carte_microSD_disk_read
 .text.Carte_microSD_disk_write
                0x00002a08       0xf8 ./Generated_Code/Carte_microSD.o
                0x00002a08                Carte_microSD_disk_write
 .text.chk_power
                0x00002b00       0x10 ./Generated_Code/Carte_microSD.o
 .text.power_off
                0x00002b10        0xc ./Generated_Code/Carte_microSD.o
 .text.power_on
                0x00002b1c        0xc ./Generated_Code/Carte_microSD.o
 .text.Carte_microSD_disk_ioctl
                0x00002b28      0x3f0 ./Generated_Code/Carte_microSD.o
                0x00002b28                Carte_microSD_disk_ioctl
 .text.Carte_microSD_SPI_WRITE
                0x00002f18       0x4c ./Generated_Code/Carte_microSD.o
                0x00002f18                Carte_microSD_SPI_WRITE
 .text.Carte_microSD_SPI_WRITE_READ
                0x00002f64       0x4c ./Generated_Code/Carte_microSD.o
 .text.Carte_microSD_Activate
                0x00002fb0       0x18 ./Generated_Code/Carte_microSD.o
                0x00002fb0                Carte_microSD_Activate
 .text.Carte_microSD_Deactivate
                0x00002fc8       0x14 ./Generated_Code/Carte_microSD.o
                0x00002fc8                Carte_microSD_Deactivate
 .text.Carte_microSD_WaitReady
                0x00002fdc       0x60 ./Generated_Code/Carte_microSD.o
                0x00002fdc                Carte_microSD_WaitReady
 .text.Carte_microSD_ReceiveDataBlock
                0x0000303c       0xb8 ./Generated_Code/Carte_microSD.o
                0x0000303c                Carte_microSD_ReceiveDataBlock
 .text.Carte_microSD_SendDataBlock
                0x000030f4       0x8c ./Generated_Code/Carte_microSD.o
                0x000030f4                Carte_microSD_SendDataBlock
 .text.Carte_microSD_SendCmd
                0x00003180      0x100 ./Generated_Code/Carte_microSD.o
                0x00003180                Carte_microSD_SendCmd
 .text.SendCommand
                0x00003280       0x88 ./Generated_Code/Carte_microSD.o
 .text.Carte_microSD_Init
                0x00003308       0xc4 ./Generated_Code/Carte_microSD.o
                0x00003308                Carte_microSD_Init
 .text.Carte_microSD_ReceiveByte
                0x000033cc       0x24 ./Generated_Code/Carte_microSD.o
                0x000033cc                Carte_microSD_ReceiveByte
 .text.Carte_microSD_SetSlowMode
                0x000033f0       0x24 ./Generated_Code/Carte_microSD.o
                0x000033f0                Carte_microSD_SetSlowMode
 .text.Carte_microSD_SetFastMode
                0x00003414       0x24 ./Generated_Code/Carte_microSD.o
                0x00003414                Carte_microSD_SetFastMode
 .text.Carte_microSD_InitCommChannel
                0x00003438       0x1c ./Generated_Code/Carte_microSD.o
                0x00003438                Carte_microSD_InitCommChannel
 .text.SM_micro_sd_OnBlockReceived
                0x00003454       0x1c ./Generated_Code/Carte_microSD.o
                0x00003454                SM_micro_sd_OnBlockReceived
 .text.Components_Init
                0x00003470       0x58 ./Generated_Code/Cpu.o
                0x00003470                Components_Init
 .text.Cpu_INT_NMIInterrupt
                0x000034c8       0x1c ./Generated_Code/Cpu.o
                0x000034c8                Cpu_INT_NMIInterrupt
 .text.ExtIntLdd1_Init
                0x000034e4       0x98 ./Generated_Code/ExtIntLdd1.o
                0x000034e4                ExtIntLdd1_Init
 .text.ExtIntLdd1_Interrupt
                0x0000357c       0x40 ./Generated_Code/ExtIntLdd1.o
                0x0000357c                ExtIntLdd1_Interrupt
 .text.disk_initialize
                0x000035bc       0x28 ./Generated_Code/FAT1.o
                0x000035bc                disk_initialize
 .text.disk_status
                0x000035e4       0x28 ./Generated_Code/FAT1.o
                0x000035e4                disk_status
 .text.disk_read
                0x0000360c       0x34 ./Generated_Code/FAT1.o
                0x0000360c                disk_read
 .text.disk_write
                0x00003640       0x34 ./Generated_Code/FAT1.o
                0x00003640                disk_write
 .text.disk_ioctl
                0x00003674       0x34 ./Generated_Code/FAT1.o
                0x00003674                disk_ioctl
 .text.FAT1_Init
                0x000036a8       0x24 ./Generated_Code/FAT1.o
                0x000036a8                FAT1_Init
 .text.FAT1_get_fattime
                0x000036cc       0x60 ./Generated_Code/FAT1.o
                0x000036cc                FAT1_get_fattime
 .text.CI2C1_OnMasterBlockSent
                0x0000372c       0x28 ./Generated_Code/GI2C1.o
                0x0000372c                CI2C1_OnMasterBlockSent
 .text.CI2C1_OnMasterBlockReceived
                0x00003754       0x28 ./Generated_Code/GI2C1.o
                0x00003754                CI2C1_OnMasterBlockReceived
 .text.GI2C1_Init
                0x0000377c       0x20 ./Generated_Code/GI2C1.o
                0x0000377c                GI2C1_Init
 .text.HWEnDi   0x0000379c       0x1c ./Generated_Code/Inhr1.o
 .text.Inhr1_SendChar
                0x000037b8       0x5c ./Generated_Code/Inhr1.o
                0x000037b8                Inhr1_SendChar
 .text.Inhr1_Init
                0x00003814       0x24 ./Generated_Code/Inhr1.o
                0x00003814                Inhr1_Init
 .text.ASerialLdd1_OnBreak
                0x00003838       0x24 ./Generated_Code/Inhr1.o
                0x00003838                ASerialLdd1_OnBreak
 .text.KeyISRpin1_OnInterrupt
                0x0000385c        0xc ./Generated_Code/KBI1.o
                0x0000385c                KeyISRpin1_OnInterrupt
 .text.ExtIntLdd1_OnInterrupt
                0x00003868       0x14 ./Generated_Code/KeyISRpin1.o
                0x00003868                ExtIntLdd1_OnInterrupt
 .text.SM_micro_sd_Init
                0x0000387c      0x138 ./Generated_Code/SM_micro_sd.o
                0x0000387c                SM_micro_sd_Init
 .text.SM_micro_sd_ReceiveBlock
                0x000039b4       0x80 ./Generated_Code/SM_micro_sd.o
                0x000039b4                SM_micro_sd_ReceiveBlock
 .text.SM_micro_sd_SendBlock
                0x00003a34       0x90 ./Generated_Code/SM_micro_sd.o
                0x00003a34                SM_micro_sd_SendBlock
 .text.SM_micro_sd_SelectConfiguration
                0x00003ac4       0x88 ./Generated_Code/SM_micro_sd.o
                0x00003ac4                SM_micro_sd_SelectConfiguration
 .text.SM_micro_sd_Interrupt
                0x00003b4c      0x10c ./Generated_Code/SM_micro_sd.o
                0x00003b4c                SM_micro_sd_Interrupt
 .text.SMasterLdd1_Init
                0x00003c58      0x130 ./Generated_Code/SMasterLdd1.o
                0x00003c58                SMasterLdd1_Init
 .text.SMasterLdd1_Enable
                0x00003d88       0x28 ./Generated_Code/SMasterLdd1.o
                0x00003d88                SMasterLdd1_Enable
 .text.SMasterLdd1_Disable
                0x00003db0       0x28 ./Generated_Code/SMasterLdd1.o
                0x00003db0                SMasterLdd1_Disable
 .text.SMasterLdd1_ReceiveBlock
                0x00003dd8       0x8c ./Generated_Code/SMasterLdd1.o
                0x00003dd8                SMasterLdd1_ReceiveBlock
 .text.SMasterLdd1_SendBlock
                0x00003e64       0x9c ./Generated_Code/SMasterLdd1.o
                0x00003e64                SMasterLdd1_SendBlock
 .text.SMasterLdd1_SelectConfiguration
                0x00003f00       0x94 ./Generated_Code/SMasterLdd1.o
                0x00003f00                SMasterLdd1_SelectConfiguration
 .text.SMasterLdd1_Interrupt
                0x00003f94      0x10c ./Generated_Code/SMasterLdd1.o
                0x00003f94                SMasterLdd1_Interrupt
 .text.HWEnDi   0x000040a0       0x8c ./Generated_Code/SMasterLdd1.o
 .text.HWEnDi   0x0000412c       0x88 ./Generated_Code/SPI0.o
 .text.SPI0_RecvChar
                0x000041b4       0x9c ./Generated_Code/SPI0.o
                0x000041b4                SPI0_RecvChar
 .text.SPI0_SendChar
                0x00004250       0x98 ./Generated_Code/SPI0.o
                0x00004250                SPI0_SendChar
 .text.SPI0_SetShiftClockPolarity
                0x000042e8       0xbc ./Generated_Code/SPI0.o
                0x000042e8                SPI0_SetShiftClockPolarity
 .text.SPI0_SetIdleClockPolarity
                0x000043a4       0xac ./Generated_Code/SPI0.o
                0x000043a4                SPI0_SetIdleClockPolarity
 .text.SPI0_Init
                0x00004450       0x4c ./Generated_Code/SPI0.o
                0x00004450                SPI0_Init
 .text.SMasterLdd1_OnBlockReceived
                0x0000449c       0x80 ./Generated_Code/SPI0.o
                0x0000449c                SMasterLdd1_OnBlockReceived
 .text.SMasterLdd1_OnBlockSent
                0x0000451c       0x24 ./Generated_Code/SPI0.o
                0x0000451c                SMasterLdd1_OnBlockSent
 .text.SS1_Init
                0x00004540       0x80 ./Generated_Code/SS1.o
                0x00004540                SS1_Init
 .text.SS1_ClrVal
                0x000045c0       0x1c ./Generated_Code/SS1.o
                0x000045c0                SS1_ClrVal
 .text.SS1_SetVal
                0x000045dc       0x1c ./Generated_Code/SS1.o
                0x000045dc                SS1_SetVal
 .text.TMOUT1_GetCounter
                0x000045f8       0x78 ./Generated_Code/TMOUT1.o
                0x000045f8                TMOUT1_GetCounter
 .text.TMOUT1_LeaveCounter
                0x00004670       0x44 ./Generated_Code/TMOUT1.o
                0x00004670                TMOUT1_LeaveCounter
 .text.TMOUT1_CounterExpired
                0x000046b4       0x4c ./Generated_Code/TMOUT1.o
                0x000046b4                TMOUT1_CounterExpired
 .text.TMOUT1_Init
                0x00004700       0x3c ./Generated_Code/TMOUT1.o
                0x00004700                TMOUT1_Init
 .text.TU1_Init
                0x0000473c       0xf8 ./Generated_Code/TU1.o
                0x0000473c                TU1_Init
 .text.TU1_Interrupt
                0x00004834       0x6c ./Generated_Code/TU1.o
                0x00004834                TU1_Interrupt
 .text.TU2_Init
                0x000048a0       0xd4 ./Generated_Code/TU2.o
                0x000048a0                TU2_Init
 .text.TU2_Interrupt
                0x00004974       0x6c ./Generated_Code/TU2.o
                0x00004974                TU2_Interrupt
 .text.TimerIntLdd1_OnInterrupt
                0x000049e0       0x14 ./Generated_Code/TimerCarteSD.o
                0x000049e0                TimerIntLdd1_OnInterrupt
 .text.TimerIntLdd1_Init
                0x000049f4       0x50 ./Generated_Code/TimerIntLdd1.o
                0x000049f4                TimerIntLdd1_Init
 .text.TU1_OnCounterRestart
                0x00004a44       0x24 ./Generated_Code/TimerIntLdd1.o
                0x00004a44                TU1_OnCounterRestart
 .text.TimerIntLdd2_Init
                0x00004a68       0x50 ./Generated_Code/TimerIntLdd2.o
                0x00004a68                TimerIntLdd2_Init
 .text.TU2_OnCounterRestart
                0x00004ab8       0x24 ./Generated_Code/TimerIntLdd2.o
                0x00004ab8                TU2_OnCounterRestart
 .text.TmDt1_SetTime
                0x00004adc       0x6c ./Generated_Code/TmDt1.o
                0x00004adc                TmDt1_SetTime
 .text.TmDt1_AddTick
                0x00004b48       0xf0 ./Generated_Code/TmDt1.o
                0x00004b48                TmDt1_AddTick
 .text.TmDt1_GetTime
                0x00004c38       0x38 ./Generated_Code/TmDt1.o
                0x00004c38                TmDt1_GetTime
 .text.TmDt1_SetDate
                0x00004c70       0xac ./Generated_Code/TmDt1.o
                0x00004c70                TmDt1_SetDate
 .text.TmDt1_GetDate
                0x00004d1c       0x48 ./Generated_Code/TmDt1.o
                0x00004d1c                TmDt1_GetDate
 .text.TmDt1_Init
                0x00004d64       0x20 ./Generated_Code/TmDt1.o
                0x00004d64                TmDt1_Init
 .text.TmDt1_TicksToTime
                0x00004d84       0xb8 ./Generated_Code/TmDt1.o
                0x00004d84                TmDt1_TicksToTime
 .text.TmDt1_TimeToTicks
                0x00004e3c       0x50 ./Generated_Code/TmDt1.o
                0x00004e3c                TmDt1_TimeToTicks
 .text.UTIL1_strcpy
                0x00004e8c       0x48 ./Generated_Code/UTIL1.o
                0x00004e8c                UTIL1_strcpy
 .text.UTIL1_strcat
                0x00004ed4       0x64 ./Generated_Code/UTIL1.o
                0x00004ed4                UTIL1_strcat
 .text.UTIL1_chcat
                0x00004f38       0x50 ./Generated_Code/UTIL1.o
                0x00004f38                UTIL1_chcat
 .text.UTIL1_Num8uToStr
                0x00004f88       0x24 ./Generated_Code/UTIL1.o
                0x00004f88                UTIL1_Num8uToStr
 .text.UTIL1_Num16uToStr
                0x00004fac       0xe8 ./Generated_Code/UTIL1.o
                0x00004fac                UTIL1_Num16uToStr
 .text.UTIL1_Num16sToStr
                0x00005094      0x144 ./Generated_Code/UTIL1.o
                0x00005094                UTIL1_Num16sToStr
 .text.UTIL1_strcatNum8u
                0x000051d8       0x34 ./Generated_Code/UTIL1.o
                0x000051d8                UTIL1_strcatNum8u
 .text.UTIL1_strcatNum16u
                0x0000520c       0x34 ./Generated_Code/UTIL1.o
                0x0000520c                UTIL1_strcatNum16u
 .text.UTIL1_strcatNum16s
                0x00005240       0x34 ./Generated_Code/UTIL1.o
                0x00005240                UTIL1_strcatNum16s
 .text.WAIT1_Wait10Cycles
                0x00005274        0x8 ./Generated_Code/WAIT1.o
                0x00005274                WAIT1_Wait10Cycles
 .text.WAIT1_Wait100Cycles
                0x0000527c       0x1c ./Generated_Code/WAIT1.o
                0x0000527c                WAIT1_Wait100Cycles
 .text.WAIT1_WaitCycles
                0x00005298       0x34 ./Generated_Code/WAIT1.o
                0x00005298                WAIT1_WaitCycles
 .text.WAIT1_WaitLongCycles
                0x000052cc       0x38 ./Generated_Code/WAIT1.o
                0x000052cc                WAIT1_WaitLongCycles
 .text.WAIT1_Waitms
                0x00005304       0x2c ./Generated_Code/WAIT1.o
                0x00005304                WAIT1_Waitms
 .text.mem_cpy  0x00005330       0x3c ./Generated_Code/ff.o
 .text.mem_set  0x0000536c       0x34 ./Generated_Code/ff.o
 .text.mem_cmp  0x000053a0       0x50 ./Generated_Code/ff.o
 .text.chk_chr  0x000053f0       0x38 ./Generated_Code/ff.o
 .text.sync_window
                0x00005428       0x8c ./Generated_Code/ff.o
 .text.move_window
                0x000054b4       0x5c ./Generated_Code/ff.o
 .text.sync_fs  0x00005510      0x14c ./Generated_Code/ff.o
 .text.clust2sect
                0x0000565c       0x3c ./Generated_Code/ff.o
                0x0000565c                clust2sect
 .text.get_fat  0x00005698      0x168 ./Generated_Code/ff.o
                0x00005698                get_fat
 .text.put_fat  0x00005800      0x208 ./Generated_Code/ff.o
                0x00005800                put_fat
 .text.remove_chain
                0x00005a08       0xa4 ./Generated_Code/ff.o
 .text.create_chain
                0x00005aac      0x12c ./Generated_Code/ff.o
 .text.clmt_clust
                0x00005bd8       0x68 ./Generated_Code/ff.o
 .text.dir_sdi  0x00005c40      0x100 ./Generated_Code/ff.o
 .text.dir_next
                0x00005d40      0x1a8 ./Generated_Code/ff.o
 .text.dir_alloc
                0x00005ee8       0x8c ./Generated_Code/ff.o
 .text.ld_clust
                0x00005f74       0x58 ./Generated_Code/ff.o
 .text.st_clust
                0x00005fcc       0x4c ./Generated_Code/ff.o
 .text.dir_find
                0x00006018       0x94 ./Generated_Code/ff.o
 .text.dir_register
                0x000060ac       0x68 ./Generated_Code/ff.o
 .text.create_name
                0x00006114      0x1f4 ./Generated_Code/ff.o
 .text.follow_path
                0x00006308      0x108 ./Generated_Code/ff.o
 .text.get_ldnumber
                0x00006410       0x90 ./Generated_Code/ff.o
 .text.check_fs
                0x000064a0       0xc0 ./Generated_Code/ff.o
 .text.find_volume
                0x00006560      0x560 ./Generated_Code/ff.o
 .text.validate
                0x00006ac0       0x5c ./Generated_Code/ff.o
 .text.f_mount  0x00006b1c       0x88 ./Generated_Code/ff.o
                0x00006b1c                f_mount
 .text.f_open   0x00006ba4      0x28c ./Generated_Code/ff.o
                0x00006ba4                f_open
 .text.f_read   0x00006e30      0x290 ./Generated_Code/ff.o
                0x00006e30                f_read
 .text.f_write  0x000070c0      0x2f8 ./Generated_Code/ff.o
                0x000070c0                f_write
 .text.f_sync   0x000073b8      0x158 ./Generated_Code/ff.o
                0x000073b8                f_sync
 .text.f_close  0x00007510       0x38 ./Generated_Code/ff.o
                0x00007510                f_close
 .text.f_lseek  0x00007548      0x434 ./Generated_Code/ff.o
                0x00007548                f_lseek
 .text.TimerIntLdd2_OnInterrupt
                0x0000797c       0x14 ./Generated_Code/interruption_10s.o
                0x0000797c                TimerIntLdd2_OnInterrupt
 .text.uart1_SendChar
                0x00007990       0x20 ./Generated_Code/uart1.o
                0x00007990                uart1_SendChar
 .text.uart1_CRLF
                0x000079b0       0x24 ./Generated_Code/uart1.o
                0x000079b0                uart1_CRLF
 .text.uart1_SendStr
                0x000079d4       0x34 ./Generated_Code/uart1.o
                0x000079d4                uart1_SendStr
 .text.LongToStr
                0x00007a08       0xf4 ./Generated_Code/uart1.o
 .text.uart1_SendNum
                0x00007afc       0x54 ./Generated_Code/uart1.o
                0x00007afc                uart1_SendNum
 .text.exit     0x00007b50       0x28 c:/freescale/kds_3.0.0/toolchain/bin/../lib/gcc/arm-none-eabi/4.8.4/../../../../arm-none-eabi/lib/armv7e-m/fpu\libg_s.a(lib_a-exit.o)
                0x00007b50                exit
 .text.__libc_init_array
                0x00007b78       0x4c c:/freescale/kds_3.0.0/toolchain/bin/../lib/gcc/arm-none-eabi/4.8.4/../../../../arm-none-eabi/lib/armv7e-m/fpu\libg_s.a(lib_a-init.o)
                0x00007b78                __libc_init_array
 .text.memset   0x00007bc4       0x10 c:/freescale/kds_3.0.0/toolchain/bin/../lib/gcc/arm-none-eabi/4.8.4/../../../../arm-none-eabi/lib/armv7e-m/fpu\libg_s.a(lib_a-memset.o)
                0x00007bc4                memset
 .text.strlen   0x00007bd4       0x10 c:/freescale/kds_3.0.0/toolchain/bin/../lib/gcc/arm-none-eabi/4.8.4/../../../../arm-none-eabi/lib/armv7e-m/fpu\libg_s.a(lib_a-strlen.o)
                0x00007bd4                strlen
 .text._exit    0x00007be4        0x4 c:/freescale/kds_3.0.0/toolchain/bin/../lib/gcc/arm-none-eabi/4.8.4/../../../../arm-none-eabi/lib/armv7e-m/fpu\libnosys.a(_exit.o)
                0x00007be4                _exit
 *(.rodata)
 .rodata        0x00007be8       0x58 ./Sources/alerteGSM.o
 .rodata        0x00007c40        0x8 ./Sources/main.o
 .rodata        0x00007c48       0x4c ./Sources/stockage_information.o
 .rodata        0x00007c94       0x18 ./Generated_Code/UTIL1.o
 .rodata        0x00007cac       0x44 ./Generated_Code/ff.o
 *(.rodata*)
 .rodata.ClockGenModeMatrix
                0x00007cf0       0x80 ./Static_Code/System/CPU_Init.o
 .rodata.CPU_ClockConfigDescriptors
                0x00007d70       0x1c ./Static_Code/System/CPU_Init.o
 .rodata.CPU_DefaultFEI
                0x00007d8c        0x8 ./Static_Code/System/CPU_Init.o
 .rodata.CPU_DefaultFBI
                0x00007d94        0x8 ./Static_Code/System/CPU_Init.o
 .rodata.CPU_DefaultBLPI
                0x00007d9c        0x8 ./Static_Code/System/CPU_Init.o
 .rodata.CPU_DefaultFEE
                0x00007da4        0x8 ./Static_Code/System/CPU_Init.o
 .rodata.CPU_DefaultFBE
                0x00007dac        0x8 ./Static_Code/System/CPU_Init.o
 .rodata.CPU_DefaultBLPE
                0x00007db4        0x8 ./Static_Code/System/CPU_Init.o
 .rodata.CPU_DefaultPBE
                0x00007dbc        0x8 ./Static_Code/System/CPU_Init.o
 .rodata.CPU_DefaultPEE
                0x00007dc4        0x8 ./Static_Code/System/CPU_Init.o
 .rodata.CPU_ClockGenModeRegs
                0x00007dcc       0x20 ./Static_Code/System/CPU_Init.o
 .rodata.ConfigurationSet
                0x00007dec        0x8 ./Generated_Code/SM_micro_sd.o
 .rodata.TxCommandList
                0x00007df4        0x8 ./Generated_Code/SM_micro_sd.o
 .rodata.ConfigurationSet
                0x00007dfc       0x10 ./Generated_Code/SMasterLdd1.o
 .rodata.TxCommandList
                0x00007e0c       0x10 ./Generated_Code/SMasterLdd1.o
 .rodata.ULY    0x00007e1c        0xc ./Generated_Code/TmDt1.o
 .rodata.LY     0x00007e28        0xc ./Generated_Code/TmDt1.o
 .rodata.ExCvt  0x00007e34       0x80 ./Generated_Code/ff.o
 .rodata.str1.1
                0x00007eb4        0x2 c:/freescale/kds_3.0.0/toolchain/bin/../lib/gcc/arm-none-eabi/4.8.4/../../../../arm-none-eabi/lib/armv7e-m/fpu\libg_s.a(lib_a-impure.o)
 *fill*         0x00007eb6        0x2 
 .rodata._global_impure_ptr
                0x00007eb8        0x4 c:/freescale/kds_3.0.0/toolchain/bin/../lib/gcc/arm-none-eabi/4.8.4/../../../../arm-none-eabi/lib/armv7e-m/fpu\libg_s.a(lib_a-impure.o)
                0x00007eb8                _global_impure_ptr
 *(.glue_7)
 .glue_7        0x00000000        0x0 linker stubs
 *(.glue_7t)
 .glue_7t       0x00000000        0x0 linker stubs
 *(.eh_frame)
 .eh_frame      0x00007ebc        0x0 c:/freescale/kds_3.0.0/toolchain/bin/../lib/gcc/arm-none-eabi/4.8.4/armv7e-m/fpu/crtbegin.o
 *(.init)
 .init          0x00007ebc        0x4 c:/freescale/kds_3.0.0/toolchain/bin/../lib/gcc/arm-none-eabi/4.8.4/armv7e-m/fpu/crti.o
                0x00007ebc                _init
 .init          0x00007ec0        0x8 c:/freescale/kds_3.0.0/toolchain/bin/../lib/gcc/arm-none-eabi/4.8.4/armv7e-m/fpu/crtn.o
 *(.fini)
 .fini          0x00007ec8        0x4 c:/freescale/kds_3.0.0/toolchain/bin/../lib/gcc/arm-none-eabi/4.8.4/armv7e-m/fpu/crti.o
                0x00007ec8                _fini
 .fini          0x00007ecc        0x8 c:/freescale/kds_3.0.0/toolchain/bin/../lib/gcc/arm-none-eabi/4.8.4/armv7e-m/fpu/crtn.o
                0x00007ed4                . = ALIGN (0x4)
                0x00007ed4                _etext = .

.vfp11_veneer   0x00007ed4        0x0
 .vfp11_veneer  0x00000000        0x0 linker stubs

.v4_bx          0x00007ed4        0x0
 .v4_bx         0x00000000        0x0 linker stubs

.iplt           0x00007ed4        0x0
 .iplt          0x00000000        0x0 c:/freescale/kds_3.0.0/toolchain/bin/../lib/gcc/arm-none-eabi/4.8.4/armv7e-m/fpu/crtbegin.o

.ARM.extab
 *(.ARM.extab* .gnu.linkonce.armextab.*)

.ARM            0x00007ed4        0x8
                0x00007ed4                __exidx_start = .
 *(.ARM.exidx*)
 .ARM.exidx     0x00007ed4        0x8 c:/freescale/kds_3.0.0/toolchain/bin/../lib/gcc/arm-none-eabi/4.8.4/../../../../arm-none-eabi/lib/armv7e-m/fpu/crt0.o
                0x00007edc                __exidx_end = .

.rel.dyn        0x00007edc        0x0
 .rel.iplt      0x00000000        0x0 c:/freescale/kds_3.0.0/toolchain/bin/../lib/gcc/arm-none-eabi/4.8.4/armv7e-m/fpu/crtbegin.o

.ctors          0x00007edc        0x0
                0x00007edc                __CTOR_LIST__ = .
 *crtbegin.o(.ctors)
 *(EXCLUDE_FILE(*crtend.o) .ctors)
 *(SORT(.ctors.*))
 *(.ctors)
                0x00007edc                __CTOR_END__ = .

.dtors          0x00007edc        0x0
                0x00007edc                __DTOR_LIST__ = .
 *crtbegin.o(.dtors)
 *(EXCLUDE_FILE(*crtend.o) .dtors)
 *(SORT(.dtors.*))
 *(.dtors)
                0x00007edc                __DTOR_END__ = .

.preinit_array  0x00007edc        0x0
                0x00007edc                PROVIDE (__preinit_array_start, .)
 *(.preinit_array*)
                0x00007edc                PROVIDE (__preinit_array_end, .)

.init_array     0x00007edc        0x4
                0x00007edc                PROVIDE (__init_array_start, .)
 *(SORT(.init_array.*))
 *(.init_array*)
 .init_array    0x00007edc        0x4 c:/freescale/kds_3.0.0/toolchain/bin/../lib/gcc/arm-none-eabi/4.8.4/armv7e-m/fpu/crtbegin.o
                0x00007ee0                PROVIDE (__init_array_end, .)

.fini_array     0x00007ee0        0x4
                0x00007ee0                PROVIDE (__fini_array_start, .)
 *(SORT(.fini_array.*))
 *(.fini_array*)
 .fini_array    0x00007ee0        0x4 c:/freescale/kds_3.0.0/toolchain/bin/../lib/gcc/arm-none-eabi/4.8.4/armv7e-m/fpu/crtbegin.o
                0x00007ee4                PROVIDE (__fini_array_end, .)
                0x00007ee4                ___ROM_AT = .

.data           0x20000000       0x80 load address 0x00007ee4
                0x20000000                . = ALIGN (0x4)
                0x20000000                _sdata = .
 *(.data)
 *(.data*)
 .data.jour     0x20000000        0x1 ./Sources/main.o
                0x20000000                jour
 .data.mois     0x20000001        0x1 ./Sources/main.o
                0x20000001                mois
 .data.an       0x20000002        0x1 ./Sources/main.o
                0x20000002                an
 *fill*         0x20000003        0x1 
 .data.tel1     0x20000004       0x10 ./Sources/main.o
                0x20000004                tel1
 .data.t1m      0x20000014        0x4 ./Sources/main.o
                0x20000014                t1m
 .data.t2m      0x20000018        0x4 ./Sources/main.o
                0x20000018                t2m
 .data.Stat     0x2000001c        0x1 ./Generated_Code/Carte_microSD.o
 .data.CardType
                0x2000001d        0x1 ./Generated_Code/Carte_microSD.o
 *fill*         0x2000001e        0x2 
 .data.impure_data
                0x20000020       0x60 c:/freescale/kds_3.0.0/toolchain/bin/../lib/gcc/arm-none-eabi/4.8.4/../../../../arm-none-eabi/lib/armv7e-m/fpu\libg_s.a(lib_a-impure.o)
                0x20000080                . = ALIGN (0x4)
                0x20000080                _edata = .
                0x00000080                ___data_size = (_edata - _sdata)
                0x00007f64                ___m_data_1FFF0000_ROMStart = (___ROM_AT + SIZEOF (.data))

.jcr            0x20000080        0x0 load address 0x00007f64
 .jcr           0x20000080        0x0 c:/freescale/kds_3.0.0/toolchain/bin/../lib/gcc/arm-none-eabi/4.8.4/armv7e-m/fpu/crtbegin.o

.igot.plt       0x20000080        0x0 load address 0x00007f64
 .igot.plt      0x00000000        0x0 c:/freescale/kds_3.0.0/toolchain/bin/../lib/gcc/arm-none-eabi/4.8.4/armv7e-m/fpu/crtbegin.o

.m_data_1FFF0000
                0x1fff0000        0x0 load address 0x00007f64
                0x1fff0000                . = ALIGN (0x4)
                0x1fff0000                ___m_data_1FFF0000_RAMStart = .
 *(.m_data_1FFF0000)
                0x1fff0000                ___m_data_1FFF0000_RAMEnd = .
                0x1fff0000                . = ALIGN (0x4)
                0x00000000                ___m_data_1FFF0000_ROMSize = (___m_data_1FFF0000_RAMEnd - ___m_data_1FFF0000_RAMStart)
                0x1fff0000                . = ALIGN (0x4)

.bss            0x20000080      0x610 load address 0x00007f64
                0x20000080                __START_BSS = .
                0x20000080                PROVIDE (__bss_start__, __START_BSS)
 *(.bss)
 .bss           0x20000080       0x1c c:/freescale/kds_3.0.0/toolchain/bin/../lib/gcc/arm-none-eabi/4.8.4/armv7e-m/fpu/crtbegin.o
 *(.bss*)
 .bss.SR_lock   0x2000009c        0x1 ./Static_Code/System/CPU_Init.o
                0x2000009c                SR_lock
 .bss.int_10s   0x2000009d        0x1 ./Sources/main.o
                0x2000009d                int_10s
 .bss.int_1j    0x2000009e        0x1 ./Sources/main.o
                0x2000009e                int_1j
 *fill*         0x2000009f        0x1 
 .bss.fileSystemObject
                0x200000a0      0x234 ./Sources/stockage_information.o
 .bss.fp        0x200002d4      0x228 ./Sources/stockage_information.o
 .bss.DeviceDataPrv__DEFAULT_RTOS_ALLOC
                0x200004fc       0x20 ./Generated_Code/ASerialLdd1.o
 .bss.DeviceDataPrv__DEFAULT_RTOS_ALLOC
                0x2000051c        0x4 ./Generated_Code/BitIoLdd1.o
 .bss.DeviceDataPrv__DEFAULT_RTOS_ALLOC
                0x20000520        0x4 ./Generated_Code/BitIoLdd2.o
 .bss.DeviceDataPrv__DEFAULT_RTOS_ALLOC
                0x20000524        0x4 ./Generated_Code/BitIoLdd3.o
 .bss.DeviceDataPrv__DEFAULT_RTOS_ALLOC
                0x20000528        0x4 ./Generated_Code/BitIoLdd4.o
 .bss.DeviceDataPrv__DEFAULT_RTOS_ALLOC
                0x2000052c        0x4 ./Generated_Code/CD1.o
 .bss.DeviceDataPrv__DEFAULT_RTOS_ALLOC
                0x20000530       0x18 ./Generated_Code/CI2C1.o
 .bss.INT_I2C0__DEFAULT_RTOS_ISRPARAM
                0x20000548        0x4 ./Generated_Code/CI2C1.o
 .bss.speedMode
                0x2000054c        0x1 ./Generated_Code/Carte_microSD.o
 .bss.Carte_microSD_DataReceivedFlag
                0x2000054d        0x1 ./Generated_Code/Carte_microSD.o
 *fill*         0x2000054e        0x2 
 .bss.DeviceDataPrv__DEFAULT_RTOS_ALLOC
                0x20000550        0x4 ./Generated_Code/ExtIntLdd1.o
 .bss.INT_PORTC__DEFAULT_RTOS_ISRPARAM
                0x20000554        0x4 ./Generated_Code/ExtIntLdd1.o
 .bss.GI2C1_deviceData
                0x20000558        0x8 ./Generated_Code/GI2C1.o
 .bss.SerFlag   0x20000560        0x2 ./Generated_Code/Inhr1.o
 .bss.BufferRead
                0x20000562        0x1 ./Generated_Code/Inhr1.o
 .bss.OutBuffer
                0x20000563        0x1 ./Generated_Code/Inhr1.o
 .bss.PE_LDD_DeviceDataList
                0x20000564       0x3c ./Generated_Code/PE_LDD.o
                0x20000564                PE_LDD_DeviceDataList
 .bss.DeviceDataPrv__DEFAULT_RTOS_ALLOC
                0x200005a0       0x20 ./Generated_Code/SM_micro_sd.o
 .bss.INT_SPI1__DEFAULT_RTOS_ISRPARAM
                0x200005c0        0x4 ./Generated_Code/SM_micro_sd.o
 .bss.DeviceDataPrv__DEFAULT_RTOS_ALLOC
                0x200005c4       0x24 ./Generated_Code/SMasterLdd1.o
 .bss.INT_SPI0__DEFAULT_RTOS_ISRPARAM
                0x200005e8        0x4 ./Generated_Code/SMasterLdd1.o
 .bss.EnUser    0x200005ec        0x1 ./Generated_Code/SPI0.o
 .bss.SerFlag   0x200005ed        0x1 ./Generated_Code/SPI0.o
 .bss.ErrFlag   0x200005ee        0x1 ./Generated_Code/SPI0.o
 .bss.BufferRead
                0x200005ef        0x1 ./Generated_Code/SPI0.o
 .bss.OutBuffer
                0x200005f0        0x1 ./Generated_Code/SPI0.o
 .bss.SpiClockfeatures
                0x200005f1        0x1 ./Generated_Code/SPI0.o
 .bss.SetAttributeCmd
                0x200005f2        0x1 ./Generated_Code/SPI0.o
 *fill*         0x200005f3        0x1 
 .bss.DeviceDataPrv__DEFAULT_RTOS_ALLOC
                0x200005f4        0x4 ./Generated_Code/SS1.o
 .bss.TMOUT1_Counters
                0x200005f8        0x4 ./Generated_Code/TMOUT1.o
 .bss.TMOUT1_FreeCounters
                0x200005fc        0x4 ./Generated_Code/TMOUT1.o
 .bss.DeviceDataPrv__DEFAULT_RTOS_ALLOC
                0x20000600        0xc ./Generated_Code/TU1.o
 .bss.INT_FTM0__DEFAULT_RTOS_ISRPARAM
                0x2000060c        0x4 ./Generated_Code/TU1.o
 .bss.DeviceDataPrv__DEFAULT_RTOS_ALLOC
                0x20000610        0xc ./Generated_Code/TU2.o
 .bss.INT_FTM1__DEFAULT_RTOS_ISRPARAM
                0x2000061c        0x4 ./Generated_Code/TU2.o
 .bss.DeviceDataPrv__DEFAULT_RTOS_ALLOC
                0x20000620        0xc ./Generated_Code/TimerIntLdd1.o
 .bss.DeviceDataPrv__DEFAULT_RTOS_ALLOC
                0x2000062c        0xc ./Generated_Code/TimerIntLdd2.o
 .bss.CntDay    0x20000638        0x1 ./Generated_Code/TmDt1.o
 .bss.CntMonth  0x20000639        0x1 ./Generated_Code/TmDt1.o
 .bss.CntYear   0x2000063a        0x2 ./Generated_Code/TmDt1.o
 .bss.tickCntr  0x2000063c        0x4 ./Generated_Code/TmDt1.o
 .bss.FatFs     0x20000640        0x4 ./Generated_Code/ff.o
 .bss.Fsid      0x20000644        0x2 ./Generated_Code/ff.o
 *(COMMON)
 COMMON         0x20000646        0x1 ./Static_Code/System/CPU_Init.o
                0x20000646                SR_reg
 *fill*         0x20000647        0x1 
 COMMON         0x20000648       0x40 ./Sources/main.o
                0x20000648                t2
                0x2000064c                minute
                0x2000064d                heure
                0x20000650                write_buf
                0x20000680                seconde
                0x20000684                t1
 COMMON         0x20000688        0x4 ./Generated_Code/Inhr1.o
                0x20000688                ASerialLdd1_DeviceDataPtr
 COMMON         0x2000068c        0x4 ./Generated_Code/SPI0.o
                0x2000068c                SMasterLdd1_DeviceDataPtr
                0x20000690                . = ALIGN (0x4)
                0x20000690                __END_BSS = .
                0x20000690                PROVIDE (__bss_end__, __END_BSS)
                0x00007f64                _romp_at = ((___ROM_AT + SIZEOF (.data)) + SIZEOF (.m_data_1FFF0000))

.romp           0x20000690       0x24 load address 0x00007f64
                0x00007f64                __S_romp = _romp_at
                0x20000690        0x4 LONG 0x7ee4 ___ROM_AT
                0x20000694        0x4 LONG 0x20000000 _sdata
                0x20000698        0x4 LONG 0x80 ___data_size
                0x2000069c        0x4 LONG 0x7f64 ___m_data_1FFF0000_ROMStart
                0x200006a0        0x4 LONG 0x1fff0000 ___m_data_1FFF0000_RAMStart
                0x200006a4        0x4 LONG 0x0 ___m_data_1FFF0000_ROMSize
                0x200006a8        0x4 LONG 0x0
                0x200006ac        0x4 LONG 0x0
                0x200006b0        0x4 LONG 0x0

._user_heap_stack
                0x200006b4      0x400 load address 0x00007f88
                0x200006b4                . = ALIGN (0x4)
                0x200006b4                PROVIDE (end, .)
                0x200006b4                PROVIDE (_end, .)
                0x200006b4                __heap_addr = .
                0x200006b4                __HeapBase = .
                0x200006b4                . = (. + __heap_size)
                0x200006b4                __HeapLimit = .
                0x20000ab4                . = (. + __stack_size)
 *fill*         0x200006b4      0x400 
                0x20000ab4                . = ALIGN (0x4)

.ARM.attributes
                0x00000000       0x30
 *(.ARM.attributes)
 .ARM.attributes
                0x00000000       0x22 c:/freescale/kds_3.0.0/toolchain/bin/../lib/gcc/arm-none-eabi/4.8.4/armv7e-m/fpu/crti.o
 .ARM.attributes
                0x00000022       0x34 c:/freescale/kds_3.0.0/toolchain/bin/../lib/gcc/arm-none-eabi/4.8.4/armv7e-m/fpu/crtbegin.o
 .ARM.attributes
                0x00000056       0x20 c:/freescale/kds_3.0.0/toolchain/bin/../lib/gcc/arm-none-eabi/4.8.4/../../../../arm-none-eabi/lib/armv7e-m/fpu/crt0.o
 .ARM.attributes
                0x00000076       0x39 ./Static_Code/System/CPU_Init.o
 .ARM.attributes
                0x000000af       0x39 ./Static_Code/System/Vectors.o
 .ARM.attributes
                0x000000e8       0x39 ./Sources/Events.o
 .ARM.attributes
                0x00000121       0x39 ./Sources/RTC.o
 .ARM.attributes
                0x0000015a       0x39 ./Sources/Temperature.o
 .ARM.attributes
                0x00000193       0x39 ./Sources/alerteGSM.o
 .ARM.attributes
                0x000001cc       0x39 ./Sources/main.o
 .ARM.attributes
                0x00000205       0x39 ./Sources/stockage_information.o
 .ARM.attributes
                0x0000023e       0x39 ./Project_Settings/Startup_Code/startup.o
 .ARM.attributes
                0x00000277       0x39 ./Generated_Code/ASerialLdd1.o
 .ARM.attributes
                0x000002b0       0x39 ./Generated_Code/BitIoLdd1.o
 .ARM.attributes
                0x000002e9       0x39 ./Generated_Code/BitIoLdd2.o
 .ARM.attributes
                0x00000322       0x39 ./Generated_Code/BitIoLdd3.o
 .ARM.attributes
                0x0000035b       0x39 ./Generated_Code/BitIoLdd4.o
 .ARM.attributes
                0x00000394       0x39 ./Generated_Code/CD1.o
 .ARM.attributes
                0x000003cd       0x39 ./Generated_Code/CI2C1.o
 .ARM.attributes
                0x00000406       0x39 ./Generated_Code/Carte_microSD.o
 .ARM.attributes
                0x0000043f       0x39 ./Generated_Code/Cpu.o
 .ARM.attributes
                0x00000478       0x39 ./Generated_Code/ExtIntLdd1.o
 .ARM.attributes
                0x000004b1       0x39 ./Generated_Code/FAT1.o
 .ARM.attributes
                0x000004ea       0x39 ./Generated_Code/GI2C1.o
 .ARM.attributes
                0x00000523       0x39 ./Generated_Code/Inhr1.o
 .ARM.attributes
                0x0000055c       0x39 ./Generated_Code/KBI1.o
 .ARM.attributes
                0x00000595       0x39 ./Generated_Code/KeyISRpin1.o
 .ARM.attributes
                0x000005ce       0x39 ./Generated_Code/PE_LDD.o
 .ARM.attributes
                0x00000607       0x39 ./Generated_Code/SM_micro_sd.o
 .ARM.attributes
                0x00000640       0x39 ./Generated_Code/SMasterLdd1.o
 .ARM.attributes
                0x00000679       0x39 ./Generated_Code/SPI0.o
 .ARM.attributes
                0x000006b2       0x39 ./Generated_Code/SS1.o
 .ARM.attributes
                0x000006eb       0x39 ./Generated_Code/TMOUT1.o
 .ARM.attributes
                0x00000724       0x39 ./Generated_Code/TU1.o
 .ARM.attributes
                0x0000075d       0x39 ./Generated_Code/TU2.o
 .ARM.attributes
                0x00000796       0x39 ./Generated_Code/TimerCarteSD.o
 .ARM.attributes
                0x000007cf       0x39 ./Generated_Code/TimerIntLdd1.o
 .ARM.attributes
                0x00000808       0x39 ./Generated_Code/TimerIntLdd2.o
 .ARM.attributes
                0x00000841       0x39 ./Generated_Code/TmDt1.o
 .ARM.attributes
                0x0000087a       0x39 ./Generated_Code/UTIL1.o
 .ARM.attributes
                0x000008b3       0x39 ./Generated_Code/WAIT1.o
 .ARM.attributes
                0x000008ec       0x39 ./Generated_Code/ff.o
 .ARM.attributes
                0x00000925       0x39 ./Generated_Code/interruption_10s.o
 .ARM.attributes
                0x0000095e       0x39 ./Generated_Code/uart1.o
 .ARM.attributes
                0x00000997       0x34 c:/freescale/kds_3.0.0/toolchain/bin/../lib/gcc/arm-none-eabi/4.8.4/../../../../arm-none-eabi/lib/armv7e-m/fpu\libg_s.a(lib_a-exit.o)
 .ARM.attributes
                0x000009cb       0x34 c:/freescale/kds_3.0.0/toolchain/bin/../lib/gcc/arm-none-eabi/4.8.4/../../../../arm-none-eabi/lib/armv7e-m/fpu\libg_s.a(lib_a-impure.o)
 .ARM.attributes
                0x000009ff       0x34 c:/freescale/kds_3.0.0/toolchain/bin/../lib/gcc/arm-none-eabi/4.8.4/../../../../arm-none-eabi/lib/armv7e-m/fpu\libg_s.a(lib_a-init.o)
 .ARM.attributes
                0x00000a33       0x34 c:/freescale/kds_3.0.0/toolchain/bin/../lib/gcc/arm-none-eabi/4.8.4/../../../../arm-none-eabi/lib/armv7e-m/fpu\libg_s.a(lib_a-memset.o)
 .ARM.attributes
                0x00000a67       0x34 c:/freescale/kds_3.0.0/toolchain/bin/../lib/gcc/arm-none-eabi/4.8.4/../../../../arm-none-eabi/lib/armv7e-m/fpu\libg_s.a(lib_a-strlen.o)
 .ARM.attributes
                0x00000a9b       0x34 c:/freescale/kds_3.0.0/toolchain/bin/../lib/gcc/arm-none-eabi/4.8.4/../../../../arm-none-eabi/lib/armv7e-m/fpu\libnosys.a(_exit.o)
 .ARM.attributes
                0x00000acf       0x22 c:/freescale/kds_3.0.0/toolchain/bin/../lib/gcc/arm-none-eabi/4.8.4/armv7e-m/fpu/crtn.o
OUTPUT(cartesd.elf elf32-littlearm)

.debug_info     0x00000000     0xe341
 .debug_info    0x00000000      0xa9b ./Static_Code/System/CPU_Init.o
 .debug_info    0x00000a9b      0x826 ./Static_Code/System/Vectors.o
 .debug_info    0x000012c1      0x163 ./Sources/Events.o
 .debug_info    0x00001424      0x48f ./Sources/RTC.o
 .debug_info    0x000018b3      0x200 ./Sources/Temperature.o
 .debug_info    0x00001ab3       0xd1 ./Sources/alerteGSM.o
 .debug_info    0x00001b84      0x4dd ./Sources/main.o
 .debug_info    0x00002061      0x7f0 ./Sources/stockage_information.o
 .debug_info    0x00002851      0x3b0 ./Project_Settings/Startup_Code/startup.o
 .debug_info    0x00002c01      0x860 ./Generated_Code/ASerialLdd1.o
 .debug_info    0x00003461      0x511 ./Generated_Code/BitIoLdd1.o
 .debug_info    0x00003972      0x511 ./Generated_Code/BitIoLdd2.o
 .debug_info    0x00003e83      0x511 ./Generated_Code/BitIoLdd3.o
 .debug_info    0x00004394      0x511 ./Generated_Code/BitIoLdd4.o
 .debug_info    0x000048a5      0x537 ./Generated_Code/CD1.o
 .debug_info    0x00004ddc      0x8a2 ./Generated_Code/CI2C1.o
 .debug_info    0x0000567e      0x76c ./Generated_Code/Carte_microSD.o
 .debug_info    0x00005dea       0xa7 ./Generated_Code/Cpu.o
 .debug_info    0x00005e91      0x644 ./Generated_Code/ExtIntLdd1.o
 .debug_info    0x000064d5      0x51e ./Generated_Code/FAT1.o
 .debug_info    0x000069f3      0x5d9 ./Generated_Code/GI2C1.o
 .debug_info    0x00006fcc      0x20b ./Generated_Code/Inhr1.o
 .debug_info    0x000071d7       0xfb ./Generated_Code/KBI1.o
 .debug_info    0x000072d2       0xb2 ./Generated_Code/KeyISRpin1.o
 .debug_info    0x00007384      0x251 ./Generated_Code/PE_LDD.o
 .debug_info    0x000075d5      0x8eb ./Generated_Code/SM_micro_sd.o
 .debug_info    0x00007ec0      0x956 ./Generated_Code/SMasterLdd1.o
 .debug_info    0x00008816      0x3f6 ./Generated_Code/SPI0.o
 .debug_info    0x00008c0c      0x537 ./Generated_Code/SS1.o
 .debug_info    0x00009143      0x2c1 ./Generated_Code/TMOUT1.o
 .debug_info    0x00009404      0x647 ./Generated_Code/TU1.o
 .debug_info    0x00009a4b      0x647 ./Generated_Code/TU2.o
 .debug_info    0x0000a092       0xb2 ./Generated_Code/TimerCarteSD.o
 .debug_info    0x0000a144      0x177 ./Generated_Code/TimerIntLdd1.o
 .debug_info    0x0000a2bb      0x177 ./Generated_Code/TimerIntLdd2.o
 .debug_info    0x0000a432      0x43e ./Generated_Code/TmDt1.o
 .debug_info    0x0000a870     0x16c3 ./Generated_Code/UTIL1.o
 .debug_info    0x0000bf33      0x148 ./Generated_Code/WAIT1.o
 .debug_info    0x0000c07b     0x1f5a ./Generated_Code/ff.o
 .debug_info    0x0000dfd5       0xb2 ./Generated_Code/interruption_10s.o
 .debug_info    0x0000e087      0x2ba ./Generated_Code/uart1.o

.debug_abbrev   0x00000000     0x33db
 .debug_abbrev  0x00000000      0x1bf ./Static_Code/System/CPU_Init.o
 .debug_abbrev  0x000001bf       0xd8 ./Static_Code/System/Vectors.o
 .debug_abbrev  0x00000297       0xab ./Sources/Events.o
 .debug_abbrev  0x00000342      0x13c ./Sources/RTC.o
 .debug_abbrev  0x0000047e       0xc7 ./Sources/Temperature.o
 .debug_abbrev  0x00000545       0x70 ./Sources/alerteGSM.o
 .debug_abbrev  0x000005b5      0x14b ./Sources/main.o
 .debug_abbrev  0x00000700      0x1de ./Sources/stockage_information.o
 .debug_abbrev  0x000008de      0x189 ./Project_Settings/Startup_Code/startup.o
 .debug_abbrev  0x00000a67      0x1c3 ./Generated_Code/ASerialLdd1.o
 .debug_abbrev  0x00000c2a      0x15d ./Generated_Code/BitIoLdd1.o
 .debug_abbrev  0x00000d87      0x15d ./Generated_Code/BitIoLdd2.o
 .debug_abbrev  0x00000ee4      0x15d ./Generated_Code/BitIoLdd3.o
 .debug_abbrev  0x00001041      0x15d ./Generated_Code/BitIoLdd4.o
 .debug_abbrev  0x0000119e      0x186 ./Generated_Code/CD1.o
 .debug_abbrev  0x00001324      0x1a5 ./Generated_Code/CI2C1.o
 .debug_abbrev  0x000014c9      0x235 ./Generated_Code/Carte_microSD.o
 .debug_abbrev  0x000016fe       0x45 ./Generated_Code/Cpu.o
 .debug_abbrev  0x00001743      0x177 ./Generated_Code/ExtIntLdd1.o
 .debug_abbrev  0x000018ba      0x15b ./Generated_Code/FAT1.o
 .debug_abbrev  0x00001a15      0x1eb ./Generated_Code/GI2C1.o
 .debug_abbrev  0x00001c00      0x117 ./Generated_Code/Inhr1.o
 .debug_abbrev  0x00001d17       0x9f ./Generated_Code/KBI1.o
 .debug_abbrev  0x00001db6       0x68 ./Generated_Code/KeyISRpin1.o
 .debug_abbrev  0x00001e1e      0x10d ./Generated_Code/PE_LDD.o
 .debug_abbrev  0x00001f2b      0x1e4 ./Generated_Code/SM_micro_sd.o
 .debug_abbrev  0x0000210f      0x1fe ./Generated_Code/SMasterLdd1.o
 .debug_abbrev  0x0000230d      0x1e6 ./Generated_Code/SPI0.o
 .debug_abbrev  0x000024f3      0x186 ./Generated_Code/SS1.o
 .debug_abbrev  0x00002679       0xaf ./Generated_Code/TMOUT1.o
 .debug_abbrev  0x00002728      0x16a ./Generated_Code/TU1.o
 .debug_abbrev  0x00002892      0x16a ./Generated_Code/TU2.o
 .debug_abbrev  0x000029fc       0x68 ./Generated_Code/TimerCarteSD.o
 .debug_abbrev  0x00002a64       0xdd ./Generated_Code/TimerIntLdd1.o
 .debug_abbrev  0x00002b41       0xdd ./Generated_Code/TimerIntLdd2.o
 .debug_abbrev  0x00002c1e      0x199 ./Generated_Code/TmDt1.o
 .debug_abbrev  0x00002db7      0x1b6 ./Generated_Code/UTIL1.o
 .debug_abbrev  0x00002f6d       0xb1 ./Generated_Code/WAIT1.o
 .debug_abbrev  0x0000301e      0x21c ./Generated_Code/ff.o
 .debug_abbrev  0x0000323a       0x68 ./Generated_Code/interruption_10s.o
 .debug_abbrev  0x000032a2      0x139 ./Generated_Code/uart1.o

.debug_aranges  0x00000000     0x1168
 .debug_aranges
                0x00000000       0x40 ./Static_Code/System/CPU_Init.o
 .debug_aranges
                0x00000040      0x340 ./Static_Code/System/Vectors.o
 .debug_aranges
                0x00000380       0x58 ./Sources/Events.o
 .debug_aranges
                0x000003d8       0x40 ./Sources/RTC.o
 .debug_aranges
                0x00000418       0x30 ./Sources/Temperature.o
 .debug_aranges
                0x00000448       0x20 ./Sources/alerteGSM.o
 .debug_aranges
                0x00000468       0x20 ./Sources/main.o
 .debug_aranges
                0x00000488       0x50 ./Sources/stockage_information.o
 .debug_aranges
                0x000004d8       0x50 ./Project_Settings/Startup_Code/startup.o
 .debug_aranges
                0x00000528       0x58 ./Generated_Code/ASerialLdd1.o
 .debug_aranges
                0x00000580       0x40 ./Generated_Code/BitIoLdd1.o
 .debug_aranges
                0x000005c0       0x40 ./Generated_Code/BitIoLdd2.o
 .debug_aranges
                0x00000600       0x40 ./Generated_Code/BitIoLdd3.o
 .debug_aranges
                0x00000640       0x40 ./Generated_Code/BitIoLdd4.o
 .debug_aranges
                0x00000680       0x48 ./Generated_Code/CD1.o
 .debug_aranges
                0x000006c8       0x48 ./Generated_Code/CI2C1.o
 .debug_aranges
                0x00000710       0xd8 ./Generated_Code/Carte_microSD.o
 .debug_aranges
                0x000007e8       0x28 ./Generated_Code/Cpu.o
 .debug_aranges
                0x00000810       0x40 ./Generated_Code/ExtIntLdd1.o
 .debug_aranges
                0x00000850       0x78 ./Generated_Code/FAT1.o
 .debug_aranges
                0x000008c8       0xa0 ./Generated_Code/GI2C1.o
 .debug_aranges
                0x00000968       0x48 ./Generated_Code/Inhr1.o
 .debug_aranges
                0x000009b0       0x38 ./Generated_Code/KBI1.o
 .debug_aranges
                0x000009e8       0x20 ./Generated_Code/KeyISRpin1.o
 .debug_aranges
                0x00000a08       0x30 ./Generated_Code/PE_LDD.o
 .debug_aranges
                0x00000a38       0x48 ./Generated_Code/SM_micro_sd.o
 .debug_aranges
                0x00000a80       0x58 ./Generated_Code/SMasterLdd1.o
 .debug_aranges
                0x00000ad8       0x70 ./Generated_Code/SPI0.o
 .debug_aranges
                0x00000b48       0x48 ./Generated_Code/SS1.o
 .debug_aranges
                0x00000b90       0x50 ./Generated_Code/TMOUT1.o
 .debug_aranges
                0x00000be0       0x28 ./Generated_Code/TU1.o
 .debug_aranges
                0x00000c08       0x28 ./Generated_Code/TU2.o
 .debug_aranges
                0x00000c30       0x20 ./Generated_Code/TimerCarteSD.o
 .debug_aranges
                0x00000c50       0x28 ./Generated_Code/TimerIntLdd1.o
 .debug_aranges
                0x00000c78       0x28 ./Generated_Code/TimerIntLdd2.o
 .debug_aranges
                0x00000ca0       0x68 ./Generated_Code/TmDt1.o
 .debug_aranges
                0x00000d08      0x1c8 ./Generated_Code/UTIL1.o
 .debug_aranges
                0x00000ed0       0x40 ./Generated_Code/WAIT1.o
 .debug_aranges
                0x00000f10      0x1d0 ./Generated_Code/ff.o
 .debug_aranges
                0x000010e0       0x20 ./Generated_Code/interruption_10s.o
 .debug_aranges
                0x00001100       0x68 ./Generated_Code/uart1.o

.debug_ranges   0x00000000      0xef0
 .debug_ranges  0x00000000       0x30 ./Static_Code/System/CPU_Init.o
 .debug_ranges  0x00000030      0x330 ./Static_Code/System/Vectors.o
 .debug_ranges  0x00000360       0x48 ./Sources/Events.o
 .debug_ranges  0x000003a8       0x30 ./Sources/RTC.o
 .debug_ranges  0x000003d8       0x20 ./Sources/Temperature.o
 .debug_ranges  0x000003f8       0x10 ./Sources/alerteGSM.o
 .debug_ranges  0x00000408       0x10 ./Sources/main.o
 .debug_ranges  0x00000418       0x40 ./Sources/stockage_information.o
 .debug_ranges  0x00000458       0x40 ./Project_Settings/Startup_Code/startup.o
 .debug_ranges  0x00000498       0x48 ./Generated_Code/ASerialLdd1.o
 .debug_ranges  0x000004e0       0x30 ./Generated_Code/BitIoLdd1.o
 .debug_ranges  0x00000510       0x30 ./Generated_Code/BitIoLdd2.o
 .debug_ranges  0x00000540       0x30 ./Generated_Code/BitIoLdd3.o
 .debug_ranges  0x00000570       0x30 ./Generated_Code/BitIoLdd4.o
 .debug_ranges  0x000005a0       0x38 ./Generated_Code/CD1.o
 .debug_ranges  0x000005d8       0x38 ./Generated_Code/CI2C1.o
 .debug_ranges  0x00000610       0xc8 ./Generated_Code/Carte_microSD.o
 .debug_ranges  0x000006d8       0x18 ./Generated_Code/Cpu.o
 .debug_ranges  0x000006f0       0x30 ./Generated_Code/ExtIntLdd1.o
 .debug_ranges  0x00000720       0x68 ./Generated_Code/FAT1.o
 .debug_ranges  0x00000788       0x90 ./Generated_Code/GI2C1.o
 .debug_ranges  0x00000818       0x38 ./Generated_Code/Inhr1.o
 .debug_ranges  0x00000850       0x28 ./Generated_Code/KBI1.o
 .debug_ranges  0x00000878       0x10 ./Generated_Code/KeyISRpin1.o
 .debug_ranges  0x00000888       0x20 ./Generated_Code/PE_LDD.o
 .debug_ranges  0x000008a8       0x38 ./Generated_Code/SM_micro_sd.o
 .debug_ranges  0x000008e0       0x48 ./Generated_Code/SMasterLdd1.o
 .debug_ranges  0x00000928       0x60 ./Generated_Code/SPI0.o
 .debug_ranges  0x00000988       0x38 ./Generated_Code/SS1.o
 .debug_ranges  0x000009c0       0x40 ./Generated_Code/TMOUT1.o
 .debug_ranges  0x00000a00       0x18 ./Generated_Code/TU1.o
 .debug_ranges  0x00000a18       0x18 ./Generated_Code/TU2.o
 .debug_ranges  0x00000a30       0x10 ./Generated_Code/TimerCarteSD.o
 .debug_ranges  0x00000a40       0x18 ./Generated_Code/TimerIntLdd1.o
 .debug_ranges  0x00000a58       0x18 ./Generated_Code/TimerIntLdd2.o
 .debug_ranges  0x00000a70       0x58 ./Generated_Code/TmDt1.o
 .debug_ranges  0x00000ac8      0x1b8 ./Generated_Code/UTIL1.o
 .debug_ranges  0x00000c80       0x30 ./Generated_Code/WAIT1.o
 .debug_ranges  0x00000cb0      0x1d8 ./Generated_Code/ff.o
 .debug_ranges  0x00000e88       0x10 ./Generated_Code/interruption_10s.o
 .debug_ranges  0x00000e98       0x58 ./Generated_Code/uart1.o

.debug_macro    0x00000000    0x36417
 .debug_macro   0x00000000      0x43e ./Static_Code/System/CPU_Init.o
 .debug_macro   0x0000043e      0x850 ./Static_Code/System/CPU_Init.o
 .debug_macro   0x00000c8e       0x16 ./Static_Code/System/CPU_Init.o
 .debug_macro   0x00000ca4       0x44 ./Static_Code/System/CPU_Init.o
 .debug_macro   0x00000ce8      0x209 ./Static_Code/System/CPU_Init.o
 .debug_macro   0x00000ef1     0x17d7 ./Static_Code/System/CPU_Init.o
 .debug_macro   0x000026c8    0x110ae ./Static_Code/System/CPU_Init.o
 .debug_macro   0x00013776      0x4b1 ./Static_Code/System/CPU_Init.o
 .debug_macro   0x00013c27      0x14e ./Static_Code/System/CPU_Init.o
 .debug_macro   0x00013d75       0x6a ./Static_Code/System/CPU_Init.o
 .debug_macro   0x00013ddf       0x58 ./Static_Code/System/CPU_Init.o
 .debug_macro   0x00013e37       0x35 ./Static_Code/System/CPU_Init.o
 .debug_macro   0x00013e6c       0xa3 ./Static_Code/System/CPU_Init.o
 .debug_macro   0x00013f0f       0x16 ./Static_Code/System/CPU_Init.o
 .debug_macro   0x00013f25       0x52 ./Static_Code/System/CPU_Init.o
 .debug_macro   0x00013f77       0x94 ./Static_Code/System/CPU_Init.o
 .debug_macro   0x0001400b      0x642 ./Static_Code/System/CPU_Init.o
 .debug_macro   0x0001464d       0x51 ./Static_Code/System/CPU_Init.o
 .debug_macro   0x0001469e      0x132 ./Static_Code/System/CPU_Init.o
 .debug_macro   0x000147d0       0x46 ./Static_Code/System/CPU_Init.o
 .debug_macro   0x00014816       0x4c ./Static_Code/System/CPU_Init.o
 .debug_macro   0x00014862       0x3d ./Static_Code/System/CPU_Init.o
 .debug_macro   0x0001489f       0x2e ./Static_Code/System/CPU_Init.o
 .debug_macro   0x000148cd       0x1c ./Static_Code/System/CPU_Init.o
 .debug_macro   0x000148e9       0x1c ./Static_Code/System/CPU_Init.o
 .debug_macro   0x00014905       0xe4 ./Static_Code/System/CPU_Init.o
 .debug_macro   0x000149e9       0xd6 ./Static_Code/System/CPU_Init.o
 .debug_macro   0x00014abf       0xeb ./Static_Code/System/CPU_Init.o
 .debug_macro   0x00014baa       0x1c ./Static_Code/System/CPU_Init.o
 .debug_macro   0x00014bc6      0x166 ./Static_Code/System/CPU_Init.o
 .debug_macro   0x00014d2c       0x52 ./Static_Code/System/CPU_Init.o
 .debug_macro   0x00014d7e       0x16 ./Static_Code/System/CPU_Init.o
 .debug_macro   0x00014d94       0x43 ./Static_Code/System/CPU_Init.o
 .debug_macro   0x00014dd7      0x180 ./Static_Code/System/CPU_Init.o
 .debug_macro   0x00014f57      0x2a6 ./Static_Code/System/CPU_Init.o
 .debug_macro   0x000151fd       0x10 ./Static_Code/System/CPU_Init.o
 .debug_macro   0x0001520d       0x35 ./Static_Code/System/CPU_Init.o
 .debug_macro   0x00015242       0x19 ./Static_Code/System/CPU_Init.o
 .debug_macro   0x0001525b       0xf4 ./Static_Code/System/CPU_Init.o
 .debug_macro   0x0001534f       0xe4 ./Static_Code/System/CPU_Init.o
 .debug_macro   0x00015433      0x6a6 ./Static_Code/System/CPU_Init.o
 .debug_macro   0x00015ad9       0x4a ./Static_Code/System/CPU_Init.o
 .debug_macro   0x00015b23       0x1c ./Static_Code/System/CPU_Init.o
 .debug_macro   0x00015b3f       0x43 ./Static_Code/System/CPU_Init.o
 .debug_macro   0x00015b82       0x16 ./Static_Code/System/CPU_Init.o
 .debug_macro   0x00015b98       0xaf ./Static_Code/System/CPU_Init.o
 .debug_macro   0x00015c47       0x58 ./Static_Code/System/CPU_Init.o
 .debug_macro   0x00015c9f       0x18 ./Static_Code/System/CPU_Init.o
 .debug_macro   0x00015cb7       0x46 ./Static_Code/System/CPU_Init.o
 .debug_macro   0x00015cfd       0x1f ./Static_Code/System/CPU_Init.o
 .debug_macro   0x00015d1c       0x46 ./Static_Code/System/CPU_Init.o
 .debug_macro   0x00015d62       0x1f ./Static_Code/System/CPU_Init.o
 .debug_macro   0x00015d81       0x5d ./Static_Code/System/CPU_Init.o
 .debug_macro   0x00015dde       0x11 ./Static_Code/System/CPU_Init.o
 .debug_macro   0x00015def       0x46 ./Static_Code/System/CPU_Init.o
 .debug_macro   0x00015e35       0x1f ./Static_Code/System/CPU_Init.o
 .debug_macro   0x00015e54       0x46 ./Static_Code/System/CPU_Init.o
 .debug_macro   0x00015e9a       0x1f ./Static_Code/System/CPU_Init.o
 .debug_macro   0x00015eb9      0x4ea ./Static_Code/System/CPU_Init.o
 .debug_macro   0x000163a3       0x3a ./Static_Code/System/CPU_Init.o
 .debug_macro   0x000163dd       0x17 ./Static_Code/System/CPU_Init.o
 .debug_macro   0x000163f4       0x50 ./Static_Code/System/CPU_Init.o
 .debug_macro   0x00016444       0x1c ./Static_Code/System/CPU_Init.o
 .debug_macro   0x00016460       0x4c ./Static_Code/System/CPU_Init.o
 .debug_macro   0x000164ac      0x2b4 ./Static_Code/System/CPU_Init.o
 .debug_macro   0x00016760      0x42c ./Static_Code/System/Vectors.o
 .debug_macro   0x00016b8c      0x531 ./Sources/Events.o
 .debug_macro   0x000170bd      0x61c ./Sources/Events.o
 .debug_macro   0x000176d9      0x625 ./Sources/Events.o
 .debug_macro   0x00017cfe      0x328 ./Sources/Events.o
 .debug_macro   0x00018026      0x1e9 ./Sources/Events.o
 .debug_macro   0x0001820f      0x109 ./Sources/Events.o
 .debug_macro   0x00018318      0x17f ./Sources/Events.o
 .debug_macro   0x00018497      0x202 ./Sources/Events.o
 .debug_macro   0x00018699      0x91e ./Sources/Events.o
 .debug_macro   0x00018fb7      0x585 ./Sources/Events.o
 .debug_macro   0x0001953c       0x9e ./Sources/Events.o
 .debug_macro   0x000195da      0x1f9 ./Sources/Events.o
 .debug_macro   0x000197d3      0x50f ./Sources/Events.o
 .debug_macro   0x00019ce2      0x29c ./Sources/Events.o
 .debug_macro   0x00019f7e      0x264 ./Sources/Events.o
 .debug_macro   0x0001a1e2      0x25b ./Sources/Events.o
 .debug_macro   0x0001a43d      0x4f1 ./Sources/Events.o
 .debug_macro   0x0001a92e      0x13f ./Sources/Events.o
 .debug_macro   0x0001aa6d       0x6c ./Sources/Events.o
 .debug_macro   0x0001aad9      0x30d ./Sources/Events.o
 .debug_macro   0x0001ade6       0xbb ./Sources/Events.o
 .debug_macro   0x0001aea1       0xe9 ./Sources/Events.o
 .debug_macro   0x0001af8a      0x18f ./Sources/Events.o
 .debug_macro   0x0001b119       0xea ./Sources/Events.o
 .debug_macro   0x0001b203      0x344 ./Sources/Events.o
 .debug_macro   0x0001b547      0x824 ./Sources/Events.o
 .debug_macro   0x0001bd6b      0x179 ./Sources/Events.o
 .debug_macro   0x0001bee4      0x644 ./Sources/Events.o
 .debug_macro   0x0001c528      0xa28 ./Sources/Events.o
 .debug_macro   0x0001cf50      0x124 ./Sources/Events.o
 .debug_macro   0x0001d074       0x81 ./Sources/Events.o
 .debug_macro   0x0001d0f5      0x7bf ./Sources/Events.o
 .debug_macro   0x0001d8b4      0x10f ./Sources/Events.o
 .debug_macro   0x0001d9c3      0x66f ./Sources/Events.o
 .debug_macro   0x0001e032       0x7b ./Sources/Events.o
 .debug_macro   0x0001e0ad      0x182 ./Sources/Events.o
 .debug_macro   0x0001e22f      0x56c ./Sources/RTC.o
 .debug_macro   0x0001e79b      0x56c ./Sources/Temperature.o
 .debug_macro   0x0001ed07      0x56c ./Sources/alerteGSM.o
 .debug_macro   0x0001f273      0x56c ./Sources/main.o
 .debug_macro   0x0001f7df      0x56c ./Sources/stockage_information.o
 .debug_macro   0x0001fd4b      0x121 ./Project_Settings/Startup_Code/startup.o
 .debug_macro   0x0001fe6c       0x4a ./Project_Settings/Startup_Code/startup.o
 .debug_macro   0x0001feb6       0x16 ./Project_Settings/Startup_Code/startup.o
 .debug_macro   0x0001fecc       0x22 ./Project_Settings/Startup_Code/startup.o
 .debug_macro   0x0001feee       0x10 ./Project_Settings/Startup_Code/startup.o
 .debug_macro   0x0001fefe      0x20f ./Project_Settings/Startup_Code/startup.o
 .debug_macro   0x0002010d    0x110a2 ./Project_Settings/Startup_Code/startup.o
 .debug_macro   0x000311af      0x112 ./Generated_Code/ASerialLdd1.o
 .debug_macro   0x000312c1       0x57 ./Generated_Code/ASerialLdd1.o
 .debug_macro   0x00031318       0x17 ./Generated_Code/ASerialLdd1.o
 .debug_macro   0x0003132f      0x7b9 ./Generated_Code/ASerialLdd1.o
 .debug_macro   0x00031ae8       0xfa ./Generated_Code/BitIoLdd1.o
 .debug_macro   0x00031be2      0x12c ./Generated_Code/BitIoLdd1.o
 .debug_macro   0x00031d0e       0x40 ./Generated_Code/BitIoLdd1.o
 .debug_macro   0x00031d4e       0xfa ./Generated_Code/BitIoLdd2.o
 .debug_macro   0x00031e48       0x40 ./Generated_Code/BitIoLdd2.o
 .debug_macro   0x00031e88       0xfa ./Generated_Code/BitIoLdd3.o
 .debug_macro   0x00031f82       0x40 ./Generated_Code/BitIoLdd3.o
 .debug_macro   0x00031fc2       0xfa ./Generated_Code/BitIoLdd4.o
 .debug_macro   0x000320bc       0x40 ./Generated_Code/BitIoLdd4.o
 .debug_macro   0x000320fc       0xfa ./Generated_Code/CD1.o
 .debug_macro   0x000321f6       0x46 ./Generated_Code/CD1.o
 .debug_macro   0x0003223c      0x14f ./Generated_Code/CI2C1.o
 .debug_macro   0x0003238b       0x37 ./Generated_Code/CI2C1.o
 .debug_macro   0x000323c2      0x4e4 ./Generated_Code/CI2C1.o
 .debug_macro   0x000328a6      0x1d0 ./Generated_Code/Carte_microSD.o
 .debug_macro   0x00032a76      0x3fc ./Generated_Code/Cpu.o
 .debug_macro   0x00032e72      0x112 ./Generated_Code/ExtIntLdd1.o
 .debug_macro   0x00032f84      0x21e ./Generated_Code/FAT1.o
 .debug_macro   0x000331a2       0xee ./Generated_Code/FAT1.o
 .debug_macro   0x00033290       0xee ./Generated_Code/FAT1.o
 .debug_macro   0x0003337e       0xfa ./Generated_Code/GI2C1.o
 .debug_macro   0x00033478      0x12d ./Generated_Code/Inhr1.o
 .debug_macro   0x000335a5      0x3dc ./Generated_Code/KBI1.o
 .debug_macro   0x00033981      0x11c ./Generated_Code/KeyISRpin1.o
 .debug_macro   0x00033a9d      0x36c ./Generated_Code/PE_LDD.o
 .debug_macro   0x00033e09      0x3f1 ./Generated_Code/SM_micro_sd.o
 .debug_macro   0x000341fa      0x11b ./Generated_Code/SMasterLdd1.o
 .debug_macro   0x00034315       0x51 ./Generated_Code/SMasterLdd1.o
 .debug_macro   0x00034366      0x42a ./Generated_Code/SPI0.o
 .debug_macro   0x00034790       0xfa ./Generated_Code/SS1.o
 .debug_macro   0x0003488a       0xf7 ./Generated_Code/TMOUT1.o
 .debug_macro   0x00034981      0x10f ./Generated_Code/TU1.o
 .debug_macro   0x00034a90      0x6a0 ./Generated_Code/TU1.o
 .debug_macro   0x00035130      0x10f ./Generated_Code/TU2.o
 .debug_macro   0x0003523f       0x4a ./Generated_Code/TU2.o
 .debug_macro   0x00035289      0x3dc ./Generated_Code/TimerCarteSD.o
 .debug_macro   0x00035665      0x119 ./Generated_Code/TimerIntLdd1.o
 .debug_macro   0x0003577e      0x119 ./Generated_Code/TimerIntLdd2.o
 .debug_macro   0x00035897       0xfd ./Generated_Code/TmDt1.o
 .debug_macro   0x00035994       0x16 ./Generated_Code/TmDt1.o
 .debug_macro   0x000359aa      0x184 ./Generated_Code/UTIL1.o
 .debug_macro   0x00035b2e       0xe2 ./Generated_Code/WAIT1.o
 .debug_macro   0x00035c10      0x2d2 ./Generated_Code/ff.o
 .debug_macro   0x00035ee2       0x58 ./Generated_Code/ff.o
 .debug_macro   0x00035f3a      0x3dc ./Generated_Code/interruption_10s.o
 .debug_macro   0x00036316      0x101 ./Generated_Code/uart1.o

.debug_line     0x00000000    0x10089
 .debug_line    0x00000000      0x80f ./Static_Code/System/CPU_Init.o
 .debug_line    0x0000080f      0xdb8 ./Static_Code/System/Vectors.o
 .debug_line    0x000015c7      0x8b7 ./Sources/Events.o
 .debug_line    0x00001e7e      0x92a ./Sources/RTC.o
 .debug_line    0x000027a8      0x8e6 ./Sources/Temperature.o
 .debug_line    0x0000308e      0x8a2 ./Sources/alerteGSM.o
 .debug_line    0x00003930      0x8b2 ./Sources/main.o
 .debug_line    0x000041e2      0x98a ./Sources/stockage_information.o
 .debug_line    0x00004b6c      0x3ec ./Project_Settings/Startup_Code/startup.o
 .debug_line    0x00004f58      0x463 ./Generated_Code/ASerialLdd1.o
 .debug_line    0x000053bb      0x3bf ./Generated_Code/BitIoLdd1.o
 .debug_line    0x0000577a      0x3bf ./Generated_Code/BitIoLdd2.o
 .debug_line    0x00005b39      0x3bf ./Generated_Code/BitIoLdd3.o
 .debug_line    0x00005ef8      0x3bf ./Generated_Code/BitIoLdd4.o
 .debug_line    0x000062b7      0x3c6 ./Generated_Code/CD1.o
 .debug_line    0x0000667d      0x4cd ./Generated_Code/CI2C1.o
 .debug_line    0x00006b4a      0x78f ./Generated_Code/Carte_microSD.o
 .debug_line    0x000072d9      0x703 ./Generated_Code/Cpu.o
 .debug_line    0x000079dc      0x3e4 ./Generated_Code/ExtIntLdd1.o
 .debug_line    0x00007dc0      0x5d8 ./Generated_Code/FAT1.o
 .debug_line    0x00008398      0x4d5 ./Generated_Code/GI2C1.o
 .debug_line    0x0000886d      0x382 ./Generated_Code/Inhr1.o
 .debug_line    0x00008bef      0x6c3 ./Generated_Code/KBI1.o
 .debug_line    0x000092b2      0x398 ./Generated_Code/KeyISRpin1.o
 .debug_line    0x0000964a      0x68c ./Generated_Code/PE_LDD.o
 .debug_line    0x00009cd6      0x781 ./Generated_Code/SM_micro_sd.o
 .debug_line    0x0000a457      0x486 ./Generated_Code/SMasterLdd1.o
 .debug_line    0x0000a8dd      0x7e9 ./Generated_Code/SPI0.o
 .debug_line    0x0000b0c6      0x3c6 ./Generated_Code/SS1.o
 .debug_line    0x0000b48c      0x3c8 ./Generated_Code/TMOUT1.o
 .debug_line    0x0000b854      0x3ae ./Generated_Code/TU1.o
 .debug_line    0x0000bc02      0x3a8 ./Generated_Code/TU2.o
 .debug_line    0x0000bfaa      0x69e ./Generated_Code/TimerCarteSD.o
 .debug_line    0x0000c648      0x3a9 ./Generated_Code/TimerIntLdd1.o
 .debug_line    0x0000c9f1      0x3ad ./Generated_Code/TimerIntLdd2.o
 .debug_line    0x0000cd9e      0x417 ./Generated_Code/TmDt1.o
 .debug_line    0x0000d1b5      0xcb7 ./Generated_Code/UTIL1.o
 .debug_line    0x0000de6c      0x36d ./Generated_Code/WAIT1.o
 .debug_line    0x0000e1d9     0x1395 ./Generated_Code/ff.o
 .debug_line    0x0000f56e      0x6a6 ./Generated_Code/interruption_10s.o
 .debug_line    0x0000fc14      0x475 ./Generated_Code/uart1.o

.debug_str      0x00000000    0xf111d
 .debug_str     0x00000000    0x82fef ./Static_Code/System/CPU_Init.o
                              0x8321f (size before relaxing)
 .debug_str     0x00082fef      0x984 ./Static_Code/System/Vectors.o
                              0x83643 (size before relaxing)
 .debug_str     0x00083973    0x69a97 ./Sources/Events.o
                              0xeb6f6 (size before relaxing)
 .debug_str     0x000ed40a      0x1cb ./Sources/RTC.o
                              0xeb80f (size before relaxing)
 .debug_str     0x000ed5d5       0x72 ./Sources/Temperature.o
                              0xeb756 (size before relaxing)
 .debug_str     0x000ed647       0x25 ./Sources/alerteGSM.o
                              0xeb6cf (size before relaxing)
 .debug_str     0x000ed66c       0xfc ./Sources/main.o
                              0xeb85a (size before relaxing)
 .debug_str     0x000ed768      0x1e4 ./Sources/stockage_information.o
                              0xeba38 (size before relaxing)
 .debug_str     0x000ed94c      0x17c ./Project_Settings/Startup_Code/startup.o
                              0x636a9 (size before relaxing)
 .debug_str     0x000edac8      0x292 ./Generated_Code/ASerialLdd1.o
                              0x7943d (size before relaxing)
 .debug_str     0x000edd5a       0xe7 ./Generated_Code/BitIoLdd1.o
                              0x6af8b (size before relaxing)
 .debug_str     0x000ede41       0xa0 ./Generated_Code/BitIoLdd2.o
                              0x6af8d (size before relaxing)
 .debug_str     0x000edee1       0xa0 ./Generated_Code/BitIoLdd3.o
                              0x6af8d (size before relaxing)
 .debug_str     0x000edf81       0xa0 ./Generated_Code/BitIoLdd4.o
                              0x6af8b (size before relaxing)
 .debug_str     0x000ee021       0x7b ./Generated_Code/CD1.o
                              0x6af3b (size before relaxing)
 .debug_str     0x000ee09c      0x2fc ./Generated_Code/CI2C1.o
                              0x71378 (size before relaxing)
 .debug_str     0x000ee398      0x690 ./Generated_Code/Carte_microSD.o
                              0x71c3f (size before relaxing)
 .debug_str     0x000eea28       0x28 ./Generated_Code/Cpu.o
                              0x81c9c (size before relaxing)
 .debug_str     0x000eea50       0xb8 ./Generated_Code/ExtIntLdd1.o
                              0x6e592 (size before relaxing)
 .debug_str     0x000eeb08       0x8b ./Generated_Code/FAT1.o
                              0x743e3 (size before relaxing)
 .debug_str     0x000eeb93      0x278 ./Generated_Code/GI2C1.o
                              0x6a669 (size before relaxing)
 .debug_str     0x000eee0b      0x17a ./Generated_Code/Inhr1.o
                              0x6a1e1 (size before relaxing)
 .debug_str     0x000eef85       0x55 ./Generated_Code/KBI1.o
                              0x81cce (size before relaxing)
 .debug_str     0x000eefda       0x36 ./Generated_Code/KeyISRpin1.o
                              0x6e2dd (size before relaxing)
 .debug_str     0x000ef010      0x166 ./Generated_Code/PE_LDD.o
                              0x81e24 (size before relaxing)
 .debug_str     0x000ef176      0x273 ./Generated_Code/SM_micro_sd.o
                              0x82194 (size before relaxing)
 .debug_str     0x000ef3e9      0x16d ./Generated_Code/SMasterLdd1.o
                              0x700a2 (size before relaxing)
 .debug_str     0x000ef556      0x1d0 ./Generated_Code/SPI0.o
                              0x81f31 (size before relaxing)
 .debug_str     0x000ef726       0x7b ./Generated_Code/SS1.o
                              0x6af39 (size before relaxing)
 .debug_str     0x000ef7a1       0xed ./Generated_Code/TMOUT1.o
                              0x6a1ce (size before relaxing)
 .debug_str     0x000ef88e      0x16b ./Generated_Code/TU1.o
                              0x7356f (size before relaxing)
 .debug_str     0x000ef9f9       0x64 ./Generated_Code/TU2.o
                              0x73561 (size before relaxing)
 .debug_str     0x000efa5d       0x3a ./Generated_Code/TimerCarteSD.o
                              0x81ca2 (size before relaxing)
 .debug_str     0x000efa97       0xb7 ./Generated_Code/TimerIntLdd1.o
                              0x73377 (size before relaxing)
 .debug_str     0x000efb4e       0x61 ./Generated_Code/TimerIntLdd2.o
                              0x7336d (size before relaxing)
 .debug_str     0x000efbaf      0x114 ./Generated_Code/TmDt1.o
                              0x6a1fc (size before relaxing)
 .debug_str     0x000efcc3      0x6f1 ./Generated_Code/UTIL1.o
                              0x6c697 (size before relaxing)
 .debug_str     0x000f03b4       0x84 ./Generated_Code/WAIT1.o
                              0x6a247 (size before relaxing)
 .debug_str     0x000f0438      0xbf3 ./Generated_Code/ff.o
                               0xb6f3 (size before relaxing)
 .debug_str     0x000f102b       0x3e ./Generated_Code/interruption_10s.o
                              0x81ca6 (size before relaxing)
 .debug_str     0x000f1069       0xb4 ./Generated_Code/uart1.o
                              0x6a11c (size before relaxing)

.comment        0x00000000       0x70
 .comment       0x00000000       0x70 ./Static_Code/System/CPU_Init.o
                                 0x71 (size before relaxing)
 .comment       0x00000000       0x71 ./Static_Code/System/Vectors.o
 .comment       0x00000000       0x71 ./Sources/Events.o
 .comment       0x00000000       0x71 ./Sources/RTC.o
 .comment       0x00000000       0x71 ./Sources/Temperature.o
 .comment       0x00000000       0x71 ./Sources/alerteGSM.o
 .comment       0x00000000       0x71 ./Sources/main.o
 .comment       0x00000000       0x71 ./Sources/stockage_information.o
 .comment       0x00000000       0x71 ./Project_Settings/Startup_Code/startup.o
 .comment       0x00000000       0x71 ./Generated_Code/ASerialLdd1.o
 .comment       0x00000000       0x71 ./Generated_Code/BitIoLdd1.o
 .comment       0x00000000       0x71 ./Generated_Code/BitIoLdd2.o
 .comment       0x00000000       0x71 ./Generated_Code/BitIoLdd3.o
 .comment       0x00000000       0x71 ./Generated_Code/BitIoLdd4.o
 .comment       0x00000000       0x71 ./Generated_Code/CD1.o
 .comment       0x00000000       0x71 ./Generated_Code/CI2C1.o
 .comment       0x00000000       0x71 ./Generated_Code/Carte_microSD.o
 .comment       0x00000000       0x71 ./Generated_Code/Cpu.o
 .comment       0x00000000       0x71 ./Generated_Code/ExtIntLdd1.o
 .comment       0x00000000       0x71 ./Generated_Code/FAT1.o
 .comment       0x00000000       0x71 ./Generated_Code/GI2C1.o
 .comment       0x00000000       0x71 ./Generated_Code/Inhr1.o
 .comment       0x00000000       0x71 ./Generated_Code/KBI1.o
 .comment       0x00000000       0x71 ./Generated_Code/KeyISRpin1.o
 .comment       0x00000000       0x71 ./Generated_Code/PE_LDD.o
 .comment       0x00000000       0x71 ./Generated_Code/SM_micro_sd.o
 .comment       0x00000000       0x71 ./Generated_Code/SMasterLdd1.o
 .comment       0x00000000       0x71 ./Generated_Code/SPI0.o
 .comment       0x00000000       0x71 ./Generated_Code/SS1.o
 .comment       0x00000000       0x71 ./Generated_Code/TMOUT1.o
 .comment       0x00000000       0x71 ./Generated_Code/TU1.o
 .comment       0x00000000       0x71 ./Generated_Code/TU2.o
 .comment       0x00000000       0x71 ./Generated_Code/TimerCarteSD.o
 .comment       0x00000000       0x71 ./Generated_Code/TimerIntLdd1.o
 .comment       0x00000000       0x71 ./Generated_Code/TimerIntLdd2.o
 .comment       0x00000000       0x71 ./Generated_Code/TmDt1.o
 .comment       0x00000000       0x71 ./Generated_Code/UTIL1.o
 .comment       0x00000000       0x71 ./Generated_Code/WAIT1.o
 .comment       0x00000000       0x71 ./Generated_Code/ff.o
 .comment       0x00000000       0x71 ./Generated_Code/interruption_10s.o
 .comment       0x00000000       0x71 ./Generated_Code/uart1.o

.debug_frame    0x00000000     0x36b0
 .debug_frame   0x00000000       0x9c ./Static_Code/System/CPU_Init.o
 .debug_frame   0x0000009c      0xcb0 ./Static_Code/System/Vectors.o
 .debug_frame   0x00000d4c       0xd8 ./Sources/Events.o
 .debug_frame   0x00000e24       0xac ./Sources/RTC.o
 .debug_frame   0x00000ed0       0x70 ./Sources/Temperature.o
 .debug_frame   0x00000f40       0x30 ./Sources/alerteGSM.o
 .debug_frame   0x00000f70       0x30 ./Sources/main.o
 .debug_frame   0x00000fa0       0xe4 ./Sources/stockage_information.o
 .debug_frame   0x00001084       0xc0 ./Project_Settings/Startup_Code/startup.o
 .debug_frame   0x00001144      0x100 ./Generated_Code/ASerialLdd1.o
 .debug_frame   0x00001244       0x9c ./Generated_Code/BitIoLdd1.o
 .debug_frame   0x000012e0       0x9c ./Generated_Code/BitIoLdd2.o
 .debug_frame   0x0000137c       0x9c ./Generated_Code/BitIoLdd3.o
 .debug_frame   0x00001418       0x9c ./Generated_Code/BitIoLdd4.o
 .debug_frame   0x000014b4       0xb8 ./Generated_Code/CD1.o
 .debug_frame   0x0000156c       0xc4 ./Generated_Code/CI2C1.o
 .debug_frame   0x00001630      0x2d8 ./Generated_Code/Carte_microSD.o
 .debug_frame   0x00001908       0x50 ./Generated_Code/Cpu.o
 .debug_frame   0x00001958       0xa4 ./Generated_Code/ExtIntLdd1.o
 .debug_frame   0x000019fc      0x188 ./Generated_Code/FAT1.o
 .debug_frame   0x00001b84      0x200 ./Generated_Code/GI2C1.o
 .debug_frame   0x00001d84       0xc0 ./Generated_Code/Inhr1.o
 .debug_frame   0x00001e44       0x80 ./Generated_Code/KBI1.o
 .debug_frame   0x00001ec4       0x30 ./Generated_Code/KeyISRpin1.o
 .debug_frame   0x00001ef4       0x64 ./Generated_Code/PE_LDD.o
 .debug_frame   0x00001f58       0xc0 ./Generated_Code/SM_micro_sd.o
 .debug_frame   0x00002018      0x100 ./Generated_Code/SMasterLdd1.o
 .debug_frame   0x00002118      0x154 ./Generated_Code/SPI0.o
 .debug_frame   0x0000226c       0xb8 ./Generated_Code/SS1.o
 .debug_frame   0x00002324       0xd4 ./Generated_Code/TMOUT1.o
 .debug_frame   0x000023f8       0x50 ./Generated_Code/TU1.o
 .debug_frame   0x00002448       0x50 ./Generated_Code/TU2.o
 .debug_frame   0x00002498       0x30 ./Generated_Code/TimerCarteSD.o
 .debug_frame   0x000024c8       0x50 ./Generated_Code/TimerIntLdd1.o
 .debug_frame   0x00002518       0x50 ./Generated_Code/TimerIntLdd2.o
 .debug_frame   0x00002568      0x130 ./Generated_Code/TmDt1.o
 .debug_frame   0x00002698      0x698 ./Generated_Code/UTIL1.o
 .debug_frame   0x00002d30       0x90 ./Generated_Code/WAIT1.o
 .debug_frame   0x00002dc0      0x6d0 ./Generated_Code/ff.o
 .debug_frame   0x00003490       0x30 ./Generated_Code/interruption_10s.o
 .debug_frame   0x000034c0      0x13c ./Generated_Code/uart1.o
 .debug_frame   0x000035fc       0x28 c:/freescale/kds_3.0.0/toolchain/bin/../lib/gcc/arm-none-eabi/4.8.4/../../../../arm-none-eabi/lib/armv7e-m/fpu\libg_s.a(lib_a-exit.o)
 .debug_frame   0x00003624       0x2c c:/freescale/kds_3.0.0/toolchain/bin/../lib/gcc/arm-none-eabi/4.8.4/../../../../arm-none-eabi/lib/armv7e-m/fpu\libg_s.a(lib_a-init.o)
 .debug_frame   0x00003650       0x20 c:/freescale/kds_3.0.0/toolchain/bin/../lib/gcc/arm-none-eabi/4.8.4/../../../../arm-none-eabi/lib/armv7e-m/fpu\libg_s.a(lib_a-memset.o)
 .debug_frame   0x00003670       0x20 c:/freescale/kds_3.0.0/toolchain/bin/../lib/gcc/arm-none-eabi/4.8.4/../../../../arm-none-eabi/lib/armv7e-m/fpu\libg_s.a(lib_a-strlen.o)
 .debug_frame   0x00003690       0x20 c:/freescale/kds_3.0.0/toolchain/bin/../lib/gcc/arm-none-eabi/4.8.4/../../../../arm-none-eabi/lib/armv7e-m/fpu\libnosys.a(_exit.o)
