Archive member included because of file (symbol)

c:/freescale/kds_v3/toolchain/bin/../lib/gcc/arm-none-eabi/4.8.4/../../../../arm-none-eabi/lib/armv7e-m/fpu\libg_s.a(lib_a-exit.o)
                              c:/freescale/kds_v3/toolchain/bin/../lib/gcc/arm-none-eabi/4.8.4/../../../../arm-none-eabi/lib/armv7e-m/fpu/crt0.o (exit)
c:/freescale/kds_v3/toolchain/bin/../lib/gcc/arm-none-eabi/4.8.4/../../../../arm-none-eabi/lib/armv7e-m/fpu\libg_s.a(lib_a-impure.o)
                              c:/freescale/kds_v3/toolchain/bin/../lib/gcc/arm-none-eabi/4.8.4/../../../../arm-none-eabi/lib/armv7e-m/fpu\libg_s.a(lib_a-exit.o) (_global_impure_ptr)
c:/freescale/kds_v3/toolchain/bin/../lib/gcc/arm-none-eabi/4.8.4/../../../../arm-none-eabi/lib/armv7e-m/fpu\libg_s.a(lib_a-init.o)
                              c:/freescale/kds_v3/toolchain/bin/../lib/gcc/arm-none-eabi/4.8.4/../../../../arm-none-eabi/lib/armv7e-m/fpu/crt0.o (__libc_init_array)
c:/freescale/kds_v3/toolchain/bin/../lib/gcc/arm-none-eabi/4.8.4/../../../../arm-none-eabi/lib/armv7e-m/fpu\libg_s.a(lib_a-memset.o)
                              c:/freescale/kds_v3/toolchain/bin/../lib/gcc/arm-none-eabi/4.8.4/../../../../arm-none-eabi/lib/armv7e-m/fpu/crt0.o (memset)
c:/freescale/kds_v3/toolchain/bin/../lib/gcc/arm-none-eabi/4.8.4/../../../../arm-none-eabi/lib/armv7e-m/fpu\libg_s.a(lib_a-strchr.o)
                              ./Generated_Code/UTIL1.o (strchr)
c:/freescale/kds_v3/toolchain/bin/../lib/gcc/arm-none-eabi/4.8.4/../../../../arm-none-eabi/lib/armv7e-m/fpu\libg_s.a(lib_a-strlen.o)
                              ./Sources/stockage_information.o (strlen)
c:/freescale/kds_v3/toolchain/bin/../lib/gcc/arm-none-eabi/4.8.4/../../../../arm-none-eabi/lib/armv7e-m/fpu\libg_s.a(lib_a-strncmp.o)
                              ./Generated_Code/UTIL1.o (strncmp)
c:/freescale/kds_v3/toolchain/bin/../lib/gcc/arm-none-eabi/4.8.4/../../../../arm-none-eabi/lib/armv7e-m/fpu\libnosys.a(_exit.o)
                              c:/freescale/kds_v3/toolchain/bin/../lib/gcc/arm-none-eabi/4.8.4/../../../../arm-none-eabi/lib/armv7e-m/fpu\libg_s.a(lib_a-exit.o) (_exit)

Allocating common symbols
Common symbol       size              file

ASerialLdd1_DeviceDataPtr
                    0x4               ./Generated_Code/Inhr1.o
chaine_stockee      0x19              ./Sources/stockage_information.o
registre            0x1               ./Sources/RTC.o
t2                  0x4               ./Sources/main.o
minute              0x1               ./Sources/main.o
heure               0x1               ./Sources/main.o
write_buf           0x30              ./Sources/main.o
seconde             0x1               ./Sources/main.o
t1                  0x4               ./Sources/main.o
SR_reg              0x1               ./Static_Code/System/CPU_Init.o
SMasterLdd1_DeviceDataPtr
                    0x4               ./Generated_Code/SPI0.o
caractere_lu        0x1               ./Sources/RTC.o

Discarded input sections

 .text          0x00000000        0x0 c:/freescale/kds_v3/toolchain/bin/../lib/gcc/arm-none-eabi/4.8.4/armv7e-m/fpu/crti.o
 .data          0x00000000        0x0 c:/freescale/kds_v3/toolchain/bin/../lib/gcc/arm-none-eabi/4.8.4/armv7e-m/fpu/crti.o
 .bss           0x00000000        0x0 c:/freescale/kds_v3/toolchain/bin/../lib/gcc/arm-none-eabi/4.8.4/armv7e-m/fpu/crti.o
 .data          0x00000000        0x4 c:/freescale/kds_v3/toolchain/bin/../lib/gcc/arm-none-eabi/4.8.4/armv7e-m/fpu/crtbegin.o
 .data          0x00000000        0x0 c:/freescale/kds_v3/toolchain/bin/../lib/gcc/arm-none-eabi/4.8.4/../../../../arm-none-eabi/lib/armv7e-m/fpu/crt0.o
 .bss           0x00000000        0x0 c:/freescale/kds_v3/toolchain/bin/../lib/gcc/arm-none-eabi/4.8.4/../../../../arm-none-eabi/lib/armv7e-m/fpu/crt0.o
 .ARM.extab     0x00000000        0x0 c:/freescale/kds_v3/toolchain/bin/../lib/gcc/arm-none-eabi/4.8.4/../../../../arm-none-eabi/lib/armv7e-m/fpu/crt0.o
 .group         0x00000000        0x8 ./Static_Code/System/CPU_Init.o
 .group         0x00000000        0x8 ./Static_Code/System/CPU_Init.o
 .group         0x00000000        0x8 ./Static_Code/System/CPU_Init.o
 .group         0x00000000        0x8 ./Static_Code/System/CPU_Init.o
 .group         0x00000000        0x8 ./Static_Code/System/CPU_Init.o
 .group         0x00000000        0x8 ./Static_Code/System/CPU_Init.o
 .group         0x00000000        0x8 ./Static_Code/System/CPU_Init.o
 .group         0x00000000        0x8 ./Static_Code/System/CPU_Init.o
 .group         0x00000000        0x8 ./Static_Code/System/CPU_Init.o
 .group         0x00000000        0x8 ./Static_Code/System/CPU_Init.o
 .group         0x00000000        0x8 ./Static_Code/System/CPU_Init.o
 .group         0x00000000        0x8 ./Static_Code/System/CPU_Init.o
 .group         0x00000000        0x8 ./Static_Code/System/CPU_Init.o
 .group         0x00000000        0x8 ./Static_Code/System/CPU_Init.o
[...]
Memory Configuration

Name             Origin             Length             Attributes
m_interrupts     0x00000000         0x00000198         xr
m_text           0x00000410         0x000ffbf0         xr
m_data_1FFF0000  0x1fff0000         0x00010000         rw
m_data           0x20000000         0x00030000         rw
m_cfmprotrom     0x00000400         0x00000010         xr
*default*        0x00000000         0xffffffff

Linker script and memory map

LOAD c:/freescale/kds_v3/toolchain/bin/../lib/gcc/arm-none-eabi/4.8.4/armv7e-m/fpu/crti.o
LOAD c:/freescale/kds_v3/toolchain/bin/../lib/gcc/arm-none-eabi/4.8.4/armv7e-m/fpu/crtbegin.o
LOAD c:/freescale/kds_v3/toolchain/bin/../lib/gcc/arm-none-eabi/4.8.4/../../../../arm-none-eabi/lib/armv7e-m/fpu/crt0.o
LOAD ./Static_Code/System/CPU_Init.o
LOAD ./Static_Code/System/Peripherals_Init.o
LOAD ./Static_Code/System/Vectors.o
LOAD ./Sources/BB_Projet.o
LOAD ./Sources/Events.o
LOAD ./Sources/RTC.o
LOAD ./Sources/Temperature.o
LOAD ./Sources/alerteGSM.o
LOAD ./Sources/main.o
LOAD ./Sources/stockage_information.o
LOAD ./Project_Settings/Startup_Code/startup.o
LOAD ./Generated_Code/ASerialLdd1.o
LOAD ./Generated_Code/BitIoLdd1.o
LOAD ./Generated_Code/BitIoLdd2.o
LOAD ./Generated_Code/BitIoLdd3.o
LOAD ./Generated_Code/BitIoLdd4.o
LOAD ./Generated_Code/CD1.o
LOAD ./Generated_Code/CI2C1.o
LOAD ./Generated_Code/CS1.o
LOAD ./Generated_Code/CS_RTC.o
LOAD ./Generated_Code/CS_Thermocouple1.o
LOAD ./Generated_Code/CS_Thermocouple2.o
LOAD ./Generated_Code/Carte_microSD.o
LOAD ./Generated_Code/Cpu.o
LOAD ./Generated_Code/ExtIntLdd1.o
LOAD ./Generated_Code/FAT1.o
LOAD ./Generated_Code/FX1.o
LOAD ./Generated_Code/GI2C1.o
LOAD ./Generated_Code/Inhr1.o
LOAD ./Generated_Code/KBI1.o
LOAD ./Generated_Code/KeyISRpin1.o
LOAD ./Generated_Code/PE_LDD.o
LOAD ./Generated_Code/SM_micro_sd.o
LOAD ./Generated_Code/SMasterLdd1.o
LOAD ./Generated_Code/SPI0.o
LOAD ./Generated_Code/SS1.o
LOAD ./Generated_Code/TMOUT1.o
LOAD ./Generated_Code/TU1.o
LOAD ./Generated_Code/TU2.o
LOAD ./Generated_Code/TimerCarteSD.o
LOAD ./Generated_Code/TimerIntLdd1.o
LOAD ./Generated_Code/TimerIntLdd2.o
LOAD ./Generated_Code/TmDt1.o
LOAD ./Generated_Code/UTIL1.o
LOAD ./Generated_Code/WAIT1.o
LOAD ./Generated_Code/alimTel.o
LOAD ./Generated_Code/ff.o
LOAD ./Generated_Code/interruption_10s.o
LOAD ./Generated_Code/uart1.o
LOAD c:/freescale/kds_v3/toolchain/bin/../lib/gcc/arm-none-eabi/4.8.4/../../../../arm-none-eabi/lib/armv7e-m/fpu\libstdc++_s.a
LOAD c:/freescale/kds_v3/toolchain/bin/../lib/gcc/arm-none-eabi/4.8.4/../../../../arm-none-eabi/lib/armv7e-m/fpu\libm.a
START GROUP
LOAD c:/freescale/kds_v3/toolchain/bin/../lib/gcc/arm-none-eabi/4.8.4/armv7e-m/fpu\libgcc.a
LOAD c:/freescale/kds_v3/toolchain/bin/../lib/gcc/arm-none-eabi/4.8.4/../../../../arm-none-eabi/lib/armv7e-m/fpu\libg_s.a
LOAD c:/freescale/kds_v3/toolchain/bin/../lib/gcc/arm-none-eabi/4.8.4/../../../../arm-none-eabi/lib/armv7e-m/fpu\libc_s.a
END GROUP
START GROUP
LOAD c:/freescale/kds_v3/toolchain/bin/../lib/gcc/arm-none-eabi/4.8.4/armv7e-m/fpu\libgcc.a
LOAD c:/freescale/kds_v3/toolchain/bin/../lib/gcc/arm-none-eabi/4.8.4/../../../../arm-none-eabi/lib/armv7e-m/fpu\libc_s.a
LOAD c:/freescale/kds_v3/toolchain/bin/../lib/gcc/arm-none-eabi/4.8.4/../../../../arm-none-eabi/lib/armv7e-m/fpu\libnosys.a
END GROUP
START GROUP
LOAD c:/freescale/kds_v3/toolchain/bin/../lib/gcc/arm-none-eabi/4.8.4/armv7e-m/fpu\libgcc.a
LOAD c:/freescale/kds_v3/toolchain/bin/../lib/gcc/arm-none-eabi/4.8.4/../../../../arm-none-eabi/lib/armv7e-m/fpu\libc_s.a
LOAD c:/freescale/kds_v3/toolchain/bin/../lib/gcc/arm-none-eabi/4.8.4/../../../../arm-none-eabi/lib/armv7e-m/fpu\libnosys.a
END GROUP
LOAD c:/freescale/kds_v3/toolchain/bin/../lib/gcc/arm-none-eabi/4.8.4/armv7e-m/fpu/crtend.o
LOAD c:/freescale/kds_v3/toolchain/bin/../lib/gcc/arm-none-eabi/4.8.4/armv7e-m/fpu/crtn.o
                0x20030000                _estack = 0x20030000
                0x20030000                __SP_INIT = _estack
                0x20030000                __stack = _estack
                0x00000000                __heap_size = 0x0
                0x00000400                __stack_size = 0x400

.interrupts     0x00000000      0x198
                0x00000000                __vector_table = .
                0x00000000                . = ALIGN (0x4)
 *(.vectortable)
 .vectortable   0x00000000      0x198 ./Static_Code/System/Vectors.o
                0x00000000                __vect_table
                0x00000198                . = ALIGN (0x4)

.cfmprotect     0x00000400       0x10
                0x00000400                . = ALIGN (0x4)
 *(.cfmconfig)
 .cfmconfig     0x00000400       0x10 ./Static_Code/System/CPU_Init.o
                0x00000400                _cfm
                0x00000410                . = ALIGN (0x4)

.text           0x00000410     0x6ac4
                0x00000410                . = ALIGN (0x4)
 *(.text)
 .text          0x00000410       0x54 c:/freescale/kds_v3/toolchain/bin/../lib/gcc/arm-none-eabi/4.8.4/armv7e-m/fpu/crtbegin.o
 .text          0x00000464       0x74 c:/freescale/kds_v3/toolchain/bin/../lib/gcc/arm-none-eabi/4.8.4/../../../../arm-none-eabi/lib/armv7e-m/fpu/crt0.o
                0x00000464                _start
                0x00000464                _mainCRTStartup
 *(.text*)
 .text.CPU_SetBASEPRI
                0x000004d8       0x18 ./Static_Code/System/CPU_Init.o
                0x000004d8                CPU_SetBASEPRI
 .text.__init_hardware
                0x000004f0       0x90 ./Static_Code/System/CPU_Init.o
                0x000004f0                __init_hardware
 .text.PE_low_level_init
                0x00000580       0x44 ./Static_Code/System/CPU_Init.o
                0x00000580                PE_low_level_init
 .text.CPU_GetClockGenMode
                0x000005c4       0x90 ./Static_Code/System/CPU_Init.o
                0x000005c4                CPU_GetClockGenMode
 .text.CPU_SetClockConfigGenMode
                0x00000654      0x54c ./Static_Code/System/CPU_Init.o
                0x00000654                CPU_SetClockConfigGenMode
 .text.UnhandledInterrupt
                0x00000ba0       0x18 ./Static_Code/System/Vectors.o
                0x00000ba0                UnhandledInterrupt
 .text.Cpu_OnNMI
                0x00000bb8        0xc ./Sources/Events.o
                0x00000bb8                Cpu_OnNMI
 .text.TimerCarteSD_OnInterrupt
                0x00000bc4        0xc ./Sources/Events.o
                0x00000bc4                TimerCarteSD_OnInterrupt
 .text.SM_micro_sd_OnBlockSent
                0x00000bd0       0x14 ./Sources/Events.o
                0x00000bd0                SM_micro_sd_OnBlockSent
 .text.SPI0_OnRxChar
                0x00000be4        0xc ./Sources/Events.o
                0x00000be4                SPI0_OnRxChar
 .text.SPI0_OnTxChar
                0x00000bf0        0xc ./Sources/Events.o
                0x00000bf0                SPI0_OnTxChar
 .text.SPI0_OnError
                0x00000bfc        0xc ./Sources/Events.o
                0x00000bfc                SPI0_OnError
 .text.interruption_10s_OnInterrupt
                0x00000c08       0x18 ./Sources/Events.o
                0x00000c08                interruption_10s_OnInterrupt
 .text.KBI1_OnInterrupt
                0x00000c20       0x18 ./Sources/Events.o
                0x00000c20                KBI1_OnInterrupt
 .text.lire_registre
                0x00000c38       0x68 ./Sources/RTC.o
                0x00000c38                lire_registre
 .text.ecrire_registre
                0x00000ca0       0x60 ./Sources/RTC.o
                0x00000ca0                ecrire_registre
 .text.lire_Date_Heure
                0x00000d00      0x1a4 ./Sources/RTC.o
                0x00000d00                lire_Date_Heure
 .text.Ecrire_Date_Heure
                0x00000ea4      0x1d4 ./Sources/RTC.o
                0x00000ea4                Ecrire_Date_Heure
 .text.init_alarme
                0x00001078       0x48 ./Sources/RTC.o
                0x00001078                init_alarme
 .text.Temperature1
                0x000010c0       0xbc ./Sources/Temperature.o
                0x000010c0                Temperature1
 .text.Temperature2
                0x0000117c       0xbc ./Sources/Temperature.o
                0x0000117c                Temperature2
 .text.IO_SPI   0x00001238       0x3c ./Sources/Temperature.o
                0x00001238                IO_SPI
 .text.Envoie_Alerte
                0x00001274       0x14 ./Sources/alerteGSM.o
                0x00001274                Envoie_Alerte
 .text.main     0x00001288      0x120 ./Sources/main.o
                0x00001288                main
 .text.Err      0x000013a8        0x8 ./Sources/stockage_information.o
                0x000013a8                Err
 .text.Ecrire_Tmax
                0x000013b0      0x208 ./Sources/stockage_information.o
                0x000013b0                Ecrire_Tmax
 .text.__copy_rom_section
                0x000015b8       0xe4 ./Project_Settings/Startup_Code/startup.o
                0x000015b8                __copy_rom_section
 .text.__copy_rom_sections_to_ram
                0x0000169c       0x9c ./Project_Settings/Startup_Code/startup.o
                0x0000169c                __copy_rom_sections_to_ram
 .text.__init_registers
                0x00001738       0x20 ./Project_Settings/Startup_Code/startup.o
                0x00001738                __init_registers
 .text.__init_user
                0x00001758        0xc ./Project_Settings/Startup_Code/startup.o
                0x00001758                __init_user
 .text.__thumb_startup
                0x00001764       0x34 ./Project_Settings/Startup_Code/startup.o
                0x00001764                __thumb_startup
 .text.ASerialLdd1_Init
                0x00001798      0x178 ./Generated_Code/ASerialLdd1.o
                0x00001798                ASerialLdd1_Init
 .text.ASerialLdd1_ReceiveBlock
                0x00001910       0x48 ./Generated_Code/ASerialLdd1.o
                0x00001910                ASerialLdd1_ReceiveBlock
 .text.ASerialLdd1_SendBlock
                0x00001958       0x58 ./Generated_Code/ASerialLdd1.o
                0x00001958                ASerialLdd1_SendBlock
 .text.InterruptRx
                0x000019b0       0x50 ./Generated_Code/ASerialLdd1.o
 .text.InterruptTx
                0x00001a00       0x60 ./Generated_Code/ASerialLdd1.o
 .text.ASerialLdd1_Main
                0x00001a60       0xd8 ./Generated_Code/ASerialLdd1.o
                0x00001a60                ASerialLdd1_Main
 .text.BitIoLdd1_Init
                0x00001b38       0x80 ./Generated_Code/BitIoLdd1.o
                0x00001b38                BitIoLdd1_Init
 .text.BitIoLdd1_ClrVal
                0x00001bb8       0x1c ./Generated_Code/BitIoLdd1.o
                0x00001bb8                BitIoLdd1_ClrVal
 .text.BitIoLdd1_SetVal
                0x00001bd4       0x1c ./Generated_Code/BitIoLdd1.o
                0x00001bd4                BitIoLdd1_SetVal
 .text.BitIoLdd2_Init
                0x00001bf0       0x80 ./Generated_Code/BitIoLdd2.o
                0x00001bf0                BitIoLdd2_Init
 .text.BitIoLdd2_ClrVal
                0x00001c70       0x20 ./Generated_Code/BitIoLdd2.o
                0x00001c70                BitIoLdd2_ClrVal
 .text.BitIoLdd2_SetVal
                0x00001c90       0x20 ./Generated_Code/BitIoLdd2.o
                0x00001c90                BitIoLdd2_SetVal
 .text.BitIoLdd3_Init
                0x00001cb0       0x80 ./Generated_Code/BitIoLdd3.o
                0x00001cb0                BitIoLdd3_Init
 .text.BitIoLdd3_SetVal
                0x00001d30       0x20 ./Generated_Code/BitIoLdd3.o
                0x00001d30                BitIoLdd3_SetVal
 .text.BitIoLdd4_Init
                0x00001d50       0x80 ./Generated_Code/BitIoLdd4.o
                0x00001d50                BitIoLdd4_Init
 .text.BitIoLdd4_ClrVal
                0x00001dd0       0x1c ./Generated_Code/BitIoLdd4.o
                0x00001dd0                BitIoLdd4_ClrVal
 .text.BitIoLdd4_SetVal
                0x00001dec       0x1c ./Generated_Code/BitIoLdd4.o
                0x00001dec                BitIoLdd4_SetVal
 .text.CD1_Init
                0x00001e08       0x80 ./Generated_Code/CD1.o
                0x00001e08                CD1_Init
 .text.CI2C1_Interrupt
                0x00001e88      0x288 ./Generated_Code/CI2C1.o
                0x00001e88                CI2C1_Interrupt
 .text.CI2C1_Init
                0x00002110      0x148 ./Generated_Code/CI2C1.o
                0x00002110                CI2C1_Init
 .text.Carte_microSD_disk_initialize
                0x00002258      0x154 ./Generated_Code/Carte_microSD.o
                0x00002258                Carte_microSD_disk_initialize
 .text.Carte_microSD_disk_status
                0x000023ac       0x20 ./Generated_Code/Carte_microSD.o
                0x000023ac                Carte_microSD_disk_status
 .text.Carte_microSD_disk_read
                0x000023cc       0xc0 ./Generated_Code/Carte_microSD.o
                0x000023cc                Carte_microSD_disk_read
 .text.Carte_microSD_disk_write
                0x0000248c       0xf8 ./Generated_Code/Carte_microSD.o
                0x0000248c                Carte_microSD_disk_write
 .text.chk_power
                0x00002584       0x10 ./Generated_Code/Carte_microSD.o
 .text.power_off
                0x00002594        0xc ./Generated_Code/Carte_microSD.o
 .text.power_on
                0x000025a0        0xc ./Generated_Code/Carte_microSD.o
 .text.Carte_microSD_disk_ioctl
                0x000025ac      0x3f0 ./Generated_Code/Carte_microSD.o
                0x000025ac                Carte_microSD_disk_ioctl
 .text.Carte_microSD_SPI_WRITE
                0x0000299c       0x4c ./Generated_Code/Carte_microSD.o
                0x0000299c                Carte_microSD_SPI_WRITE
 .text.Carte_microSD_SPI_WRITE_READ
                0x000029e8       0x4c ./Generated_Code/Carte_microSD.o
 .text.Carte_microSD_Activate
                0x00002a34       0x18 ./Generated_Code/Carte_microSD.o
                0x00002a34                Carte_microSD_Activate
 .text.Carte_microSD_Deactivate
                0x00002a4c       0x14 ./Generated_Code/Carte_microSD.o
                0x00002a4c                Carte_microSD_Deactivate
 .text.Carte_microSD_WaitReady
                0x00002a60       0x60 ./Generated_Code/Carte_microSD.o
                0x00002a60                Carte_microSD_WaitReady
 .text.Carte_microSD_ReceiveDataBlock
                0x00002ac0       0xb8 ./Generated_Code/Carte_microSD.o
                0x00002ac0                Carte_microSD_ReceiveDataBlock
 .text.Carte_microSD_SendDataBlock
                0x00002b78       0x8c ./Generated_Code/Carte_microSD.o
                0x00002b78                Carte_microSD_SendDataBlock
 .text.Carte_microSD_SendCmd
                0x00002c04      0x100 ./Generated_Code/Carte_microSD.o
                0x00002c04                Carte_microSD_SendCmd
 .text.SendCommand
                0x00002d04       0x88 ./Generated_Code/Carte_microSD.o
 .text.Carte_microSD_Init
                0x00002d8c       0xc4 ./Generated_Code/Carte_microSD.o
                0x00002d8c                Carte_microSD_Init
 .text.Carte_microSD_ReceiveByte
                0x00002e50       0x24 ./Generated_Code/Carte_microSD.o
                0x00002e50                Carte_microSD_ReceiveByte
 .text.Carte_microSD_SetSlowMode
                0x00002e74       0x24 ./Generated_Code/Carte_microSD.o
                0x00002e74                Carte_microSD_SetSlowMode
 .text.Carte_microSD_SetFastMode
                0x00002e98       0x24 ./Generated_Code/Carte_microSD.o
                0x00002e98                Carte_microSD_SetFastMode
 .text.Carte_microSD_InitCommChannel
                0x00002ebc       0x1c ./Generated_Code/Carte_microSD.o
                0x00002ebc                Carte_microSD_InitCommChannel
 .text.SM_micro_sd_OnBlockReceived
                0x00002ed8       0x1c ./Generated_Code/Carte_microSD.o
                0x00002ed8                SM_micro_sd_OnBlockReceived
 .text.Components_Init
                0x00002ef4       0x58 ./Generated_Code/Cpu.o
                0x00002ef4                Components_Init
 .text.Cpu_INT_NMIInterrupt
                0x00002f4c       0x1c ./Generated_Code/Cpu.o
                0x00002f4c                Cpu_INT_NMIInterrupt
 .text.ExtIntLdd1_Init
                0x00002f68       0x98 ./Generated_Code/ExtIntLdd1.o
                0x00002f68                ExtIntLdd1_Init
 .text.ExtIntLdd1_Interrupt
                0x00003000       0x40 ./Generated_Code/ExtIntLdd1.o
                0x00003000                ExtIntLdd1_Interrupt
 .text.disk_initialize
                0x00003040       0x28 ./Generated_Code/FAT1.o
                0x00003040                disk_initialize
 .text.disk_status
                0x00003068       0x28 ./Generated_Code/FAT1.o
                0x00003068                disk_status
 .text.disk_read
                0x00003090       0x34 ./Generated_Code/FAT1.o
                0x00003090                disk_read
 .text.disk_write
                0x000030c4       0x34 ./Generated_Code/FAT1.o
                0x000030c4                disk_write
 .text.disk_ioctl
                0x000030f8       0x34 ./Generated_Code/FAT1.o
                0x000030f8                disk_ioctl
 .text.FAT1_Init
                0x0000312c       0x24 ./Generated_Code/FAT1.o
                0x0000312c                FAT1_Init
 .text.FAT1_get_fattime
                0x00003150       0x60 ./Generated_Code/FAT1.o
                0x00003150                FAT1_get_fattime
 .text.CI2C1_OnMasterBlockSent
                0x000031b0       0x28 ./Generated_Code/GI2C1.o
                0x000031b0                CI2C1_OnMasterBlockSent
 .text.CI2C1_OnMasterBlockReceived
                0x000031d8       0x28 ./Generated_Code/GI2C1.o
                0x000031d8                CI2C1_OnMasterBlockReceived
 .text.GI2C1_Init
                0x00003200       0x20 ./Generated_Code/GI2C1.o
                0x00003200                GI2C1_Init
 .text.HWEnDi   0x00003220       0x1c ./Generated_Code/Inhr1.o
 .text.Inhr1_SendChar
                0x0000323c       0x5c ./Generated_Code/Inhr1.o
                0x0000323c                Inhr1_SendChar
 .text.Inhr1_Init
                0x00003298       0x24 ./Generated_Code/Inhr1.o
                0x00003298                Inhr1_Init
 .text.ASerialLdd1_OnBreak
                0x000032bc       0x24 ./Generated_Code/Inhr1.o
                0x000032bc                ASerialLdd1_OnBreak
 .text.KeyISRpin1_OnInterrupt
                0x000032e0        0xc ./Generated_Code/KBI1.o
                0x000032e0                KeyISRpin1_OnInterrupt
 .text.ExtIntLdd1_OnInterrupt
                0x000032ec       0x14 ./Generated_Code/KeyISRpin1.o
                0x000032ec                ExtIntLdd1_OnInterrupt
 .text.SM_micro_sd_Init
                0x00003300      0x138 ./Generated_Code/SM_micro_sd.o
                0x00003300                SM_micro_sd_Init
 .text.SM_micro_sd_ReceiveBlock
                0x00003438       0x80 ./Generated_Code/SM_micro_sd.o
                0x00003438                SM_micro_sd_ReceiveBlock
 .text.SM_micro_sd_SendBlock
                0x000034b8       0x90 ./Generated_Code/SM_micro_sd.o
                0x000034b8                SM_micro_sd_SendBlock
 .text.SM_micro_sd_SelectConfiguration
                0x00003548       0x88 ./Generated_Code/SM_micro_sd.o
                0x00003548                SM_micro_sd_SelectConfiguration
 .text.SM_micro_sd_Interrupt
                0x000035d0      0x10c ./Generated_Code/SM_micro_sd.o
                0x000035d0                SM_micro_sd_Interrupt
 .text.SMasterLdd1_Init
                0x000036dc      0x130 ./Generated_Code/SMasterLdd1.o
                0x000036dc                SMasterLdd1_Init
 .text.SMasterLdd1_Enable
                0x0000380c       0x28 ./Generated_Code/SMasterLdd1.o
                0x0000380c                SMasterLdd1_Enable
 .text.SMasterLdd1_Disable
                0x00003834       0x28 ./Generated_Code/SMasterLdd1.o
                0x00003834                SMasterLdd1_Disable
 .text.SMasterLdd1_ReceiveBlock
                0x0000385c       0x8c ./Generated_Code/SMasterLdd1.o
                0x0000385c                SMasterLdd1_ReceiveBlock
 .text.SMasterLdd1_SendBlock
                0x000038e8       0x9c ./Generated_Code/SMasterLdd1.o
                0x000038e8                SMasterLdd1_SendBlock
 .text.SMasterLdd1_SelectConfiguration
                0x00003984       0x94 ./Generated_Code/SMasterLdd1.o
                0x00003984                SMasterLdd1_SelectConfiguration
 .text.SMasterLdd1_Interrupt
                0x00003a18      0x10c ./Generated_Code/SMasterLdd1.o
                0x00003a18                SMasterLdd1_Interrupt
 .text.HWEnDi   0x00003b24       0x8c ./Generated_Code/SMasterLdd1.o
 .text.HWEnDi   0x00003bb0       0x88 ./Generated_Code/SPI0.o
 .text.SPI0_RecvChar
                0x00003c38       0x9c ./Generated_Code/SPI0.o
                0x00003c38                SPI0_RecvChar
 .text.SPI0_SendChar
                0x00003cd4       0x98 ./Generated_Code/SPI0.o
                0x00003cd4                SPI0_SendChar
 .text.SPI0_SetShiftClockPolarity
                0x00003d6c       0xbc ./Generated_Code/SPI0.o
                0x00003d6c                SPI0_SetShiftClockPolarity
 .text.SPI0_SetIdleClockPolarity
                0x00003e28       0xac ./Generated_Code/SPI0.o
                0x00003e28                SPI0_SetIdleClockPolarity
 .text.SPI0_Init
                0x00003ed4       0x4c ./Generated_Code/SPI0.o
                0x00003ed4                SPI0_Init
 .text.SMasterLdd1_OnBlockReceived
                0x00003f20       0x80 ./Generated_Code/SPI0.o
                0x00003f20                SMasterLdd1_OnBlockReceived
 .text.SMasterLdd1_OnBlockSent
                0x00003fa0       0x24 ./Generated_Code/SPI0.o
                0x00003fa0                SMasterLdd1_OnBlockSent
 .text.SS1_Init
                0x00003fc4       0x80 ./Generated_Code/SS1.o
                0x00003fc4                SS1_Init
 .text.SS1_ClrVal
                0x00004044       0x1c ./Generated_Code/SS1.o
                0x00004044                SS1_ClrVal
 .text.SS1_SetVal
                0x00004060       0x1c ./Generated_Code/SS1.o
                0x00004060                SS1_SetVal
 .text.TMOUT1_GetCounter
                0x0000407c       0x78 ./Generated_Code/TMOUT1.o
                0x0000407c                TMOUT1_GetCounter
 .text.TMOUT1_LeaveCounter
                0x000040f4       0x44 ./Generated_Code/TMOUT1.o
                0x000040f4                TMOUT1_LeaveCounter
 .text.TMOUT1_CounterExpired
                0x00004138       0x4c ./Generated_Code/TMOUT1.o
                0x00004138                TMOUT1_CounterExpired
 .text.TMOUT1_Init
                0x00004184       0x3c ./Generated_Code/TMOUT1.o
                0x00004184                TMOUT1_Init
 .text.TU1_Init
                0x000041c0       0xf8 ./Generated_Code/TU1.o
                0x000041c0                TU1_Init
 .text.TU1_Interrupt
                0x000042b8       0x6c ./Generated_Code/TU1.o
                0x000042b8                TU1_Interrupt
 .text.TU2_Init
                0x00004324       0xd4 ./Generated_Code/TU2.o
                0x00004324                TU2_Init
 .text.TU2_Interrupt
                0x000043f8       0x6c ./Generated_Code/TU2.o
                0x000043f8                TU2_Interrupt
 .text.TimerIntLdd1_OnInterrupt
                0x00004464       0x14 ./Generated_Code/TimerCarteSD.o
                0x00004464                TimerIntLdd1_OnInterrupt
 .text.TimerIntLdd1_Init
                0x00004478       0x50 ./Generated_Code/TimerIntLdd1.o
                0x00004478                TimerIntLdd1_Init
 .text.TU1_OnCounterRestart
                0x000044c8       0x24 ./Generated_Code/TimerIntLdd1.o
                0x000044c8                TU1_OnCounterRestart
 .text.TimerIntLdd2_Init
                0x000044ec       0x50 ./Generated_Code/TimerIntLdd2.o
                0x000044ec                TimerIntLdd2_Init
 .text.TU2_OnCounterRestart
                0x0000453c       0x24 ./Generated_Code/TimerIntLdd2.o
                0x0000453c                TU2_OnCounterRestart
 .text.TmDt1_SetTime
                0x00004560       0x6c ./Generated_Code/TmDt1.o
                0x00004560                TmDt1_SetTime
 .text.TmDt1_AddTick
                0x000045cc       0xf0 ./Generated_Code/TmDt1.o
                0x000045cc                TmDt1_AddTick
 .text.TmDt1_GetTime
                0x000046bc       0x38 ./Generated_Code/TmDt1.o
                0x000046bc                TmDt1_GetTime
 .text.TmDt1_SetDate
                0x000046f4       0xac ./Generated_Code/TmDt1.o
                0x000046f4                TmDt1_SetDate
 .text.TmDt1_GetDate
                0x000047a0       0x48 ./Generated_Code/TmDt1.o
                0x000047a0                TmDt1_GetDate
 .text.TmDt1_Init
                0x000047e8       0x20 ./Generated_Code/TmDt1.o
                0x000047e8                TmDt1_Init
 .text.TmDt1_TicksToTime
                0x00004808       0xb8 ./Generated_Code/TmDt1.o
                0x00004808                TmDt1_TicksToTime
 .text.TmDt1_TimeToTicks
                0x000048c0       0x50 ./Generated_Code/TmDt1.o
                0x000048c0                TmDt1_TimeToTicks
 .text.UTIL1_strcat
                0x00004910       0x64 ./Generated_Code/UTIL1.o
                0x00004910                UTIL1_strcat
 .text.UTIL1_chcat
                0x00004974       0x50 ./Generated_Code/UTIL1.o
                0x00004974                UTIL1_chcat
 .text.WAIT1_Wait10Cycles
                0x000049c4        0x8 ./Generated_Code/WAIT1.o
                0x000049c4                WAIT1_Wait10Cycles
 .text.WAIT1_Wait100Cycles
                0x000049cc       0x1c ./Generated_Code/WAIT1.o
                0x000049cc                WAIT1_Wait100Cycles
 .text.WAIT1_WaitCycles
                0x000049e8       0x34 ./Generated_Code/WAIT1.o
                0x000049e8                WAIT1_WaitCycles
 .text.WAIT1_WaitLongCycles
                0x00004a1c       0x38 ./Generated_Code/WAIT1.o
                0x00004a1c                WAIT1_WaitLongCycles
 .text.WAIT1_Waitms
                0x00004a54       0x2c ./Generated_Code/WAIT1.o
                0x00004a54                WAIT1_Waitms
 .text.mem_cpy  0x00004a80       0x3c ./Generated_Code/ff.o
 .text.mem_set  0x00004abc       0x34 ./Generated_Code/ff.o
 .text.mem_cmp  0x00004af0       0x50 ./Generated_Code/ff.o
 .text.chk_chr  0x00004b40       0x38 ./Generated_Code/ff.o
 .text.sync_window
                0x00004b78       0x8c ./Generated_Code/ff.o
 .text.move_window
                0x00004c04       0x5c ./Generated_Code/ff.o
 .text.sync_fs  0x00004c60      0x14c ./Generated_Code/ff.o
 .text.clust2sect
                0x00004dac       0x3c ./Generated_Code/ff.o
                0x00004dac                clust2sect
 .text.get_fat  0x00004de8      0x168 ./Generated_Code/ff.o
                0x00004de8                get_fat
 .text.put_fat  0x00004f50      0x208 ./Generated_Code/ff.o
                0x00004f50                put_fat
 .text.remove_chain
                0x00005158       0xa4 ./Generated_Code/ff.o
 .text.create_chain
                0x000051fc      0x12c ./Generated_Code/ff.o
 .text.clmt_clust
                0x00005328       0x68 ./Generated_Code/ff.o
 .text.dir_sdi  0x00005390      0x100 ./Generated_Code/ff.o
 .text.dir_next
                0x00005490      0x1a8 ./Generated_Code/ff.o
 .text.dir_alloc
                0x00005638       0x8c ./Generated_Code/ff.o
 .text.ld_clust
                0x000056c4       0x58 ./Generated_Code/ff.o
 .text.st_clust
                0x0000571c       0x4c ./Generated_Code/ff.o
 .text.dir_find
                0x00005768       0x94 ./Generated_Code/ff.o
 .text.dir_register
                0x000057fc       0x68 ./Generated_Code/ff.o
 .text.create_name
                0x00005864      0x1f4 ./Generated_Code/ff.o
 .text.follow_path
                0x00005a58      0x108 ./Generated_Code/ff.o
 .text.get_ldnumber
                0x00005b60       0x90 ./Generated_Code/ff.o
 .text.check_fs
                0x00005bf0       0xc0 ./Generated_Code/ff.o
 .text.find_volume
                0x00005cb0      0x560 ./Generated_Code/ff.o
 .text.validate
                0x00006210       0x5c ./Generated_Code/ff.o
 .text.f_mount  0x0000626c       0x88 ./Generated_Code/ff.o
                0x0000626c                f_mount
 .text.f_open   0x000062f4      0x28c ./Generated_Code/ff.o
                0x000062f4                f_open
 .text.f_write  0x00006580      0x2f8 ./Generated_Code/ff.o
                0x00006580                f_write
 .text.f_sync   0x00006878      0x158 ./Generated_Code/ff.o
                0x00006878                f_sync
 .text.f_close  0x000069d0       0x38 ./Generated_Code/ff.o
                0x000069d0                f_close
 .text.TimerIntLdd2_OnInterrupt
                0x00006a08       0x14 ./Generated_Code/interruption_10s.o
                0x00006a08                TimerIntLdd2_OnInterrupt
 .text.uart1_CRLF
                0x00006a1c       0x24 ./Generated_Code/uart1.o
                0x00006a1c                uart1_CRLF
 .text.uart1_SendStr
                0x00006a40       0x34 ./Generated_Code/uart1.o
                0x00006a40                uart1_SendStr
 .text.LongToStr
                0x00006a74       0xf4 ./Generated_Code/uart1.o
 .text.uart1_SendNum
                0x00006b68       0x54 ./Generated_Code/uart1.o
                0x00006b68                uart1_SendNum
 .text.exit     0x00006bbc       0x28 c:/freescale/kds_v3/toolchain/bin/../lib/gcc/arm-none-eabi/4.8.4/../../../../arm-none-eabi/lib/armv7e-m/fpu\libg_s.a(lib_a-exit.o)
                0x00006bbc                exit
 .text.__libc_init_array
                0x00006be4       0x4c c:/freescale/kds_v3/toolchain/bin/../lib/gcc/arm-none-eabi/4.8.4/../../../../arm-none-eabi/lib/armv7e-m/fpu\libg_s.a(lib_a-init.o)
                0x00006be4                __libc_init_array
 .text.memset   0x00006c30       0x10 c:/freescale/kds_v3/toolchain/bin/../lib/gcc/arm-none-eabi/4.8.4/../../../../arm-none-eabi/lib/armv7e-m/fpu\libg_s.a(lib_a-memset.o)
                0x00006c30                memset
 .text.strlen   0x00006c40       0x10 c:/freescale/kds_v3/toolchain/bin/../lib/gcc/arm-none-eabi/4.8.4/../../../../arm-none-eabi/lib/armv7e-m/fpu\libg_s.a(lib_a-strlen.o)
                0x00006c40                strlen
 .text._exit    0x00006c50        0x4 c:/freescale/kds_v3/toolchain/bin/../lib/gcc/arm-none-eabi/4.8.4/../../../../arm-none-eabi/lib/armv7e-m/fpu\libnosys.a(_exit.o)
                0x00006c50                _exit
 *(.rodata)
 .rodata        0x00006c54        0xc ./Sources/main.o
 .rodata        0x00006c60       0x4c ./Sources/stockage_information.o
 .rodata        0x00006cac       0x44 ./Generated_Code/ff.o
 *(.rodata*)
 .rodata.ClockGenModeMatrix
                0x00006cf0       0x80 ./Static_Code/System/CPU_Init.o
 .rodata.CPU_ClockConfigDescriptors
                0x00006d70       0x1c ./Static_Code/System/CPU_Init.o
 .rodata.CPU_DefaultFEI
                0x00006d8c        0x8 ./Static_Code/System/CPU_Init.o
 .rodata.CPU_DefaultFBI
                0x00006d94        0x8 ./Static_Code/System/CPU_Init.o
 .rodata.CPU_DefaultBLPI
                0x00006d9c        0x8 ./Static_Code/System/CPU_Init.o
 .rodata.CPU_DefaultFEE
                0x00006da4        0x8 ./Static_Code/System/CPU_Init.o
 .rodata.CPU_DefaultFBE
                0x00006dac        0x8 ./Static_Code/System/CPU_Init.o
 .rodata.CPU_DefaultBLPE
                0x00006db4        0x8 ./Static_Code/System/CPU_Init.o
 .rodata.CPU_DefaultPBE
                0x00006dbc        0x8 ./Static_Code/System/CPU_Init.o
 .rodata.CPU_DefaultPEE
                0x00006dc4        0x8 ./Static_Code/System/CPU_Init.o
 .rodata.CPU_ClockGenModeRegs
                0x00006dcc       0x20 ./Static_Code/System/CPU_Init.o
 .rodata.ConfigurationSet
                0x00006dec        0x8 ./Generated_Code/SM_micro_sd.o
 .rodata.TxCommandList
                0x00006df4        0x8 ./Generated_Code/SM_micro_sd.o
 .rodata.ConfigurationSet
                0x00006dfc       0x10 ./Generated_Code/SMasterLdd1.o
 .rodata.TxCommandList
                0x00006e0c       0x10 ./Generated_Code/SMasterLdd1.o
 .rodata.ULY    0x00006e1c        0xc ./Generated_Code/TmDt1.o
 .rodata.LY     0x00006e28        0xc ./Generated_Code/TmDt1.o
 .rodata.ExCvt  0x00006e34       0x80 ./Generated_Code/ff.o
 .rodata.str1.1
                0x00006eb4        0x2 c:/freescale/kds_v3/toolchain/bin/../lib/gcc/arm-none-eabi/4.8.4/../../../../arm-none-eabi/lib/armv7e-m/fpu\libg_s.a(lib_a-impure.o)
 *fill*         0x00006eb6        0x2 
 .rodata._global_impure_ptr
                0x00006eb8        0x4 c:/freescale/kds_v3/toolchain/bin/../lib/gcc/arm-none-eabi/4.8.4/../../../../arm-none-eabi/lib/armv7e-m/fpu\libg_s.a(lib_a-impure.o)
                0x00006eb8                _global_impure_ptr
 *(.glue_7)
 .glue_7        0x00000000        0x0 linker stubs
 *(.glue_7t)
 .glue_7t       0x00000000        0x0 linker stubs
 *(.eh_frame)
 .eh_frame      0x00006ebc        0x0 c:/freescale/kds_v3/toolchain/bin/../lib/gcc/arm-none-eabi/4.8.4/armv7e-m/fpu/crtbegin.o
 *(.init)
 .init          0x00006ebc        0x4 c:/freescale/kds_v3/toolchain/bin/../lib/gcc/arm-none-eabi/4.8.4/armv7e-m/fpu/crti.o
                0x00006ebc                _init
 .init          0x00006ec0        0x8 c:/freescale/kds_v3/toolchain/bin/../lib/gcc/arm-none-eabi/4.8.4/armv7e-m/fpu/crtn.o
 *(.fini)
 .fini          0x00006ec8        0x4 c:/freescale/kds_v3/toolchain/bin/../lib/gcc/arm-none-eabi/4.8.4/armv7e-m/fpu/crti.o
                0x00006ec8                _fini
 .fini          0x00006ecc        0x8 c:/freescale/kds_v3/toolchain/bin/../lib/gcc/arm-none-eabi/4.8.4/armv7e-m/fpu/crtn.o
                0x00006ed4                . = ALIGN (0x4)
                0x00006ed4                _etext = .

.vfp11_veneer   0x00006ed4        0x0
 .vfp11_veneer  0x00000000        0x0 linker stubs

.v4_bx          0x00006ed4        0x0
 .v4_bx         0x00000000        0x0 linker stubs

.iplt           0x00006ed4        0x0
 .iplt          0x00000000        0x0 c:/freescale/kds_v3/toolchain/bin/../lib/gcc/arm-none-eabi/4.8.4/armv7e-m/fpu/crtbegin.o

.ARM.extab
 *(.ARM.extab* .gnu.linkonce.armextab.*)

.ARM            0x00006ed4        0x8
                0x00006ed4                __exidx_start = .
 *(.ARM.exidx*)
 .ARM.exidx     0x00006ed4        0x8 c:/freescale/kds_v3/toolchain/bin/../lib/gcc/arm-none-eabi/4.8.4/../../../../arm-none-eabi/lib/armv7e-m/fpu/crt0.o
                0x00006edc                __exidx_end = .

.rel.dyn        0x00006edc        0x0
 .rel.iplt      0x00000000        0x0 c:/freescale/kds_v3/toolchain/bin/../lib/gcc/arm-none-eabi/4.8.4/armv7e-m/fpu/crtbegin.o

.ctors          0x00006edc        0x0
                0x00006edc                __CTOR_LIST__ = .
 *crtbegin.o(.ctors)
 *(EXCLUDE_FILE(*crtend.o) .ctors)
 *(SORT(.ctors.*))
 *(.ctors)
                0x00006edc                __CTOR_END__ = .

.dtors          0x00006edc        0x0
                0x00006edc                __DTOR_LIST__ = .
 *crtbegin.o(.dtors)
 *(EXCLUDE_FILE(*crtend.o) .dtors)
 *(SORT(.dtors.*))
 *(.dtors)
                0x00006edc                __DTOR_END__ = .

.preinit_array  0x00006edc        0x0
                0x00006edc                PROVIDE (__preinit_array_start, .)
 *(.preinit_array*)
                0x00006edc                PROVIDE (__preinit_array_end, .)

.init_array     0x00006edc        0x4
                0x00006edc                PROVIDE (__init_array_start, .)
 *(SORT(.init_array.*))
 *(.init_array*)
 .init_array    0x00006edc        0x4 c:/freescale/kds_v3/toolchain/bin/../lib/gcc/arm-none-eabi/4.8.4/armv7e-m/fpu/crtbegin.o
                0x00006ee0                PROVIDE (__init_array_end, .)

.fini_array     0x00006ee0        0x4
                0x00006ee0                PROVIDE (__fini_array_start, .)
 *(SORT(.fini_array.*))
 *(.fini_array*)
 .fini_array    0x00006ee0        0x4 c:/freescale/kds_v3/toolchain/bin/../lib/gcc/arm-none-eabi/4.8.4/armv7e-m/fpu/crtbegin.o
                0x00006ee4                PROVIDE (__fini_array_end, .)
                0x00006ee4                ___ROM_AT = .

.data           0x20000000       0x80 load address 0x00006ee4
                0x20000000                . = ALIGN (0x4)
                0x20000000                _sdata = .
 *(.data)
 *(.data*)
 .data.jour     0x20000000        0x1 ./Sources/main.o
                0x20000000                jour
 .data.mois     0x20000001        0x1 ./Sources/main.o
                0x20000001                mois
 .data.an       0x20000002        0x1 ./Sources/main.o
                0x20000002                an
 *fill*         0x20000003        0x1 
 .data.tel1     0x20000004       0x10 ./Sources/main.o
                0x20000004                tel1
 .data.t1m      0x20000014        0x4 ./Sources/main.o
                0x20000014                t1m
 .data.t2m      0x20000018        0x4 ./Sources/main.o
                0x20000018                t2m
 .data.Stat     0x2000001c        0x1 ./Generated_Code/Carte_microSD.o
 .data.CardType
                0x2000001d        0x1 ./Generated_Code/Carte_microSD.o
 *fill*         0x2000001e        0x2 
 .data.impure_data
                0x20000020       0x60 c:/freescale/kds_v3/toolchain/bin/../lib/gcc/arm-none-eabi/4.8.4/../../../../arm-none-eabi/lib/armv7e-m/fpu\libg_s.a(lib_a-impure.o)
                0x20000080                . = ALIGN (0x4)
                0x20000080                _edata = .
                0x00000080                ___data_size = (_edata - _sdata)
                0x00006f64                ___m_data_1FFF0000_ROMStart = (___ROM_AT + SIZEOF (.data))

.jcr            0x20000080        0x0 load address 0x00006f64
 .jcr           0x20000080        0x0 c:/freescale/kds_v3/toolchain/bin/../lib/gcc/arm-none-eabi/4.8.4/armv7e-m/fpu/crtbegin.o

.igot.plt       0x20000080        0x0 load address 0x00006f64
 .igot.plt      0x00000000        0x0 c:/freescale/kds_v3/toolchain/bin/../lib/gcc/arm-none-eabi/4.8.4/armv7e-m/fpu/crtbegin.o

.m_data_1FFF0000
                0x1fff0000        0x0 load address 0x00006f64
                0x1fff0000                . = ALIGN (0x4)
                0x1fff0000                ___m_data_1FFF0000_RAMStart = .
 *(.m_data_1FFF0000)
                0x1fff0000                ___m_data_1FFF0000_RAMEnd = .
                0x1fff0000                . = ALIGN (0x4)
                0x00000000                ___m_data_1FFF0000_ROMSize = (___m_data_1FFF0000_RAMEnd - ___m_data_1FFF0000_RAMStart)
                0x1fff0000                . = ALIGN (0x4)

.bss            0x20000080      0x610 load address 0x00006f64
                0x20000080                __START_BSS = .
                0x20000080                PROVIDE (__bss_start__, __START_BSS)
 *(.bss)
 .bss           0x20000080       0x1c c:/freescale/kds_v3/toolchain/bin/../lib/gcc/arm-none-eabi/4.8.4/armv7e-m/fpu/crtbegin.o
 *(.bss*)
 .bss.SR_lock   0x2000009c        0x1 ./Static_Code/System/CPU_Init.o
                0x2000009c                SR_lock
 .bss.int_10s   0x2000009d        0x1 ./Sources/main.o
                0x2000009d                int_10s
 .bss.int_1j    0x2000009e        0x1 ./Sources/main.o
                0x2000009e                int_1j
 *fill*         0x2000009f        0x1 
 .bss.fileSystemObject
                0x200000a0      0x234 ./Sources/stockage_information.o
 .bss.fp        0x200002d4      0x228 ./Sources/stockage_information.o
 .bss.DeviceDataPrv__DEFAULT_RTOS_ALLOC
                0x200004fc       0x20 ./Generated_Code/ASerialLdd1.o
 .bss.DeviceDataPrv__DEFAULT_RTOS_ALLOC
                0x2000051c        0x4 ./Generated_Code/BitIoLdd1.o
 .bss.DeviceDataPrv__DEFAULT_RTOS_ALLOC
                0x20000520        0x4 ./Generated_Code/BitIoLdd2.o
 .bss.DeviceDataPrv__DEFAULT_RTOS_ALLOC
                0x20000524        0x4 ./Generated_Code/BitIoLdd3.o
 .bss.DeviceDataPrv__DEFAULT_RTOS_ALLOC
                0x20000528        0x4 ./Generated_Code/BitIoLdd4.o
 .bss.DeviceDataPrv__DEFAULT_RTOS_ALLOC
                0x2000052c        0x4 ./Generated_Code/CD1.o
 .bss.DeviceDataPrv__DEFAULT_RTOS_ALLOC
                0x20000530       0x18 ./Generated_Code/CI2C1.o
 .bss.INT_I2C0__DEFAULT_RTOS_ISRPARAM
                0x20000548        0x4 ./Generated_Code/CI2C1.o
 .bss.speedMode
                0x2000054c        0x1 ./Generated_Code/Carte_microSD.o
 .bss.Carte_microSD_DataReceivedFlag
                0x2000054d        0x1 ./Generated_Code/Carte_microSD.o
 *fill*         0x2000054e        0x2 
 .bss.DeviceDataPrv__DEFAULT_RTOS_ALLOC
                0x20000550        0x4 ./Generated_Code/ExtIntLdd1.o
 .bss.INT_PORTC__DEFAULT_RTOS_ISRPARAM
                0x20000554        0x4 ./Generated_Code/ExtIntLdd1.o
 .bss.GI2C1_deviceData
                0x20000558        0x8 ./Generated_Code/GI2C1.o
 .bss.SerFlag   0x20000560        0x2 ./Generated_Code/Inhr1.o
 .bss.BufferRead
                0x20000562        0x1 ./Generated_Code/Inhr1.o
 .bss.OutBuffer
                0x20000563        0x1 ./Generated_Code/Inhr1.o
 .bss.PE_LDD_DeviceDataList
                0x20000564       0x3c ./Generated_Code/PE_LDD.o
                0x20000564                PE_LDD_DeviceDataList
 .bss.DeviceDataPrv__DEFAULT_RTOS_ALLOC
                0x200005a0       0x20 ./Generated_Code/SM_micro_sd.o
 .bss.INT_SPI1__DEFAULT_RTOS_ISRPARAM
                0x200005c0        0x4 ./Generated_Code/SM_micro_sd.o
 .bss.DeviceDataPrv__DEFAULT_RTOS_ALLOC
                0x200005c4       0x24 ./Generated_Code/SMasterLdd1.o
 .bss.INT_SPI0__DEFAULT_RTOS_ISRPARAM
                0x200005e8        0x4 ./Generated_Code/SMasterLdd1.o
 .bss.EnUser    0x200005ec        0x1 ./Generated_Code/SPI0.o
 .bss.SerFlag   0x200005ed        0x1 ./Generated_Code/SPI0.o
 .bss.ErrFlag   0x200005ee        0x1 ./Generated_Code/SPI0.o
 .bss.BufferRead
                0x200005ef        0x1 ./Generated_Code/SPI0.o
 .bss.OutBuffer
                0x200005f0        0x1 ./Generated_Code/SPI0.o
 .bss.SpiClockfeatures
                0x200005f1        0x1 ./Generated_Code/SPI0.o
 .bss.SetAttributeCmd
                0x200005f2        0x1 ./Generated_Code/SPI0.o
 *fill*         0x200005f3        0x1 
 .bss.DeviceDataPrv__DEFAULT_RTOS_ALLOC
                0x200005f4        0x4 ./Generated_Code/SS1.o
 .bss.TMOUT1_Counters
                0x200005f8        0x4 ./Generated_Code/TMOUT1.o
 .bss.TMOUT1_FreeCounters
                0x200005fc        0x4 ./Generated_Code/TMOUT1.o
 .bss.DeviceDataPrv__DEFAULT_RTOS_ALLOC
                0x20000600        0xc ./Generated_Code/TU1.o
 .bss.INT_FTM0__DEFAULT_RTOS_ISRPARAM
                0x2000060c        0x4 ./Generated_Code/TU1.o
 .bss.DeviceDataPrv__DEFAULT_RTOS_ALLOC
                0x20000610        0xc ./Generated_Code/TU2.o
 .bss.INT_FTM1__DEFAULT_RTOS_ISRPARAM
                0x2000061c        0x4 ./Generated_Code/TU2.o
 .bss.DeviceDataPrv__DEFAULT_RTOS_ALLOC
                0x20000620        0xc ./Generated_Code/TimerIntLdd1.o
 .bss.DeviceDataPrv__DEFAULT_RTOS_ALLOC
                0x2000062c        0xc ./Generated_Code/TimerIntLdd2.o
 .bss.CntDay    0x20000638        0x1 ./Generated_Code/TmDt1.o
 .bss.CntMonth  0x20000639        0x1 ./Generated_Code/TmDt1.o
 .bss.CntYear   0x2000063a        0x2 ./Generated_Code/TmDt1.o
 .bss.tickCntr  0x2000063c        0x4 ./Generated_Code/TmDt1.o
 .bss.FatFs     0x20000640        0x4 ./Generated_Code/ff.o
 .bss.Fsid      0x20000644        0x2 ./Generated_Code/ff.o
 *(COMMON)
 COMMON         0x20000646        0x1 ./Static_Code/System/CPU_Init.o
                0x20000646                SR_reg
 *fill*         0x20000647        0x1 
 COMMON         0x20000648       0x40 ./Sources/main.o
                0x20000648                t2
                0x2000064c                minute
                0x2000064d                heure
                0x20000650                write_buf
                0x20000680                seconde
                0x20000684                t1
 COMMON         0x20000688        0x4 ./Generated_Code/Inhr1.o
                0x20000688                ASerialLdd1_DeviceDataPtr
 COMMON         0x2000068c        0x4 ./Generated_Code/SPI0.o
                0x2000068c                SMasterLdd1_DeviceDataPtr
                0x20000690                . = ALIGN (0x4)
                0x20000690                __END_BSS = .
                0x20000690                PROVIDE (__bss_end__, __END_BSS)
                0x00006f64                _romp_at = ((___ROM_AT + SIZEOF (.data)) + SIZEOF (.m_data_1FFF0000))

.romp           0x20000690       0x24 load address 0x00006f64
                0x00006f64                __S_romp = _romp_at
                0x20000690        0x4 LONG 0x6ee4 ___ROM_AT
                0x20000694        0x4 LONG 0x20000000 _sdata
                0x20000698        0x4 LONG 0x80 ___data_size
                0x2000069c        0x4 LONG 0x6f64 ___m_data_1FFF0000_ROMStart
                0x200006a0        0x4 LONG 0x1fff0000 ___m_data_1FFF0000_RAMStart
                0x200006a4        0x4 LONG 0x0 ___m_data_1FFF0000_ROMSize
                0x200006a8        0x4 LONG 0x0
                0x200006ac        0x4 LONG 0x0
                0x200006b0        0x4 LONG 0x0
                0x00100000                text_end = (ORIGIN (m_text) + 0xffbf0)
                0x00006f88                data_init_end = ((___m_data_1FFF0000_ROMStart + SIZEOF (.m_data_1FFF0000)) + SIZEOF (.romp))
                0x00000001                ASSERT ((data_init_end <= text_end), region m_text overflowed with text and data)

._user_heap_stack
                0x200006b4      0x400 load address 0x00006f88
                0x200006b4                . = ALIGN (0x4)
                0x200006b4                PROVIDE (end, .)
                0x200006b4                PROVIDE (_end, .)
                0x200006b4                PROVIDE (__end__, .)
                0x200006b4                __heap_addr = .
                0x200006b4                __HeapBase = .
                0x200006b4                . = (. + __heap_size)
                0x200006b4                __HeapLimit = .
                0x20000ab4                . = (. + __stack_size)
 *fill*         0x200006b4      0x400 
                0x20000ab4                . = ALIGN (0x4)

.ARM.attributes
                0x00000000       0x30
 *(.ARM.attributes)
 .ARM.attributes
                0x00000000       0x22 c:/freescale/kds_v3/toolchain/bin/../lib/gcc/arm-none-eabi/4.8.4/armv7e-m/fpu/crti.o
 .ARM.attributes
                0x00000022       0x34 c:/freescale/kds_v3/toolchain/bin/../lib/gcc/arm-none-eabi/4.8.4/armv7e-m/fpu/crtbegin.o
 .ARM.attributes
                0x00000056       0x20 c:/freescale/kds_v3/toolchain/bin/../lib/gcc/arm-none-eabi/4.8.4/../../../../arm-none-eabi/lib/armv7e-m/fpu/crt0.o
 .ARM.attributes
                0x00000076       0x39 ./Static_Code/System/CPU_Init.o
 .ARM.attributes
                0x000000af       0x39 ./Static_Code/System/Vectors.o
 .ARM.attributes
                0x000000e8       0x39 ./Sources/Events.o
 .ARM.attributes
                0x00000121       0x39 ./Sources/RTC.o
 .ARM.attributes
                0x0000015a       0x39 ./Sources/Temperature.o
 .ARM.attributes
                0x00000193       0x39 ./Sources/alerteGSM.o
 .ARM.attributes
                0x000001cc       0x39 ./Sources/main.o
 .ARM.attributes
                0x00000205       0x39 ./Sources/stockage_information.o
 .ARM.attributes
                0x0000023e       0x39 ./Project_Settings/Startup_Code/startup.o
 .ARM.attributes
                0x00000277       0x39 ./Generated_Code/ASerialLdd1.o
 .ARM.attributes
                0x000002b0       0x39 ./Generated_Code/BitIoLdd1.o
 .ARM.attributes
                0x000002e9       0x39 ./Generated_Code/BitIoLdd2.o
 .ARM.attributes
                0x00000322       0x39 ./Generated_Code/BitIoLdd3.o
 .ARM.attributes
                0x0000035b       0x39 ./Generated_Code/BitIoLdd4.o
 .ARM.attributes
                0x00000394       0x39 ./Generated_Code/CD1.o
 .ARM.attributes
                0x000003cd       0x39 ./Generated_Code/CI2C1.o
 .ARM.attributes
                0x00000406       0x39 ./Generated_Code/Carte_microSD.o
 .ARM.attributes
                0x0000043f       0x39 ./Generated_Code/Cpu.o
 .ARM.attributes
                0x00000478       0x39 ./Generated_Code/ExtIntLdd1.o
 .ARM.attributes
                0x000004b1       0x39 ./Generated_Code/FAT1.o
 .ARM.attributes
                0x000004ea       0x39 ./Generated_Code/GI2C1.o
 .ARM.attributes
                0x00000523       0x39 ./Generated_Code/Inhr1.o
 .ARM.attributes
                0x0000055c       0x39 ./Generated_Code/KBI1.o
 .ARM.attributes
                0x00000595       0x39 ./Generated_Code/KeyISRpin1.o
 .ARM.attributes
                0x000005ce       0x39 ./Generated_Code/PE_LDD.o
 .ARM.attributes
                0x00000607       0x39 ./Generated_Code/SM_micro_sd.o
 .ARM.attributes
                0x00000640       0x39 ./Generated_Code/SMasterLdd1.o
 .ARM.attributes
                0x00000679       0x39 ./Generated_Code/SPI0.o
 .ARM.attributes
                0x000006b2       0x39 ./Generated_Code/SS1.o
 .ARM.attributes
                0x000006eb       0x39 ./Generated_Code/TMOUT1.o
 .ARM.attributes
                0x00000724       0x39 ./Generated_Code/TU1.o
 .ARM.attributes
                0x0000075d       0x39 ./Generated_Code/TU2.o
 .ARM.attributes
                0x00000796       0x39 ./Generated_Code/TimerCarteSD.o
 .ARM.attributes
                0x000007cf       0x39 ./Generated_Code/TimerIntLdd1.o
 .ARM.attributes
                0x00000808       0x39 ./Generated_Code/TimerIntLdd2.o
 .ARM.attributes
                0x00000841       0x39 ./Generated_Code/TmDt1.o
 .ARM.attributes
                0x0000087a       0x39 ./Generated_Code/UTIL1.o
 .ARM.attributes
                0x000008b3       0x39 ./Generated_Code/WAIT1.o
 .ARM.attributes
                0x000008ec       0x39 ./Generated_Code/ff.o
 .ARM.attributes
                0x00000925       0x39 ./Generated_Code/interruption_10s.o
 .ARM.attributes
                0x0000095e       0x39 ./Generated_Code/uart1.o
 .ARM.attributes
                0x00000997       0x34 c:/freescale/kds_v3/toolchain/bin/../lib/gcc/arm-none-eabi/4.8.4/../../../../arm-none-eabi/lib/armv7e-m/fpu\libg_s.a(lib_a-exit.o)
 .ARM.attributes
                0x000009cb       0x34 c:/freescale/kds_v3/toolchain/bin/../lib/gcc/arm-none-eabi/4.8.4/../../../../arm-none-eabi/lib/armv7e-m/fpu\libg_s.a(lib_a-impure.o)
 .ARM.attributes
                0x000009ff       0x34 c:/freescale/kds_v3/toolchain/bin/../lib/gcc/arm-none-eabi/4.8.4/../../../../arm-none-eabi/lib/armv7e-m/fpu\libg_s.a(lib_a-init.o)
 .ARM.attributes
                0x00000a33       0x34 c:/freescale/kds_v3/toolchain/bin/../lib/gcc/arm-none-eabi/4.8.4/../../../../arm-none-eabi/lib/armv7e-m/fpu\libg_s.a(lib_a-memset.o)
 .ARM.attributes
                0x00000a67       0x34 c:/freescale/kds_v3/toolchain/bin/../lib/gcc/arm-none-eabi/4.8.4/../../../../arm-none-eabi/lib/armv7e-m/fpu\libg_s.a(lib_a-strlen.o)
 .ARM.attributes
                0x00000a9b       0x34 c:/freescale/kds_v3/toolchain/bin/../lib/gcc/arm-none-eabi/4.8.4/../../../../arm-none-eabi/lib/armv7e-m/fpu\libnosys.a(_exit.o)
 .ARM.attributes
                0x00000acf       0x22 c:/freescale/kds_v3/toolchain/bin/../lib/gcc/arm-none-eabi/4.8.4/armv7e-m/fpu/crtn.o
OUTPUT(cartesd.elf elf32-littlearm)

.debug_info     0x00000000     0xe35d
 .debug_info    0x00000000      0xa9b ./Static_Code/System/CPU_Init.o
 .debug_info    0x00000a9b      0x826 ./Static_Code/System/Vectors.o
 .debug_info    0x000012c1      0x163 ./Sources/Events.o
 .debug_info    0x00001424      0x48f ./Sources/RTC.o
 .debug_info    0x000018b3      0x200 ./Sources/Temperature.o
 .debug_info    0x00001ab3       0xd1 ./Sources/alerteGSM.o
 .debug_info    0x00001b84      0x4dd ./Sources/main.o
 .debug_info    0x00002061      0x80c ./Sources/stockage_information.o
 .debug_info    0x0000286d      0x3b0 ./Project_Settings/Startup_Code/startup.o
 .debug_info    0x00002c1d      0x860 ./Generated_Code/ASerialLdd1.o
 .debug_info    0x0000347d      0x511 ./Generated_Code/BitIoLdd1.o
 .debug_info    0x0000398e      0x511 ./Generated_Code/BitIoLdd2.o
 .debug_info    0x00003e9f      0x511 ./Generated_Code/BitIoLdd3.o
 .debug_info    0x000043b0      0x511 ./Generated_Code/BitIoLdd4.o
 .debug_info    0x000048c1      0x537 ./Generated_Code/CD1.o
 .debug_info    0x00004df8      0x8a2 ./Generated_Code/CI2C1.o
 .debug_info    0x0000569a      0x76c ./Generated_Code/Carte_microSD.o
 .debug_info    0x00005e06       0xa7 ./Generated_Code/Cpu.o
 .debug_info    0x00005ead      0x644 ./Generated_Code/ExtIntLdd1.o
 .debug_info    0x000064f1      0x51e ./Generated_Code/FAT1.o
 .debug_info    0x00006a0f      0x5d9 ./Generated_Code/GI2C1.o
 .debug_info    0x00006fe8      0x20b ./Generated_Code/Inhr1.o
 .debug_info    0x000071f3       0xfb ./Generated_Code/KBI1.o
 .debug_info    0x000072ee       0xb2 ./Generated_Code/KeyISRpin1.o
 .debug_info    0x000073a0      0x251 ./Generated_Code/PE_LDD.o
 .debug_info    0x000075f1      0x8eb ./Generated_Code/SM_micro_sd.o
 .debug_info    0x00007edc      0x956 ./Generated_Code/SMasterLdd1.o
 .debug_info    0x00008832      0x3f6 ./Generated_Code/SPI0.o
 .debug_info    0x00008c28      0x537 ./Generated_Code/SS1.o
 .debug_info    0x0000915f      0x2c1 ./Generated_Code/TMOUT1.o
 .debug_info    0x00009420      0x647 ./Generated_Code/TU1.o
 .debug_info    0x00009a67      0x647 ./Generated_Code/TU2.o
 .debug_info    0x0000a0ae       0xb2 ./Generated_Code/TimerCarteSD.o
 .debug_info    0x0000a160      0x177 ./Generated_Code/TimerIntLdd1.o
 .debug_info    0x0000a2d7      0x177 ./Generated_Code/TimerIntLdd2.o
 .debug_info    0x0000a44e      0x43e ./Generated_Code/TmDt1.o
 .debug_info    0x0000a88c     0x16c3 ./Generated_Code/UTIL1.o
 .debug_info    0x0000bf4f      0x148 ./Generated_Code/WAIT1.o
 .debug_info    0x0000c097     0x1f5a ./Generated_Code/ff.o
 .debug_info    0x0000dff1       0xb2 ./Generated_Code/interruption_10s.o
 .debug_info    0x0000e0a3      0x2ba ./Generated_Code/uart1.o

.debug_abbrev   0x00000000     0x341a
 .debug_abbrev  0x00000000      0x1bf ./Static_Code/System/CPU_Init.o
 .debug_abbrev  0x000001bf       0xd8 ./Static_Code/System/Vectors.o
 .debug_abbrev  0x00000297       0xab ./Sources/Events.o
 .debug_abbrev  0x00000342      0x13c ./Sources/RTC.o
 .debug_abbrev  0x0000047e       0xc7 ./Sources/Temperature.o
 .debug_abbrev  0x00000545       0x70 ./Sources/alerteGSM.o
 .debug_abbrev  0x000005b5      0x14b ./Sources/main.o
 .debug_abbrev  0x00000700      0x21d ./Sources/stockage_information.o
 .debug_abbrev  0x0000091d      0x189 ./Project_Settings/Startup_Code/startup.o
 .debug_abbrev  0x00000aa6      0x1c3 ./Generated_Code/ASerialLdd1.o
 .debug_abbrev  0x00000c69      0x15d ./Generated_Code/BitIoLdd1.o
 .debug_abbrev  0x00000dc6      0x15d ./Generated_Code/BitIoLdd2.o
 .debug_abbrev  0x00000f23      0x15d ./Generated_Code/BitIoLdd3.o
 .debug_abbrev  0x00001080      0x15d ./Generated_Code/BitIoLdd4.o
 .debug_abbrev  0x000011dd      0x186 ./Generated_Code/CD1.o
 .debug_abbrev  0x00001363      0x1a5 ./Generated_Code/CI2C1.o
 .debug_abbrev  0x00001508      0x235 ./Generated_Code/Carte_microSD.o
 .debug_abbrev  0x0000173d       0x45 ./Generated_Code/Cpu.o
 .debug_abbrev  0x00001782      0x177 ./Generated_Code/ExtIntLdd1.o
 .debug_abbrev  0x000018f9      0x15b ./Generated_Code/FAT1.o
 .debug_abbrev  0x00001a54      0x1eb ./Generated_Code/GI2C1.o
 .debug_abbrev  0x00001c3f      0x117 ./Generated_Code/Inhr1.o
 .debug_abbrev  0x00001d56       0x9f ./Generated_Code/KBI1.o
 .debug_abbrev  0x00001df5       0x68 ./Generated_Code/KeyISRpin1.o
 .debug_abbrev  0x00001e5d      0x10d ./Generated_Code/PE_LDD.o
 .debug_abbrev  0x00001f6a      0x1e4 ./Generated_Code/SM_micro_sd.o
 .debug_abbrev  0x0000214e      0x1fe ./Generated_Code/SMasterLdd1.o
 .debug_abbrev  0x0000234c      0x1e6 ./Generated_Code/SPI0.o
 .debug_abbrev  0x00002532      0x186 ./Generated_Code/SS1.o
 .debug_abbrev  0x000026b8       0xaf ./Generated_Code/TMOUT1.o
 .debug_abbrev  0x00002767      0x16a ./Generated_Code/TU1.o
 .debug_abbrev  0x000028d1      0x16a ./Generated_Code/TU2.o
 .debug_abbrev  0x00002a3b       0x68 ./Generated_Code/TimerCarteSD.o
 .debug_abbrev  0x00002aa3       0xdd ./Generated_Code/TimerIntLdd1.o
 .debug_abbrev  0x00002b80       0xdd ./Generated_Code/TimerIntLdd2.o
 .debug_abbrev  0x00002c5d      0x199 ./Generated_Code/TmDt1.o
 .debug_abbrev  0x00002df6      0x1b6 ./Generated_Code/UTIL1.o
 .debug_abbrev  0x00002fac       0xb1 ./Generated_Code/WAIT1.o
 .debug_abbrev  0x0000305d      0x21c ./Generated_Code/ff.o
 .debug_abbrev  0x00003279       0x68 ./Generated_Code/interruption_10s.o
 .debug_abbrev  0x000032e1      0x139 ./Generated_Code/uart1.o

.debug_aranges  0x00000000     0x1168
 .debug_aranges
                0x00000000       0x40 ./Static_Code/System/CPU_Init.o
 .debug_aranges
                0x00000040      0x340 ./Static_Code/System/Vectors.o
 .debug_aranges
                0x00000380       0x58 ./Sources/Events.o
 .debug_aranges
                0x000003d8       0x40 ./Sources/RTC.o
 .debug_aranges
                0x00000418       0x30 ./Sources/Temperature.o
 .debug_aranges
                0x00000448       0x20 ./Sources/alerteGSM.o
 .debug_aranges
                0x00000468       0x20 ./Sources/main.o
 .debug_aranges
                0x00000488       0x50 ./Sources/stockage_information.o
 .debug_aranges
                0x000004d8       0x50 ./Project_Settings/Startup_Code/startup.o
 .debug_aranges
                0x00000528       0x58 ./Generated_Code/ASerialLdd1.o
 .debug_aranges
                0x00000580       0x40 ./Generated_Code/BitIoLdd1.o
 .debug_aranges
                0x000005c0       0x40 ./Generated_Code/BitIoLdd2.o
 .debug_aranges
                0x00000600       0x40 ./Generated_Code/BitIoLdd3.o
 .debug_aranges
                0x00000640       0x40 ./Generated_Code/BitIoLdd4.o
 .debug_aranges
                0x00000680       0x48 ./Generated_Code/CD1.o
 .debug_aranges
                0x000006c8       0x48 ./Generated_Code/CI2C1.o
 .debug_aranges
                0x00000710       0xd8 ./Generated_Code/Carte_microSD.o
 .debug_aranges
                0x000007e8       0x28 ./Generated_Code/Cpu.o
 .debug_aranges
                0x00000810       0x40 ./Generated_Code/ExtIntLdd1.o
 .debug_aranges
                0x00000850       0x78 ./Generated_Code/FAT1.o
 .debug_aranges
                0x000008c8       0xa0 ./Generated_Code/GI2C1.o
 .debug_aranges
                0x00000968       0x48 ./Generated_Code/Inhr1.o
 .debug_aranges
                0x000009b0       0x38 ./Generated_Code/KBI1.o
 .debug_aranges
                0x000009e8       0x20 ./Generated_Code/KeyISRpin1.o
 .debug_aranges
                0x00000a08       0x30 ./Generated_Code/PE_LDD.o
 .debug_aranges
                0x00000a38       0x48 ./Generated_Code/SM_micro_sd.o
 .debug_aranges
                0x00000a80       0x58 ./Generated_Code/SMasterLdd1.o
 .debug_aranges
                0x00000ad8       0x70 ./Generated_Code/SPI0.o
 .debug_aranges
                0x00000b48       0x48 ./Generated_Code/SS1.o
 .debug_aranges
                0x00000b90       0x50 ./Generated_Code/TMOUT1.o
 .debug_aranges
                0x00000be0       0x28 ./Generated_Code/TU1.o
 .debug_aranges
                0x00000c08       0x28 ./Generated_Code/TU2.o
 .debug_aranges
                0x00000c30       0x20 ./Generated_Code/TimerCarteSD.o
 .debug_aranges
                0x00000c50       0x28 ./Generated_Code/TimerIntLdd1.o
 .debug_aranges
                0x00000c78       0x28 ./Generated_Code/TimerIntLdd2.o
 .debug_aranges
                0x00000ca0       0x68 ./Generated_Code/TmDt1.o
 .debug_aranges
                0x00000d08      0x1c8 ./Generated_Code/UTIL1.o
 .debug_aranges
                0x00000ed0       0x40 ./Generated_Code/WAIT1.o
 .debug_aranges
                0x00000f10      0x1d0 ./Generated_Code/ff.o
 .debug_aranges
                0x000010e0       0x20 ./Generated_Code/interruption_10s.o
 .debug_aranges
                0x00001100       0x68 ./Generated_Code/uart1.o

.debug_ranges   0x00000000      0xef0
 .debug_ranges  0x00000000       0x30 ./Static_Code/System/CPU_Init.o
 .debug_ranges  0x00000030      0x330 ./Static_Code/System/Vectors.o
 .debug_ranges  0x00000360       0x48 ./Sources/Events.o
 .debug_ranges  0x000003a8       0x30 ./Sources/RTC.o
 .debug_ranges  0x000003d8       0x20 ./Sources/Temperature.o
 .debug_ranges  0x000003f8       0x10 ./Sources/alerteGSM.o
 .debug_ranges  0x00000408       0x10 ./Sources/main.o
 .debug_ranges  0x00000418       0x40 ./Sources/stockage_information.o
 .debug_ranges  0x00000458       0x40 ./Project_Settings/Startup_Code/startup.o
 .debug_ranges  0x00000498       0x48 ./Generated_Code/ASerialLdd1.o
 .debug_ranges  0x000004e0       0x30 ./Generated_Code/BitIoLdd1.o
 .debug_ranges  0x00000510       0x30 ./Generated_Code/BitIoLdd2.o
 .debug_ranges  0x00000540       0x30 ./Generated_Code/BitIoLdd3.o
 .debug_ranges  0x00000570       0x30 ./Generated_Code/BitIoLdd4.o
 .debug_ranges  0x000005a0       0x38 ./Generated_Code/CD1.o
 .debug_ranges  0x000005d8       0x38 ./Generated_Code/CI2C1.o
 .debug_ranges  0x00000610       0xc8 ./Generated_Code/Carte_microSD.o
 .debug_ranges  0x000006d8       0x18 ./Generated_Code/Cpu.o
 .debug_ranges  0x000006f0       0x30 ./Generated_Code/ExtIntLdd1.o
 .debug_ranges  0x00000720       0x68 ./Generated_Code/FAT1.o
 .debug_ranges  0x00000788       0x90 ./Generated_Code/GI2C1.o
 .debug_ranges  0x00000818       0x38 ./Generated_Code/Inhr1.o
 .debug_ranges  0x00000850       0x28 ./Generated_Code/KBI1.o
 .debug_ranges  0x00000878       0x10 ./Generated_Code/KeyISRpin1.o
 .debug_ranges  0x00000888       0x20 ./Generated_Code/PE_LDD.o
 .debug_ranges  0x000008a8       0x38 ./Generated_Code/SM_micro_sd.o
 .debug_ranges  0x000008e0       0x48 ./Generated_Code/SMasterLdd1.o
 .debug_ranges  0x00000928       0x60 ./Generated_Code/SPI0.o
 .debug_ranges  0x00000988       0x38 ./Generated_Code/SS1.o
 .debug_ranges  0x000009c0       0x40 ./Generated_Code/TMOUT1.o
 .debug_ranges  0x00000a00       0x18 ./Generated_Code/TU1.o
 .debug_ranges  0x00000a18       0x18 ./Generated_Code/TU2.o
 .debug_ranges  0x00000a30       0x10 ./Generated_Code/TimerCarteSD.o
 .debug_ranges  0x00000a40       0x18 ./Generated_Code/TimerIntLdd1.o
 .debug_ranges  0x00000a58       0x18 ./Generated_Code/TimerIntLdd2.o
 .debug_ranges  0x00000a70       0x58 ./Generated_Code/TmDt1.o
 .debug_ranges  0x00000ac8      0x1b8 ./Generated_Code/UTIL1.o
 .debug_ranges  0x00000c80       0x30 ./Generated_Code/WAIT1.o
 .debug_ranges  0x00000cb0      0x1d8 ./Generated_Code/ff.o
 .debug_ranges  0x00000e88       0x10 ./Generated_Code/interruption_10s.o
 .debug_ranges  0x00000e98       0x58 ./Generated_Code/uart1.o

.debug_macro    0x00000000    0x36394
 .debug_macro   0x00000000      0x439 ./Static_Code/System/CPU_Init.o
 .debug_macro   0x00000439      0x850 ./Static_Code/System/CPU_Init.o
 .debug_macro   0x00000c89       0x16 ./Static_Code/System/CPU_Init.o
 .debug_macro   0x00000c9f       0x44 ./Static_Code/System/CPU_Init.o
 .debug_macro   0x00000ce3      0x209 ./Static_Code/System/CPU_Init.o
 .debug_macro   0x00000eec     0x17d7 ./Static_Code/System/CPU_Init.o
 .debug_macro   0x000026c3    0x110ae ./Static_Code/System/CPU_Init.o
 .debug_macro   0x00013771      0x4b1 ./Static_Code/System/CPU_Init.o
 .debug_macro   0x00013c22      0x14e ./Static_Code/System/CPU_Init.o
 .debug_macro   0x00013d70       0x6a ./Static_Code/System/CPU_Init.o
 .debug_macro   0x00013dda       0x58 ./Static_Code/System/CPU_Init.o
 .debug_macro   0x00013e32       0x35 ./Static_Code/System/CPU_Init.o
 .debug_macro   0x00013e67       0xa3 ./Static_Code/System/CPU_Init.o
 .debug_macro   0x00013f0a       0x16 ./Static_Code/System/CPU_Init.o
 .debug_macro   0x00013f20       0x52 ./Static_Code/System/CPU_Init.o
 .debug_macro   0x00013f72       0x94 ./Static_Code/System/CPU_Init.o
 .debug_macro   0x00014006      0x642 ./Static_Code/System/CPU_Init.o
 .debug_macro   0x00014648       0x51 ./Static_Code/System/CPU_Init.o
 .debug_macro   0x00014699      0x132 ./Static_Code/System/CPU_Init.o
 .debug_macro   0x000147cb       0x46 ./Static_Code/System/CPU_Init.o
 .debug_macro   0x00014811       0x4c ./Static_Code/System/CPU_Init.o
 .debug_macro   0x0001485d       0x3d ./Static_Code/System/CPU_Init.o
 .debug_macro   0x0001489a       0x2e ./Static_Code/System/CPU_Init.o
 .debug_macro   0x000148c8       0x1c ./Static_Code/System/CPU_Init.o
 .debug_macro   0x000148e4       0x1c ./Static_Code/System/CPU_Init.o
 .debug_macro   0x00014900       0xe4 ./Static_Code/System/CPU_Init.o
 .debug_macro   0x000149e4       0xd6 ./Static_Code/System/CPU_Init.o
 .debug_macro   0x00014aba       0xeb ./Static_Code/System/CPU_Init.o
 .debug_macro   0x00014ba5       0x1c ./Static_Code/System/CPU_Init.o
 .debug_macro   0x00014bc1      0x166 ./Static_Code/System/CPU_Init.o
 .debug_macro   0x00014d27       0x52 ./Static_Code/System/CPU_Init.o
 .debug_macro   0x00014d79       0x16 ./Static_Code/System/CPU_Init.o
 .debug_macro   0x00014d8f       0x43 ./Static_Code/System/CPU_Init.o
 .debug_macro   0x00014dd2      0x180 ./Static_Code/System/CPU_Init.o
 .debug_macro   0x00014f52      0x2a6 ./Static_Code/System/CPU_Init.o
 .debug_macro   0x000151f8       0x10 ./Static_Code/System/CPU_Init.o
 .debug_macro   0x00015208       0x35 ./Static_Code/System/CPU_Init.o
 .debug_macro   0x0001523d       0x19 ./Static_Code/System/CPU_Init.o
 .debug_macro   0x00015256       0xf4 ./Static_Code/System/CPU_Init.o
 .debug_macro   0x0001534a       0xe4 ./Static_Code/System/CPU_Init.o
 .debug_macro   0x0001542e      0x6a6 ./Static_Code/System/CPU_Init.o
 .debug_macro   0x00015ad4       0x4a ./Static_Code/System/CPU_Init.o
 .debug_macro   0x00015b1e       0x1c ./Static_Code/System/CPU_Init.o
 .debug_macro   0x00015b3a       0x43 ./Static_Code/System/CPU_Init.o
 .debug_macro   0x00015b7d       0x16 ./Static_Code/System/CPU_Init.o
 .debug_macro   0x00015b93       0xaf ./Static_Code/System/CPU_Init.o
 .debug_macro   0x00015c42       0x58 ./Static_Code/System/CPU_Init.o
 .debug_macro   0x00015c9a       0x18 ./Static_Code/System/CPU_Init.o
 .debug_macro   0x00015cb2       0x46 ./Static_Code/System/CPU_Init.o
 .debug_macro   0x00015cf8       0x1f ./Static_Code/System/CPU_Init.o
 .debug_macro   0x00015d17       0x46 ./Static_Code/System/CPU_Init.o
 .debug_macro   0x00015d5d       0x1f ./Static_Code/System/CPU_Init.o
 .debug_macro   0x00015d7c       0x5d ./Static_Code/System/CPU_Init.o
 .debug_macro   0x00015dd9       0x11 ./Static_Code/System/CPU_Init.o
 .debug_macro   0x00015dea       0x46 ./Static_Code/System/CPU_Init.o
 .debug_macro   0x00015e30       0x1f ./Static_Code/System/CPU_Init.o
 .debug_macro   0x00015e4f       0x46 ./Static_Code/System/CPU_Init.o
 .debug_macro   0x00015e95       0x1f ./Static_Code/System/CPU_Init.o
 .debug_macro   0x00015eb4      0x4ea ./Static_Code/System/CPU_Init.o
 .debug_macro   0x0001639e       0x3a ./Static_Code/System/CPU_Init.o
 .debug_macro   0x000163d8       0x17 ./Static_Code/System/CPU_Init.o
 .debug_macro   0x000163ef       0x50 ./Static_Code/System/CPU_Init.o
 .debug_macro   0x0001643f       0x1c ./Static_Code/System/CPU_Init.o
 .debug_macro   0x0001645b      0x2b4 ./Static_Code/System/CPU_Init.o
 .debug_macro   0x0001670f      0x427 ./Static_Code/System/Vectors.o
 .debug_macro   0x00016b36      0x531 ./Sources/Events.o
 .debug_macro   0x00017067      0x61c ./Sources/Events.o
 .debug_macro   0x00017683      0x625 ./Sources/Events.o
 .debug_macro   0x00017ca8      0x328 ./Sources/Events.o
 .debug_macro   0x00017fd0      0x1e9 ./Sources/Events.o
 .debug_macro   0x000181b9      0x109 ./Sources/Events.o
 .debug_macro   0x000182c2      0x17f ./Sources/Events.o
 .debug_macro   0x00018441      0x202 ./Sources/Events.o
 .debug_macro   0x00018643      0x91e ./Sources/Events.o
 .debug_macro   0x00018f61      0x585 ./Sources/Events.o
 .debug_macro   0x000194e6       0x9e ./Sources/Events.o
 .debug_macro   0x00019584      0x1f9 ./Sources/Events.o
 .debug_macro   0x0001977d      0x50f ./Sources/Events.o
 .debug_macro   0x00019c8c      0x29c ./Sources/Events.o
 .debug_macro   0x00019f28      0x264 ./Sources/Events.o
 .debug_macro   0x0001a18c      0x25b ./Sources/Events.o
 .debug_macro   0x0001a3e7      0x4f1 ./Sources/Events.o
 .debug_macro   0x0001a8d8      0x13f ./Sources/Events.o
 .debug_macro   0x0001aa17       0x6c ./Sources/Events.o
 .debug_macro   0x0001aa83      0x30d ./Sources/Events.o
 .debug_macro   0x0001ad90       0xbb ./Sources/Events.o
 .debug_macro   0x0001ae4b       0xe9 ./Sources/Events.o
 .debug_macro   0x0001af34      0x18f ./Sources/Events.o
 .debug_macro   0x0001b0c3       0xea ./Sources/Events.o
 .debug_macro   0x0001b1ad      0x344 ./Sources/Events.o
 .debug_macro   0x0001b4f1      0x824 ./Sources/Events.o
 .debug_macro   0x0001bd15      0x179 ./Sources/Events.o
 .debug_macro   0x0001be8e      0x644 ./Sources/Events.o
 .debug_macro   0x0001c4d2      0xa28 ./Sources/Events.o
 .debug_macro   0x0001cefa      0x124 ./Sources/Events.o
 .debug_macro   0x0001d01e       0x81 ./Sources/Events.o
 .debug_macro   0x0001d09f      0x7bf ./Sources/Events.o
 .debug_macro   0x0001d85e      0x10f ./Sources/Events.o
 .debug_macro   0x0001d96d      0x66f ./Sources/Events.o
 .debug_macro   0x0001dfdc       0x7b ./Sources/Events.o
 .debug_macro   0x0001e057      0x182 ./Sources/Events.o
 .debug_macro   0x0001e1d9      0x563 ./Sources/RTC.o
 .debug_macro   0x0001e73c      0x563 ./Sources/Temperature.o
 .debug_macro   0x0001ec9f      0x563 ./Sources/alerteGSM.o
 .debug_macro   0x0001f202      0x563 ./Sources/main.o
 .debug_macro   0x0001f765      0x563 ./Sources/stockage_information.o
 .debug_macro   0x0001fcc8      0x121 ./Project_Settings/Startup_Code/startup.o
 .debug_macro   0x0001fde9       0x4a ./Project_Settings/Startup_Code/startup.o
 .debug_macro   0x0001fe33       0x16 ./Project_Settings/Startup_Code/startup.o
 .debug_macro   0x0001fe49       0x22 ./Project_Settings/Startup_Code/startup.o
 .debug_macro   0x0001fe6b       0x10 ./Project_Settings/Startup_Code/startup.o
 .debug_macro   0x0001fe7b      0x20f ./Project_Settings/Startup_Code/startup.o
 .debug_macro   0x0002008a    0x110a2 ./Project_Settings/Startup_Code/startup.o
 .debug_macro   0x0003112c      0x112 ./Generated_Code/ASerialLdd1.o
 .debug_macro   0x0003123e       0x57 ./Generated_Code/ASerialLdd1.o
 .debug_macro   0x00031295       0x17 ./Generated_Code/ASerialLdd1.o
 .debug_macro   0x000312ac      0x7b9 ./Generated_Code/ASerialLdd1.o
 .debug_macro   0x00031a65       0xfa ./Generated_Code/BitIoLdd1.o
 .debug_macro   0x00031b5f      0x12c ./Generated_Code/BitIoLdd1.o
 .debug_macro   0x00031c8b       0x40 ./Generated_Code/BitIoLdd1.o
 .debug_macro   0x00031ccb       0xfa ./Generated_Code/BitIoLdd2.o
 .debug_macro   0x00031dc5       0x40 ./Generated_Code/BitIoLdd2.o
 .debug_macro   0x00031e05       0xfa ./Generated_Code/BitIoLdd3.o
 .debug_macro   0x00031eff       0x40 ./Generated_Code/BitIoLdd3.o
 .debug_macro   0x00031f3f       0xfa ./Generated_Code/BitIoLdd4.o
 .debug_macro   0x00032039       0x40 ./Generated_Code/BitIoLdd4.o
 .debug_macro   0x00032079       0xfa ./Generated_Code/CD1.o
 .debug_macro   0x00032173       0x46 ./Generated_Code/CD1.o
 .debug_macro   0x000321b9      0x14f ./Generated_Code/CI2C1.o
 .debug_macro   0x00032308       0x37 ./Generated_Code/CI2C1.o
 .debug_macro   0x0003233f      0x4e4 ./Generated_Code/CI2C1.o
 .debug_macro   0x00032823      0x1d0 ./Generated_Code/Carte_microSD.o
 .debug_macro   0x000329f3      0x3fc ./Generated_Code/Cpu.o
 .debug_macro   0x00032def      0x112 ./Generated_Code/ExtIntLdd1.o
 .debug_macro   0x00032f01      0x21e ./Generated_Code/FAT1.o
 .debug_macro   0x0003311f       0xee ./Generated_Code/FAT1.o
 .debug_macro   0x0003320d       0xee ./Generated_Code/FAT1.o
 .debug_macro   0x000332fb       0xfa ./Generated_Code/GI2C1.o
 .debug_macro   0x000333f5      0x12d ./Generated_Code/Inhr1.o
 .debug_macro   0x00033522      0x3dc ./Generated_Code/KBI1.o
 .debug_macro   0x000338fe      0x11c ./Generated_Code/KeyISRpin1.o
 .debug_macro   0x00033a1a      0x36c ./Generated_Code/PE_LDD.o
 .debug_macro   0x00033d86      0x3f1 ./Generated_Code/SM_micro_sd.o
 .debug_macro   0x00034177      0x11b ./Generated_Code/SMasterLdd1.o
 .debug_macro   0x00034292       0x51 ./Generated_Code/SMasterLdd1.o
 .debug_macro   0x000342e3      0x42a ./Generated_Code/SPI0.o
 .debug_macro   0x0003470d       0xfa ./Generated_Code/SS1.o
 .debug_macro   0x00034807       0xf7 ./Generated_Code/TMOUT1.o
 .debug_macro   0x000348fe      0x10f ./Generated_Code/TU1.o
 .debug_macro   0x00034a0d      0x6a0 ./Generated_Code/TU1.o
 .debug_macro   0x000350ad      0x10f ./Generated_Code/TU2.o
 .debug_macro   0x000351bc       0x4a ./Generated_Code/TU2.o
 .debug_macro   0x00035206      0x3dc ./Generated_Code/TimerCarteSD.o
 .debug_macro   0x000355e2      0x119 ./Generated_Code/TimerIntLdd1.o
 .debug_macro   0x000356fb      0x119 ./Generated_Code/TimerIntLdd2.o
 .debug_macro   0x00035814       0xfd ./Generated_Code/TmDt1.o
 .debug_macro   0x00035911       0x16 ./Generated_Code/TmDt1.o
 .debug_macro   0x00035927      0x184 ./Generated_Code/UTIL1.o
 .debug_macro   0x00035aab       0xe2 ./Generated_Code/WAIT1.o
 .debug_macro   0x00035b8d      0x2d2 ./Generated_Code/ff.o
 .debug_macro   0x00035e5f       0x58 ./Generated_Code/ff.o
 .debug_macro   0x00035eb7      0x3dc ./Generated_Code/interruption_10s.o
 .debug_macro   0x00036293      0x101 ./Generated_Code/uart1.o

.debug_line     0x00000000    0x10678
 .debug_line    0x00000000      0x841 ./Static_Code/System/CPU_Init.o
 .debug_line    0x00000841      0xdea ./Static_Code/System/Vectors.o
 .debug_line    0x0000162b      0x8dc ./Sources/Events.o
 .debug_line    0x00001f07      0x94f ./Sources/RTC.o
 .debug_line    0x00002856      0x90b ./Sources/Temperature.o
 .debug_line    0x00003161      0x8b9 ./Sources/alerteGSM.o
 .debug_line    0x00003a1a      0x8d8 ./Sources/main.o
 .debug_line    0x000042f2      0x9c6 ./Sources/stockage_information.o
 .debug_line    0x00004cb8      0x3ec ./Project_Settings/Startup_Code/startup.o
 .debug_line    0x000050a4      0x48b ./Generated_Code/ASerialLdd1.o
 .debug_line    0x0000552f      0x3e7 ./Generated_Code/BitIoLdd1.o
 .debug_line    0x00005916      0x3e7 ./Generated_Code/BitIoLdd2.o
 .debug_line    0x00005cfd      0x3e7 ./Generated_Code/BitIoLdd3.o
 .debug_line    0x000060e4      0x3e7 ./Generated_Code/BitIoLdd4.o
 .debug_line    0x000064cb      0x3ee ./Generated_Code/CD1.o
 .debug_line    0x000068b9      0x4f5 ./Generated_Code/CI2C1.o
 .debug_line    0x00006dae      0x7b9 ./Generated_Code/Carte_microSD.o
 .debug_line    0x00007567      0x735 ./Generated_Code/Cpu.o
 .debug_line    0x00007c9c      0x40c ./Generated_Code/ExtIntLdd1.o
 .debug_line    0x000080a8      0x5fd ./Generated_Code/FAT1.o
 .debug_line    0x000086a5      0x4f0 ./Generated_Code/GI2C1.o
 .debug_line    0x00008b95      0x39d ./Generated_Code/Inhr1.o
 .debug_line    0x00008f32      0x6f5 ./Generated_Code/KBI1.o
 .debug_line    0x00009627      0x3c0 ./Generated_Code/KeyISRpin1.o
 .debug_line    0x000099e7      0x6b1 ./Generated_Code/PE_LDD.o
 .debug_line    0x0000a098      0x7b3 ./Generated_Code/SM_micro_sd.o
 .debug_line    0x0000a84b      0x4ae ./Generated_Code/SMasterLdd1.o
 .debug_line    0x0000acf9      0x81b ./Generated_Code/SPI0.o
 .debug_line    0x0000b514      0x3ee ./Generated_Code/SS1.o
 .debug_line    0x0000b902      0x3e3 ./Generated_Code/TMOUT1.o
 .debug_line    0x0000bce5      0x3d6 ./Generated_Code/TU1.o
 .debug_line    0x0000c0bb      0x3d0 ./Generated_Code/TU2.o
 .debug_line    0x0000c48b      0x6d0 ./Generated_Code/TimerCarteSD.o
 .debug_line    0x0000cb5b      0x3d1 ./Generated_Code/TimerIntLdd1.o
 .debug_line    0x0000cf2c      0x3d5 ./Generated_Code/TimerIntLdd2.o
 .debug_line    0x0000d301      0x432 ./Generated_Code/TmDt1.o
 .debug_line    0x0000d733      0xccc ./Generated_Code/UTIL1.o
 .debug_line    0x0000e3ff      0x388 ./Generated_Code/WAIT1.o
 .debug_line    0x0000e787     0x1389 ./Generated_Code/ff.o
 .debug_line    0x0000fb10      0x6d8 ./Generated_Code/interruption_10s.o
 .debug_line    0x000101e8      0x490 ./Generated_Code/uart1.o

.debug_str      0x00000000    0xf116b
 .debug_str     0x00000000    0x82ffc ./Static_Code/System/CPU_Init.o
                              0x8322c (size before relaxing)
 .debug_str     0x00082ffc      0x984 ./Static_Code/System/Vectors.o
                              0x83650 (size before relaxing)
 .debug_str     0x00083980    0x69a97 ./Sources/Events.o
                              0xeb703 (size before relaxing)
 .debug_str     0x000ed417      0x1cb ./Sources/RTC.o
                              0xeb81c (size before relaxing)
 .debug_str     0x000ed5e2       0x72 ./Sources/Temperature.o
                              0xeb763 (size before relaxing)
 .debug_str     0x000ed654       0x25 ./Sources/alerteGSM.o
                              0xeb6dc (size before relaxing)
 .debug_str     0x000ed679       0xfc ./Sources/main.o
                              0xeb867 (size before relaxing)
 .debug_str     0x000ed775      0x1e4 ./Sources/stockage_information.o
                              0xeba45 (size before relaxing)
 .debug_str     0x000ed959      0x1b8 ./Project_Settings/Startup_Code/startup.o
                              0x636a9 (size before relaxing)
 .debug_str     0x000edb11      0x292 ./Generated_Code/ASerialLdd1.o
                              0x7944a (size before relaxing)
 .debug_str     0x000edda3       0xe7 ./Generated_Code/BitIoLdd1.o
                              0x6af98 (size before relaxing)
 .debug_str     0x000ede8a       0xa0 ./Generated_Code/BitIoLdd2.o
                              0x6af9a (size before relaxing)
 .debug_str     0x000edf2a       0xa0 ./Generated_Code/BitIoLdd3.o
                              0x6af9a (size before relaxing)
 .debug_str     0x000edfca       0xa0 ./Generated_Code/BitIoLdd4.o
                              0x6af98 (size before relaxing)
 .debug_str     0x000ee06a       0x7b ./Generated_Code/CD1.o
                              0x6af48 (size before relaxing)
 .debug_str     0x000ee0e5      0x2fc ./Generated_Code/CI2C1.o
                              0x71385 (size before relaxing)
 .debug_str     0x000ee3e1      0x690 ./Generated_Code/Carte_microSD.o
                              0x71c4c (size before relaxing)
 .debug_str     0x000eea71       0x28 ./Generated_Code/Cpu.o
                              0x81ca9 (size before relaxing)
 .debug_str     0x000eea99       0xb8 ./Generated_Code/ExtIntLdd1.o
                              0x6e59f (size before relaxing)
 .debug_str     0x000eeb51       0x8b ./Generated_Code/FAT1.o
                              0x743f0 (size before relaxing)
 .debug_str     0x000eebdc      0x278 ./Generated_Code/GI2C1.o
                              0x6a676 (size before relaxing)
 .debug_str     0x000eee54      0x17a ./Generated_Code/Inhr1.o
                              0x6a1ee (size before relaxing)
 .debug_str     0x000eefce       0x55 ./Generated_Code/KBI1.o
                              0x81cdb (size before relaxing)
 .debug_str     0x000ef023       0x36 ./Generated_Code/KeyISRpin1.o
                              0x6e2ea (size before relaxing)
 .debug_str     0x000ef059      0x166 ./Generated_Code/PE_LDD.o
                              0x81e31 (size before relaxing)
 .debug_str     0x000ef1bf      0x273 ./Generated_Code/SM_micro_sd.o
                              0x821a1 (size before relaxing)
 .debug_str     0x000ef432      0x16d ./Generated_Code/SMasterLdd1.o
                              0x700af (size before relaxing)
 .debug_str     0x000ef59f      0x1d0 ./Generated_Code/SPI0.o
                              0x81f3e (size before relaxing)
 .debug_str     0x000ef76f       0x7b ./Generated_Code/SS1.o
                              0x6af46 (size before relaxing)
 .debug_str     0x000ef7ea       0xed ./Generated_Code/TMOUT1.o
                              0x6a1db (size before relaxing)
 .debug_str     0x000ef8d7      0x16b ./Generated_Code/TU1.o
                              0x7357c (size before relaxing)
 .debug_str     0x000efa42       0x64 ./Generated_Code/TU2.o
                              0x7356e (size before relaxing)
 .debug_str     0x000efaa6       0x3a ./Generated_Code/TimerCarteSD.o
                              0x81caf (size before relaxing)
 .debug_str     0x000efae0       0xb7 ./Generated_Code/TimerIntLdd1.o
                              0x73384 (size before relaxing)
 .debug_str     0x000efb97       0x61 ./Generated_Code/TimerIntLdd2.o
                              0x7337a (size before relaxing)
 .debug_str     0x000efbf8      0x119 ./Generated_Code/TmDt1.o
                              0x6a20e (size before relaxing)
 .debug_str     0x000efd11      0x6f1 ./Generated_Code/UTIL1.o
                              0x6c6a4 (size before relaxing)
 .debug_str     0x000f0402       0x84 ./Generated_Code/WAIT1.o
                              0x6a254 (size before relaxing)
 .debug_str     0x000f0486      0xbf3 ./Generated_Code/ff.o
                               0xb700 (size before relaxing)
 .debug_str     0x000f1079       0x3e ./Generated_Code/interruption_10s.o
                              0x81cb3 (size before relaxing)
 .debug_str     0x000f10b7       0xb4 ./Generated_Code/uart1.o
                              0x6a129 (size before relaxing)

.comment        0x00000000       0x70
 .comment       0x00000000       0x70 ./Static_Code/System/CPU_Init.o
                                 0x71 (size before relaxing)
 .comment       0x00000000       0x71 ./Static_Code/System/Vectors.o
 .comment       0x00000000       0x71 ./Sources/Events.o
 .comment       0x00000000       0x71 ./Sources/RTC.o
 .comment       0x00000000       0x71 ./Sources/Temperature.o
 .comment       0x00000000       0x71 ./Sources/alerteGSM.o
 .comment       0x00000000       0x71 ./Sources/main.o
 .comment       0x00000000       0x71 ./Sources/stockage_information.o
 .comment       0x00000000       0x71 ./Project_Settings/Startup_Code/startup.o
 .comment       0x00000000       0x71 ./Generated_Code/ASerialLdd1.o
 .comment       0x00000000       0x71 ./Generated_Code/BitIoLdd1.o
 .comment       0x00000000       0x71 ./Generated_Code/BitIoLdd2.o
 .comment       0x00000000       0x71 ./Generated_Code/BitIoLdd3.o
 .comment       0x00000000       0x71 ./Generated_Code/BitIoLdd4.o
 .comment       0x00000000       0x71 ./Generated_Code/CD1.o
 .comment       0x00000000       0x71 ./Generated_Code/CI2C1.o
 .comment       0x00000000       0x71 ./Generated_Code/Carte_microSD.o
 .comment       0x00000000       0x71 ./Generated_Code/Cpu.o
 .comment       0x00000000       0x71 ./Generated_Code/ExtIntLdd1.o
 .comment       0x00000000       0x71 ./Generated_Code/FAT1.o
 .comment       0x00000000       0x71 ./Generated_Code/GI2C1.o
 .comment       0x00000000       0x71 ./Generated_Code/Inhr1.o
 .comment       0x00000000       0x71 ./Generated_Code/KBI1.o
 .comment       0x00000000       0x71 ./Generated_Code/KeyISRpin1.o
 .comment       0x00000000       0x71 ./Generated_Code/PE_LDD.o
 .comment       0x00000000       0x71 ./Generated_Code/SM_micro_sd.o
 .comment       0x00000000       0x71 ./Generated_Code/SMasterLdd1.o
 .comment       0x00000000       0x71 ./Generated_Code/SPI0.o
 .comment       0x00000000       0x71 ./Generated_Code/SS1.o
 .comment       0x00000000       0x71 ./Generated_Code/TMOUT1.o
 .comment       0x00000000       0x71 ./Generated_Code/TU1.o
 .comment       0x00000000       0x71 ./Generated_Code/TU2.o
 .comment       0x00000000       0x71 ./Generated_Code/TimerCarteSD.o
 .comment       0x00000000       0x71 ./Generated_Code/TimerIntLdd1.o
 .comment       0x00000000       0x71 ./Generated_Code/TimerIntLdd2.o
 .comment       0x00000000       0x71 ./Generated_Code/TmDt1.o
 .comment       0x00000000       0x71 ./Generated_Code/UTIL1.o
 .comment       0x00000000       0x71 ./Generated_Code/WAIT1.o
 .comment       0x00000000       0x71 ./Generated_Code/ff.o
 .comment       0x00000000       0x71 ./Generated_Code/interruption_10s.o
 .comment       0x00000000       0x71 ./Generated_Code/uart1.o

.debug_frame    0x00000000     0x36ac
 .debug_frame   0x00000000       0x9c ./Static_Code/System/CPU_Init.o
 .debug_frame   0x0000009c      0xcb0 ./Static_Code/System/Vectors.o
 .debug_frame   0x00000d4c       0xd8 ./Sources/Events.o
 .debug_frame   0x00000e24       0xac ./Sources/RTC.o
 .debug_frame   0x00000ed0       0x70 ./Sources/Temperature.o
 .debug_frame   0x00000f40       0x2c ./Sources/alerteGSM.o
 .debug_frame   0x00000f6c       0x30 ./Sources/main.o
 .debug_frame   0x00000f9c       0xe4 ./Sources/stockage_information.o
 .debug_frame   0x00001080       0xc0 ./Project_Settings/Startup_Code/startup.o
 .debug_frame   0x00001140      0x100 ./Generated_Code/ASerialLdd1.o
 .debug_frame   0x00001240       0x9c ./Generated_Code/BitIoLdd1.o
 .debug_frame   0x000012dc       0x9c ./Generated_Code/BitIoLdd2.o
 .debug_frame   0x00001378       0x9c ./Generated_Code/BitIoLdd3.o
 .debug_frame   0x00001414       0x9c ./Generated_Code/BitIoLdd4.o
 .debug_frame   0x000014b0       0xb8 ./Generated_Code/CD1.o
 .debug_frame   0x00001568       0xc4 ./Generated_Code/CI2C1.o
 .debug_frame   0x0000162c      0x2d8 ./Generated_Code/Carte_microSD.o
 .debug_frame   0x00001904       0x50 ./Generated_Code/Cpu.o
 .debug_frame   0x00001954       0xa4 ./Generated_Code/ExtIntLdd1.o
 .debug_frame   0x000019f8      0x188 ./Generated_Code/FAT1.o
 .debug_frame   0x00001b80      0x200 ./Generated_Code/GI2C1.o
 .debug_frame   0x00001d80       0xc0 ./Generated_Code/Inhr1.o
 .debug_frame   0x00001e40       0x80 ./Generated_Code/KBI1.o
 .debug_frame   0x00001ec0       0x30 ./Generated_Code/KeyISRpin1.o
 .debug_frame   0x00001ef0       0x64 ./Generated_Code/PE_LDD.o
 .debug_frame   0x00001f54       0xc0 ./Generated_Code/SM_micro_sd.o
 .debug_frame   0x00002014      0x100 ./Generated_Code/SMasterLdd1.o
 .debug_frame   0x00002114      0x154 ./Generated_Code/SPI0.o
 .debug_frame   0x00002268       0xb8 ./Generated_Code/SS1.o
 .debug_frame   0x00002320       0xd4 ./Generated_Code/TMOUT1.o
 .debug_frame   0x000023f4       0x50 ./Generated_Code/TU1.o
 .debug_frame   0x00002444       0x50 ./Generated_Code/TU2.o
 .debug_frame   0x00002494       0x30 ./Generated_Code/TimerCarteSD.o
 .debug_frame   0x000024c4       0x50 ./Generated_Code/TimerIntLdd1.o
 .debug_frame   0x00002514       0x50 ./Generated_Code/TimerIntLdd2.o
 .debug_frame   0x00002564      0x130 ./Generated_Code/TmDt1.o
 .debug_frame   0x00002694      0x698 ./Generated_Code/UTIL1.o
 .debug_frame   0x00002d2c       0x90 ./Generated_Code/WAIT1.o
 .debug_frame   0x00002dbc      0x6d0 ./Generated_Code/ff.o
 .debug_frame   0x0000348c       0x30 ./Generated_Code/interruption_10s.o
 .debug_frame   0x000034bc      0x13c ./Generated_Code/uart1.o
 .debug_frame   0x000035f8       0x28 c:/freescale/kds_v3/toolchain/bin/../lib/gcc/arm-none-eabi/4.8.4/../../../../arm-none-eabi/lib/armv7e-m/fpu\libg_s.a(lib_a-exit.o)
 .debug_frame   0x00003620       0x2c c:/freescale/kds_v3/toolchain/bin/../lib/gcc/arm-none-eabi/4.8.4/../../../../arm-none-eabi/lib/armv7e-m/fpu\libg_s.a(lib_a-init.o)
 .debug_frame   0x0000364c       0x20 c:/freescale/kds_v3/toolchain/bin/../lib/gcc/arm-none-eabi/4.8.4/../../../../arm-none-eabi/lib/armv7e-m/fpu\libg_s.a(lib_a-memset.o)
 .debug_frame   0x0000366c       0x20 c:/freescale/kds_v3/toolchain/bin/../lib/gcc/arm-none-eabi/4.8.4/../../../../arm-none-eabi/lib/armv7e-m/fpu\libg_s.a(lib_a-strlen.o)
 .debug_frame   0x0000368c       0x20 c:/freescale/kds_v3/toolchain/bin/../lib/gcc/arm-none-eabi/4.8.4/../../../../arm-none-eabi/lib/armv7e-m/fpu\libnosys.a(_exit.o)
